# zmx2 cert hash=20610030026555f9 mode=full atoms=grid depth=40 node_cap=20000000 kappa=1.5 K=30 region=x0-49,y0-49,bins0-3
cover: s = 5/1, 7536 points, 1872 segments, total 522368729933/25000000000 = 20.89474919732
roots: 20000 in region, 0 already done (log), 20000 to run, 10 threads
progress 25/20000 roots, 0s
progress 50/20000 roots, 0s
progress 75/20000 roots, 0s
progress 100/20000 roots, 0s
progress 125/20000 roots, 0s
progress 150/20000 roots, 0s
progress 175/20000 roots, 0s
progress 200/20000 roots, 0s
progress 225/20000 roots, 0s
progress 250/20000 roots, 0s
progress 275/20000 roots, 0s
progress 300/20000 roots, 0s
progress 325/20000 roots, 0s
progress 350/20000 roots, 0s
progress 375/20000 roots, 0s
progress 400/20000 roots, 0s
progress 425/20000 roots, 0s
progress 450/20000 roots, 0s
progress 475/20000 roots, 0s
progress 500/20000 roots, 0s
progress 525/20000 roots, 0s
progress 550/20000 roots, 0s
progress 575/20000 roots, 0s
progress 600/20000 roots, 0s
progress 625/20000 roots, 0s
progress 650/20000 roots, 0s
progress 675/20000 roots, 0s
progress 700/20000 roots, 0s
progress 725/20000 roots, 0s
progress 750/20000 roots, 0s
progress 775/20000 roots, 0s
progress 800/20000 roots, 0s
progress 825/20000 roots, 0s
progress 850/20000 roots, 0s
progress 875/20000 roots, 0s
progress 900/20000 roots, 0s
progress 925/20000 roots, 0s
progress 950/20000 roots, 0s
progress 975/20000 roots, 0s
progress 1000/20000 roots, 0s
progress 1025/20000 roots, 0s
progress 1050/20000 roots, 0s
progress 1075/20000 roots, 0s
progress 1100/20000 roots, 0s
progress 1125/20000 roots, 0s
progress 1150/20000 roots, 0s
progress 1175/20000 roots, 0s
progress 1200/20000 roots, 0s
progress 1225/20000 roots, 0s
progress 1250/20000 roots, 0s
progress 1275/20000 roots, 0s
progress 1300/20000 roots, 0s
progress 1325/20000 roots, 0s
progress 1350/20000 roots, 0s
progress 1375/20000 roots, 0s
progress 1400/20000 roots, 0s
progress 1425/20000 roots, 0s
progress 1450/20000 roots, 0s
progress 1475/20000 roots, 0s
progress 1500/20000 roots, 0s
progress 1525/20000 roots, 0s
progress 1550/20000 roots, 0s
progress 1575/20000 roots, 0s
progress 1600/20000 roots, 0s
progress 1625/20000 roots, 0s
progress 1650/20000 roots, 0s
progress 1675/20000 roots, 0s
progress 1700/20000 roots, 0s
progress 1725/20000 roots, 0s
progress 1750/20000 roots, 0s
progress 1775/20000 roots, 0s
progress 1800/20000 roots, 0s
progress 1825/20000 roots, 0s
progress 1850/20000 roots, 0s
progress 1875/20000 roots, 0s
progress 1900/20000 roots, 0s
progress 1925/20000 roots, 0s
progress 1950/20000 roots, 0s
progress 1975/20000 roots, 0s
progress 2000/20000 roots, 0s
progress 2025/20000 roots, 0s
progress 2050/20000 roots, 0s
progress 2075/20000 roots, 0s
progress 2100/20000 roots, 0s
progress 2125/20000 roots, 0s
progress 2150/20000 roots, 0s
progress 2175/20000 roots, 0s
progress 2200/20000 roots, 0s
progress 2225/20000 roots, 0s
progress 2250/20000 roots, 0s
progress 2275/20000 roots, 0s
progress 2300/20000 roots, 0s
progress 2325/20000 roots, 0s
progress 2350/20000 roots, 0s
progress 2375/20000 roots, 0s
progress 2400/20000 roots, 0s
progress 2425/20000 roots, 0s
progress 2450/20000 roots, 0s
progress 2475/20000 roots, 0s
progress 2500/20000 roots, 0s
progress 2525/20000 roots, 0s
progress 2550/20000 roots, 0s
progress 2575/20000 roots, 0s
progress 2600/20000 roots, 0s
progress 2625/20000 roots, 0s
progress 2650/20000 roots, 1s
progress 2675/20000 roots, 1s
progress 2700/20000 roots, 1s
progress 2725/20000 roots, 1s
progress 2750/20000 roots, 1s
progress 2775/20000 roots, 1s
progress 2800/20000 roots, 1s
progress 2825/20000 roots, 2s
progress 2850/20000 roots, 2s
progress 2875/20000 roots, 2s
progress 2900/20000 roots, 2s
progress 2925/20000 roots, 2s
progress 2950/20000 roots, 2s
progress 2975/20000 roots, 2s
progress 3000/20000 roots, 2s
progress 3025/20000 roots, 2s
progress 3050/20000 roots, 2s
progress 3075/20000 roots, 3s
progress 3100/20000 roots, 3s
progress 3125/20000 roots, 3s
progress 3150/20000 roots, 3s
progress 3175/20000 roots, 3s
progress 3200/20000 roots, 3s
progress 3225/20000 roots, 3s
progress 3250/20000 roots, 3s
progress 3275/20000 roots, 3s
progress 3300/20000 roots, 4s
progress 3325/20000 roots, 4s
progress 3350/20000 roots, 4s
progress 3375/20000 roots, 4s
progress 3400/20000 roots, 4s
progress 3425/20000 roots, 4s
progress 3450/20000 roots, 4s
progress 3475/20000 roots, 4s
progress 3500/20000 roots, 4s
progress 3525/20000 roots, 4s
progress 3550/20000 roots, 4s
progress 3575/20000 roots, 4s
progress 3600/20000 roots, 4s
progress 3625/20000 roots, 4s
progress 3650/20000 roots, 4s
progress 3675/20000 roots, 4s
progress 3700/20000 roots, 4s
progress 3725/20000 roots, 4s
progress 3750/20000 roots, 4s
progress 3775/20000 roots, 4s
progress 3800/20000 roots, 4s
progress 3825/20000 roots, 4s
progress 3850/20000 roots, 4s
progress 3875/20000 roots, 4s
progress 3900/20000 roots, 4s
progress 3925/20000 roots, 4s
progress 3950/20000 roots, 4s
progress 3975/20000 roots, 4s
progress 4000/20000 roots, 4s
progress 4025/20000 roots, 4s
progress 4050/20000 roots, 4s
progress 4075/20000 roots, 4s
progress 4100/20000 roots, 4s
progress 4125/20000 roots, 4s
progress 4150/20000 roots, 4s
progress 4175/20000 roots, 4s
progress 4200/20000 roots, 4s
progress 4225/20000 roots, 4s
progress 4250/20000 roots, 4s
progress 4275/20000 roots, 4s
progress 4300/20000 roots, 4s
progress 4325/20000 roots, 4s
progress 4350/20000 roots, 4s
progress 4375/20000 roots, 4s
progress 4400/20000 roots, 4s
progress 4425/20000 roots, 4s
progress 4450/20000 roots, 4s
progress 4475/20000 roots, 4s
progress 4500/20000 roots, 5s
progress 4525/20000 roots, 5s
progress 4550/20000 roots, 5s
progress 4575/20000 roots, 5s
progress 4600/20000 roots, 5s
progress 4625/20000 roots, 5s
progress 4650/20000 roots, 5s
progress 4675/20000 roots, 5s
progress 4700/20000 roots, 5s
progress 4725/20000 roots, 5s
progress 4750/20000 roots, 5s
progress 4775/20000 roots, 5s
progress 4800/20000 roots, 5s
progress 4825/20000 roots, 5s
progress 4850/20000 roots, 5s
progress 4875/20000 roots, 5s
progress 4900/20000 roots, 5s
progress 4925/20000 roots, 5s
progress 4950/20000 roots, 5s
progress 4975/20000 roots, 5s
progress 5000/20000 roots, 5s
progress 5025/20000 roots, 5s
progress 5050/20000 roots, 5s
progress 5075/20000 roots, 5s
progress 5100/20000 roots, 5s
progress 5125/20000 roots, 6s
progress 5150/20000 roots, 6s
progress 5175/20000 roots, 6s
progress 5200/20000 roots, 6s
progress 5225/20000 roots, 6s
progress 5250/20000 roots, 6s
progress 5275/20000 roots, 6s
progress 5300/20000 roots, 6s
progress 5325/20000 roots, 6s
progress 5350/20000 roots, 6s
progress 5375/20000 roots, 6s
progress 5400/20000 roots, 6s
progress 5425/20000 roots, 6s
progress 5450/20000 roots, 6s
progress 5475/20000 roots, 6s
progress 5500/20000 roots, 6s
progress 5525/20000 roots, 6s
progress 5550/20000 roots, 6s
progress 5575/20000 roots, 6s
progress 5600/20000 roots, 6s
progress 5625/20000 roots, 6s
progress 5650/20000 roots, 6s
progress 5675/20000 roots, 6s
progress 5700/20000 roots, 6s
progress 5725/20000 roots, 6s
progress 5750/20000 roots, 6s
progress 5775/20000 roots, 6s
progress 5800/20000 roots, 6s
progress 5825/20000 roots, 6s
progress 5850/20000 roots, 6s
progress 5875/20000 roots, 6s
progress 5900/20000 roots, 6s
progress 5925/20000 roots, 6s
progress 5950/20000 roots, 6s
progress 5975/20000 roots, 6s
progress 6000/20000 roots, 6s
progress 6025/20000 roots, 6s
progress 6050/20000 roots, 6s
progress 6075/20000 roots, 6s
progress 6100/20000 roots, 6s
progress 6125/20000 roots, 6s
progress 6150/20000 roots, 6s
progress 6175/20000 roots, 6s
progress 6200/20000 roots, 6s
progress 6225/20000 roots, 6s
progress 6250/20000 roots, 6s
progress 6275/20000 roots, 7s
progress 6300/20000 roots, 7s
progress 6325/20000 roots, 7s
progress 6350/20000 roots, 7s
progress 6375/20000 roots, 7s
progress 6400/20000 roots, 7s
progress 6425/20000 roots, 7s
progress 6450/20000 roots, 7s
progress 6475/20000 roots, 7s
progress 6500/20000 roots, 7s
progress 6525/20000 roots, 7s
progress 6550/20000 roots, 7s
progress 6575/20000 roots, 7s
progress 6600/20000 roots, 7s
progress 6625/20000 roots, 7s
progress 6650/20000 roots, 7s
progress 6675/20000 roots, 7s
progress 6700/20000 roots, 7s
progress 6725/20000 roots, 7s
progress 6750/20000 roots, 7s
progress 6775/20000 roots, 7s
progress 6800/20000 roots, 7s
progress 6825/20000 roots, 7s
progress 6850/20000 roots, 7s
progress 6875/20000 roots, 7s
progress 6900/20000 roots, 7s
progress 6925/20000 roots, 7s
progress 6950/20000 roots, 7s
progress 6975/20000 roots, 7s
progress 7000/20000 roots, 7s
progress 7025/20000 roots, 7s
progress 7050/20000 roots, 8s
progress 7075/20000 roots, 8s
progress 7100/20000 roots, 8s
progress 7125/20000 roots, 8s
progress 7150/20000 roots, 8s
progress 7175/20000 roots, 8s
progress 7200/20000 roots, 8s
progress 7225/20000 roots, 8s
progress 7250/20000 roots, 8s
progress 7275/20000 roots, 8s
progress 7300/20000 roots, 8s
progress 7325/20000 roots, 8s
progress 7350/20000 roots, 8s
progress 7375/20000 roots, 8s
progress 7400/20000 roots, 8s
progress 7425/20000 roots, 8s
progress 7450/20000 roots, 8s
progress 7475/20000 roots, 9s
progress 7500/20000 roots, 9s
progress 7525/20000 roots, 9s
progress 7550/20000 roots, 9s
progress 7575/20000 roots, 9s
progress 7600/20000 roots, 9s
progress 7625/20000 roots, 9s
progress 7650/20000 roots, 9s
progress 7675/20000 roots, 9s
progress 7700/20000 roots, 9s
progress 7725/20000 roots, 9s
progress 7750/20000 roots, 9s
progress 7775/20000 roots, 9s
progress 7800/20000 roots, 9s
progress 7825/20000 roots, 9s
progress 7850/20000 roots, 9s
progress 7875/20000 roots, 9s
progress 7900/20000 roots, 9s
progress 7925/20000 roots, 9s
progress 7950/20000 roots, 9s
progress 7975/20000 roots, 9s
progress 8000/20000 roots, 9s
progress 8025/20000 roots, 9s
progress 8050/20000 roots, 9s
progress 8075/20000 roots, 9s
progress 8100/20000 roots, 9s
progress 8125/20000 roots, 9s
progress 8150/20000 roots, 9s
progress 8175/20000 roots, 9s
progress 8200/20000 roots, 9s
progress 8225/20000 roots, 9s
progress 8250/20000 roots, 9s
progress 8275/20000 roots, 9s
progress 8300/20000 roots, 9s
progress 8325/20000 roots, 9s
progress 8350/20000 roots, 9s
progress 8375/20000 roots, 9s
progress 8400/20000 roots, 9s
progress 8425/20000 roots, 9s
progress 8450/20000 roots, 9s
progress 8475/20000 roots, 9s
progress 8500/20000 roots, 9s
progress 8525/20000 roots, 9s
progress 8550/20000 roots, 9s
progress 8575/20000 roots, 9s
progress 8600/20000 roots, 9s
progress 8625/20000 roots, 9s
progress 8650/20000 roots, 9s
progress 8675/20000 roots, 9s
progress 8700/20000 roots, 9s
progress 8725/20000 roots, 9s
progress 8750/20000 roots, 9s
progress 8775/20000 roots, 9s
progress 8800/20000 roots, 9s
progress 8825/20000 roots, 9s
progress 8850/20000 roots, 9s
progress 8875/20000 roots, 9s
progress 8900/20000 roots, 9s
progress 8925/20000 roots, 9s
progress 8950/20000 roots, 9s
progress 8975/20000 roots, 9s
progress 9000/20000 roots, 9s
progress 9025/20000 roots, 9s
progress 9050/20000 roots, 9s
progress 9075/20000 roots, 9s
progress 9100/20000 roots, 9s
progress 9125/20000 roots, 9s
progress 9150/20000 roots, 9s
progress 9175/20000 roots, 9s
progress 9200/20000 roots, 9s
progress 9225/20000 roots, 9s
progress 9250/20000 roots, 9s
progress 9275/20000 roots, 9s
progress 9300/20000 roots, 9s
progress 9325/20000 roots, 9s
progress 9350/20000 roots, 9s
progress 9375/20000 roots, 9s
progress 9400/20000 roots, 9s
progress 9425/20000 roots, 9s
progress 9450/20000 roots, 9s
progress 9475/20000 roots, 9s
progress 9500/20000 roots, 9s
progress 9525/20000 roots, 9s
progress 9550/20000 roots, 9s
progress 9575/20000 roots, 9s
progress 9600/20000 roots, 9s
progress 9625/20000 roots, 9s
progress 9650/20000 roots, 9s
progress 9675/20000 roots, 9s
progress 9700/20000 roots, 9s
progress 9725/20000 roots, 9s
progress 9750/20000 roots, 9s
progress 9775/20000 roots, 9s
progress 9800/20000 roots, 9s
progress 9825/20000 roots, 9s
progress 9850/20000 roots, 9s
progress 9875/20000 roots, 9s
progress 9900/20000 roots, 9s
progress 9925/20000 roots, 9s
progress 9950/20000 roots, 9s
progress 9975/20000 roots, 9s
progress 10000/20000 roots, 9s
progress 10025/20000 roots, 9s
progress 10050/20000 roots, 9s
progress 10075/20000 roots, 9s
progress 10100/20000 roots, 9s
progress 10125/20000 roots, 9s
progress 10150/20000 roots, 9s
progress 10175/20000 roots, 9s
progress 10200/20000 roots, 9s
progress 10225/20000 roots, 9s
progress 10250/20000 roots, 9s
progress 10275/20000 roots, 9s
progress 10300/20000 roots, 9s
progress 10325/20000 roots, 9s
progress 10350/20000 roots, 9s
progress 10375/20000 roots, 9s
progress 10400/20000 roots, 9s
progress 10425/20000 roots, 9s
progress 10450/20000 roots, 9s
progress 10475/20000 roots, 9s
progress 10500/20000 roots, 9s
progress 10525/20000 roots, 9s
progress 10550/20000 roots, 9s
progress 10575/20000 roots, 9s
progress 10600/20000 roots, 9s
progress 10625/20000 roots, 9s
progress 10650/20000 roots, 9s
progress 10675/20000 roots, 9s
progress 10700/20000 roots, 9s
progress 10725/20000 roots, 9s
progress 10750/20000 roots, 9s
progress 10775/20000 roots, 9s
progress 10800/20000 roots, 9s
progress 10825/20000 roots, 9s
progress 10850/20000 roots, 9s
progress 10875/20000 roots, 9s
progress 10900/20000 roots, 9s
progress 10925/20000 roots, 9s
progress 10950/20000 roots, 9s
progress 10975/20000 roots, 9s
progress 11000/20000 roots, 9s
progress 11025/20000 roots, 9s
progress 11050/20000 roots, 9s
progress 11075/20000 roots, 9s
progress 11100/20000 roots, 9s
progress 11125/20000 roots, 9s
progress 11150/20000 roots, 9s
progress 11175/20000 roots, 9s
progress 11200/20000 roots, 9s
progress 11225/20000 roots, 9s
progress 11250/20000 roots, 9s
progress 11275/20000 roots, 9s
progress 11300/20000 roots, 9s
progress 11325/20000 roots, 10s
progress 11350/20000 roots, 10s
progress 11375/20000 roots, 10s
progress 11400/20000 roots, 10s
progress 11425/20000 roots, 10s
progress 11450/20000 roots, 10s
progress 11475/20000 roots, 10s
progress 11500/20000 roots, 10s
progress 11525/20000 roots, 10s
progress 11550/20000 roots, 10s
progress 11575/20000 roots, 10s
progress 11600/20000 roots, 10s
progress 11625/20000 roots, 10s
progress 11650/20000 roots, 10s
progress 11675/20000 roots, 10s
progress 11700/20000 roots, 10s
progress 11725/20000 roots, 10s
progress 11750/20000 roots, 10s
progress 11775/20000 roots, 10s
progress 11800/20000 roots, 10s
progress 11825/20000 roots, 10s
progress 11850/20000 roots, 10s
progress 11875/20000 roots, 10s
progress 11900/20000 roots, 10s
progress 11925/20000 roots, 10s
progress 11950/20000 roots, 10s
progress 11975/20000 roots, 10s
progress 12000/20000 roots, 10s
progress 12025/20000 roots, 10s
progress 12050/20000 roots, 10s
progress 12075/20000 roots, 10s
progress 12100/20000 roots, 10s
progress 12125/20000 roots, 10s
progress 12150/20000 roots, 10s
progress 12175/20000 roots, 10s
progress 12200/20000 roots, 10s
progress 12225/20000 roots, 10s
progress 12250/20000 roots, 10s
progress 12275/20000 roots, 10s
progress 12300/20000 roots, 10s
progress 12325/20000 roots, 10s
progress 12350/20000 roots, 10s
progress 12375/20000 roots, 10s
progress 12400/20000 roots, 10s
progress 12425/20000 roots, 10s
progress 12450/20000 roots, 10s
progress 12475/20000 roots, 10s
progress 12500/20000 roots, 10s
progress 12525/20000 roots, 10s
progress 12550/20000 roots, 10s
progress 12575/20000 roots, 10s
progress 12600/20000 roots, 10s
progress 12625/20000 roots, 10s
progress 12650/20000 roots, 10s
progress 12675/20000 roots, 10s
progress 12700/20000 roots, 11s
progress 12725/20000 roots, 11s
progress 12750/20000 roots, 11s
progress 12775/20000 roots, 11s
progress 12800/20000 roots, 11s
progress 12825/20000 roots, 11s
progress 12850/20000 roots, 11s
progress 12875/20000 roots, 11s
progress 12900/20000 roots, 11s
progress 12925/20000 roots, 11s
progress 12950/20000 roots, 11s
progress 12975/20000 roots, 11s
progress 13000/20000 roots, 11s
progress 13025/20000 roots, 11s
progress 13050/20000 roots, 11s
progress 13075/20000 roots, 12s
progress 13100/20000 roots, 12s
progress 13125/20000 roots, 12s
progress 13150/20000 roots, 12s
progress 13175/20000 roots, 12s
progress 13200/20000 roots, 12s
progress 13225/20000 roots, 12s
progress 13250/20000 roots, 12s
progress 13275/20000 roots, 12s
progress 13300/20000 roots, 12s
progress 13325/20000 roots, 12s
progress 13350/20000 roots, 12s
progress 13375/20000 roots, 12s
progress 13400/20000 roots, 12s
progress 13425/20000 roots, 12s
progress 13450/20000 roots, 12s
progress 13475/20000 roots, 13s
progress 13500/20000 roots, 13s
progress 13525/20000 roots, 13s
progress 13550/20000 roots, 13s
progress 13575/20000 roots, 13s
progress 13600/20000 roots, 13s
progress 13625/20000 roots, 13s
progress 13650/20000 roots, 13s
progress 13675/20000 roots, 13s
progress 13700/20000 roots, 13s
progress 13725/20000 roots, 13s
progress 13750/20000 roots, 13s
progress 13775/20000 roots, 13s
progress 13800/20000 roots, 13s
progress 13825/20000 roots, 13s
progress 13850/20000 roots, 13s
progress 13875/20000 roots, 13s
progress 13900/20000 roots, 13s
progress 13925/20000 roots, 13s
progress 13950/20000 roots, 13s
progress 13975/20000 roots, 13s
progress 14000/20000 roots, 13s
progress 14025/20000 roots, 13s
progress 14050/20000 roots, 13s
progress 14075/20000 roots, 13s
progress 14100/20000 roots, 13s
progress 14125/20000 roots, 13s
progress 14150/20000 roots, 13s
progress 14175/20000 roots, 13s
progress 14200/20000 roots, 13s
progress 14225/20000 roots, 13s
progress 14250/20000 roots, 13s
progress 14275/20000 roots, 13s
progress 14300/20000 roots, 13s
progress 14325/20000 roots, 13s
progress 14350/20000 roots, 13s
progress 14375/20000 roots, 13s
progress 14400/20000 roots, 13s
progress 14425/20000 roots, 13s
progress 14450/20000 roots, 13s
progress 14475/20000 roots, 13s
progress 14500/20000 roots, 13s
progress 14525/20000 roots, 13s
progress 14550/20000 roots, 13s
progress 14575/20000 roots, 13s
progress 14600/20000 roots, 13s
progress 14625/20000 roots, 13s
progress 14650/20000 roots, 13s
progress 14675/20000 roots, 14s
progress 14700/20000 roots, 14s
progress 14725/20000 roots, 14s
progress 14750/20000 roots, 14s
progress 14775/20000 roots, 14s
progress 14800/20000 roots, 14s
progress 14825/20000 roots, 14s
progress 14850/20000 roots, 14s
progress 14875/20000 roots, 14s
progress 14900/20000 roots, 14s
progress 14925/20000 roots, 14s
progress 14950/20000 roots, 14s
progress 14975/20000 roots, 14s
progress 15000/20000 roots, 14s
progress 15025/20000 roots, 14s
progress 15050/20000 roots, 14s
progress 15075/20000 roots, 14s
progress 15100/20000 roots, 15s
progress 15125/20000 roots, 15s
progress 15150/20000 roots, 15s
progress 15175/20000 roots, 15s
progress 15200/20000 roots, 15s
progress 15225/20000 roots, 15s
progress 15250/20000 roots, 15s
progress 15275/20000 roots, 15s
progress 15300/20000 roots, 15s
progress 15325/20000 roots, 15s
progress 15350/20000 roots, 15s
progress 15375/20000 roots, 15s
progress 15400/20000 roots, 15s
progress 15425/20000 roots, 15s
progress 15450/20000 roots, 15s
progress 15475/20000 roots, 15s
progress 15500/20000 roots, 15s
progress 15525/20000 roots, 15s
progress 15550/20000 roots, 15s
progress 15575/20000 roots, 15s
progress 15600/20000 roots, 15s
progress 15625/20000 roots, 15s
progress 15650/20000 roots, 15s
progress 15675/20000 roots, 15s
progress 15700/20000 roots, 15s
progress 15725/20000 roots, 15s
progress 15750/20000 roots, 15s
progress 15775/20000 roots, 16s
progress 15800/20000 roots, 16s
progress 15825/20000 roots, 16s
progress 15850/20000 roots, 16s
progress 15875/20000 roots, 16s
progress 15900/20000 roots, 16s
progress 15925/20000 roots, 16s
progress 15950/20000 roots, 16s
progress 15975/20000 roots, 16s
progress 16000/20000 roots, 16s
progress 16025/20000 roots, 16s
progress 16050/20000 roots, 16s
progress 16075/20000 roots, 16s
progress 16100/20000 roots, 16s
progress 16125/20000 roots, 16s
progress 16150/20000 roots, 16s
progress 16175/20000 roots, 16s
progress 16200/20000 roots, 16s
progress 16225/20000 roots, 16s
progress 16250/20000 roots, 16s
progress 16275/20000 roots, 16s
progress 16300/20000 roots, 16s
progress 16325/20000 roots, 16s
progress 16350/20000 roots, 16s
progress 16375/20000 roots, 16s
progress 16400/20000 roots, 16s
progress 16425/20000 roots, 16s
progress 16450/20000 roots, 16s
progress 16475/20000 roots, 16s
progress 16500/20000 roots, 16s
progress 16525/20000 roots, 16s
progress 16550/20000 roots, 16s
progress 16575/20000 roots, 16s
progress 16600/20000 roots, 16s
progress 16625/20000 roots, 16s
progress 16650/20000 roots, 16s
progress 16675/20000 roots, 16s
progress 16700/20000 roots, 16s
progress 16725/20000 roots, 16s
progress 16750/20000 roots, 16s
progress 16775/20000 roots, 16s
progress 16800/20000 roots, 16s
progress 16825/20000 roots, 16s
progress 16850/20000 roots, 16s
progress 16875/20000 roots, 16s
progress 16900/20000 roots, 17s
progress 16925/20000 roots, 17s
progress 16950/20000 roots, 17s
progress 16975/20000 roots, 17s
progress 17000/20000 roots, 17s
progress 17025/20000 roots, 17s
progress 17050/20000 roots, 17s
progress 17075/20000 roots, 17s
progress 17100/20000 roots, 17s
progress 17125/20000 roots, 17s
progress 17150/20000 roots, 17s
progress 17175/20000 roots, 17s
progress 17200/20000 roots, 17s
progress 17225/20000 roots, 17s
progress 17250/20000 roots, 17s
progress 17275/20000 roots, 17s
progress 17300/20000 roots, 17s
progress 17325/20000 roots, 17s
progress 17350/20000 roots, 18s
progress 17375/20000 roots, 18s
progress 17400/20000 roots, 18s
progress 17425/20000 roots, 18s
progress 17450/20000 roots, 18s
progress 17475/20000 roots, 18s
progress 17500/20000 roots, 18s
progress 17525/20000 roots, 18s
progress 17550/20000 roots, 18s
progress 17575/20000 roots, 18s
progress 17600/20000 roots, 18s
progress 17625/20000 roots, 18s
progress 17650/20000 roots, 18s
progress 17675/20000 roots, 18s
progress 17700/20000 roots, 18s
progress 17725/20000 roots, 18s
progress 17750/20000 roots, 18s
progress 17775/20000 roots, 18s
progress 17800/20000 roots, 18s
progress 17825/20000 roots, 18s
progress 17850/20000 roots, 18s
progress 17875/20000 roots, 18s
progress 17900/20000 roots, 18s
progress 17925/20000 roots, 18s
progress 17950/20000 roots, 18s
progress 17975/20000 roots, 18s
progress 18000/20000 roots, 18s
progress 18025/20000 roots, 18s
progress 18050/20000 roots, 18s
progress 18075/20000 roots, 18s
progress 18100/20000 roots, 18s
progress 18125/20000 roots, 18s
progress 18150/20000 roots, 18s
progress 18175/20000 roots, 18s
progress 18200/20000 roots, 18s
progress 18225/20000 roots, 18s
progress 18250/20000 roots, 18s
progress 18275/20000 roots, 18s
progress 18300/20000 roots, 18s
progress 18325/20000 roots, 18s
progress 18350/20000 roots, 18s
progress 18375/20000 roots, 18s
progress 18400/20000 roots, 18s
progress 18425/20000 roots, 18s
progress 18450/20000 roots, 18s
progress 18475/20000 roots, 18s
progress 18500/20000 roots, 18s
progress 18525/20000 roots, 18s
progress 18550/20000 roots, 18s
progress 18575/20000 roots, 18s
progress 18600/20000 roots, 18s
progress 18625/20000 roots, 18s
progress 18650/20000 roots, 18s
progress 18675/20000 roots, 18s
progress 18700/20000 roots, 18s
progress 18725/20000 roots, 18s
progress 18750/20000 roots, 19s
progress 18775/20000 roots, 19s
progress 18800/20000 roots, 19s
progress 18825/20000 roots, 19s
progress 18850/20000 roots, 19s
progress 18875/20000 roots, 19s
progress 18900/20000 roots, 19s
progress 18925/20000 roots, 19s
progress 18950/20000 roots, 19s
progress 18975/20000 roots, 19s
progress 19000/20000 roots, 19s
progress 19025/20000 roots, 19s
progress 19050/20000 roots, 19s
progress 19075/20000 roots, 19s
progress 19100/20000 roots, 19s
progress 19125/20000 roots, 19s
progress 19150/20000 roots, 19s
progress 19175/20000 roots, 19s
progress 19200/20000 roots, 19s
progress 19225/20000 roots, 19s
progress 19250/20000 roots, 19s
progress 19275/20000 roots, 19s
progress 19300/20000 roots, 19s
progress 19325/20000 roots, 19s
progress 19350/20000 roots, 19s
progress 19375/20000 roots, 19s
progress 19400/20000 roots, 19s
progress 19425/20000 roots, 19s
progress 19450/20000 roots, 19s
progress 19475/20000 roots, 19s
progress 19500/20000 roots, 19s
progress 19525/20000 roots, 19s
progress 19550/20000 roots, 19s
progress 19575/20000 roots, 19s
progress 19600/20000 roots, 19s
progress 19625/20000 roots, 19s
progress 19650/20000 roots, 19s
progress 19675/20000 roots, 19s
progress 19700/20000 roots, 19s
progress 19725/20000 roots, 19s
progress 19750/20000 roots, 19s
progress 19775/20000 roots, 19s
progress 19800/20000 roots, 19s
progress 19825/20000 roots, 19s
progress 19850/20000 roots, 19s
progress 19875/20000 roots, 19s
progress 19900/20000 roots, 19s
progress 19925/20000 roots, 19s
progress 19950/20000 roots, 19s
progress 19975/20000 roots, 19s
progress 20000/20000 roots, 20s
done in 20s wall: roots 20000 (missing 0), boxes 14709448, certified 7164300, empty 200424, uncertified 0, max depth 27, cpu 183s
VERIFIED: every closed unit square in [0,s]^2 has mu >= 1 (unreduced sweep, all roots)
