2 ['19/10'] ['0', '1/16384'] ms=1.090958684 plus False m6 True None [(0, 'std', None)] 2.5
4 ['861/320'] ['51/125', '56/125'] ms=1.134174306 plus False m6 True None none 0.8
6 ['9/10'] ['31/256', '1/8'] ms=1.248446849 plus False m6 True None none 3.2
7 ['139/40'] ['0', '1/16384'] ms=1.078339560 plus False m6 True None [(1, 'std', None)] 0.6
8 ['3/5'] ['0', '1/16'] ms=1.042939904 plus False m6 True None none 6.3
9 ['151/160'] ['3/16', '1/4'] ms=1.368290371 plus False m6 True None none 2.4
10 ['111/160'] ['1/8', '33/256'] ms=1.035676381 plus False m6 True None none 0.7
11 ['57/80'] ['17/64', '9/32'] ms=1.110375656 plus False m6 True None none 0.9
12 ['101/40'] ['51/125', '413/1000'] ms=1.014915614 plus False m6 True None [(1, 'std', None)] 0.5
13 ['11/10'] ['33/128', '67/256'] ms=1.502165484 plus False m6 True None none 0.5
14 ['21/10'] ['0', '1/16384'] ms=1.100442654 plus False m6 True None [(0, 'std', None)] 1.0
15 ['41/20'] ['1/4', '5/16'] ms=1.095945841 plus False m6 False True [(1, 'std', None), (0, 'xcut', 'hi')] 4.5
16 ['41/40'] ['21/128', '11/64'] ms=1.332803522 plus False m6 True None none 1.0
17 ['11/10'] ['3/64', '1/16'] ms=1.323156560 plus False m6 True None none 14.7
18 ['5/2'] ['0', '1/16'] ms=1.056150697 plus False m6 True None [(1, 'std', None)] 143.9
19 ['27/40'] ['0', '1/16'] ms=0.992976881 plus False m6 False True none 51.0
20 ['71/64'] ['1/8', '5/32'] ms=1.252222636 plus False m6 True None none 0.8
21 ['41/40'] ['0', '1/2048'] ms=1.249367966 plus False m6 True None none 0.7
22 ['449/320'] ['389/1000', '429/1000'] ms=1.243997910 plus False m6 False False [(0, 'tan', Fraction(1, 1)), (1, 'std',  1.3
23 ['19/10'] ['0', '1/64'] ms=1.012924042 plus False m6 True None [(0, 'std', None), (1, 'std', None), (2, 16.6
24 ['3/5'] ['31/256', '1/8'] ms=0.961529427 plus False m6 False True none 3.0
25 ['19/10'] ['3/32', '1/8'] ms=1.151314663 plus False m6 True None [(0, 'std', None)] 6.3
26 ['16/5'] ['3/16', '1/4'] ms=1.240796303 plus False m6 False False none 17.7
29 ['43/20'] ['0', '1/16'] ms=1.102294880 plus False m6 False True [(0, 'std', None), (1, 'std', None), (2, 107.7
30 ['11/10'] ['23/128', '47/256'] ms=1.383488036 plus False m6 True None none 1.4
31 ['27/20'] ['0', '1/2048'] ms=1.239461457 plus False m6 True None none 0.5
32 ['11/10'] ['0', '1/16384'] ms=1.318346131 plus False m6 True None none 6.2
33 ['7/5'] ['0', '1/16384'] ms=0.995513841 plus False m6 True None [(0, 'std', None)] 3.7
34 ['379/160'] ['397/1000', '417/1000'] ms=1.119083469 plus False m6 True None [(1, 'std', None), (0, 'xcut', 'hi')] 1.0
38 ['11/10'] ['1/32', '1/16'] ms=1.454883891 plus False m6 True None none 2.0
39 ['107/80'] ['3/16', '7/32'] ms=1.506039800 plus False m6 True None none 2.5
40 ['3'] ['1/16', '3/32'] ms=1.329587324 plus False m6 True None none 15.5
42 ['501/160'] ['5/16', '3/8'] ms=1.362195626 plus False m6 False False [(1, 'tan', Fraction(1, 1))] 1.2
43 ['12/5'] ['3/16', '7/32'] ms=1.084281024 plus False m6 True None [(1, 'std', None), (0, 'xcut', 'hi')] 6.4
44 ['103/40'] ['407/1000', '103/250'] ms=1.401673099 plus False m6 True None none 0.6
45 ['351/160'] ['19/128', '39/256'] ms=1.157390550 plus False m6 True None none 0.7
46 ['2'] ['0', '1/2048'] ms=1.488299467 plus False m6 True None none 0.7
47 ['131/160'] ['3/8', '13/32'] ms=1.239771133 plus False m6 True None none 0.6
48 ['4/5'] ['0', '1/256'] ms=1.382275787 plus False m6 True None none 0.3
49 ['43/80'] ['0', '1/16384'] ms=1.293485180 plus False m6 True None none 0.3
50 ['13/8'] ['1/4', '5/16'] ms=1.070746327 plus False m6 False False [(0, 'std', None), (1, 'std', None), (2, 3.8
52 ['23/10'] ['0', '1/64'] ms=1.420203128 plus False m6 True None none 9.9
53 ['261/160'] ['5/16', '3/8'] ms=1.069772800 plus False m6 False False [(0, 'tan', Fraction(5686069, 6564160)), 1.3
54 ['29/40'] ['0', '1/256'] ms=1.122061577 plus False m6 True None none 2.0
55 ['16/5'] ['1/16', '1/8'] ms=1.028860261 plus False m6 False False none 0.1
56 ['13/5'] ['0', '1/64'] ms=1.000000000 plus False m6 True None [] 1.1
57 ['15/8'] ['0', '1/16384'] ms=1.114712909 plus False m6 True None [(0, 'std', None)] 0.9
58 ['51/40'] ['0', '1/64'] ms=1.325741077 plus False m6 True None none 0.6
59 ['407/320'] ['0', '1/64'] ms=1.395165954 plus False m6 True None none 6.6
61 ['183/80'] ['0', '1/256'] ms=1.360006658 plus False m6 True None none 3.4
62 ['21/40'] ['0', '1/16384'] ms=1.002672805 plus False m6 True None none 0.5
63 ['261/80'] ['1/32', '3/64'] ms=1.000000000 plus False m6 True None [] 0.4
64 ['6/5'] ['0', '1/256'] ms=1.399210912 plus False m6 False False [(0, 'tan', Fraction(1, 1))] 1.0
65 ['19/10'] ['0', '1/16384'] ms=1.150510974 plus False m6 False True [(0, 'std', None), (1, 'std', None), (2, 2.8
66 ['9/4'] ['1/4', '5/16'] ms=1.042455669 plus False m6 False False [(0, 'std', None), (1, 'std', None)] 1.8
67 ['4/5'] ['0', '1/16384'] ms=1.117104616 plus False m6 True None none 0.3
68 ['67/20'] ['0', '1/16'] ms=1.000000000 plus False m6 True None [(1, 'std', None)] 24.0
70 ['97/80'] ['0', '1/64'] ms=1.378547191 plus False m6 True None none 5.5
71 ['23/10'] ['7/64', '29/256'] ms=1.138168159 plus False m6 True None [(1, 'std', None), (0, 'xcut', 'hi')] 3.6
72 ['2'] ['0', '1/16'] ms=1.130957226 plus False m6 False True [(0, 'std', None)] 119.1
73 ['29/16'] ['399/1000', '419/1000'] ms=1.065072459 plus False m6 False False [(0, 'std', None), (1, 'tan', Fraction(1 1.2
74 ['7/10'] ['0', '1/64'] ms=1.091951017 plus False m6 True None none 3.6
75 ['83/80'] ['0', '1/256'] ms=1.221812368 plus False m6 True None none 4.7
76 ['15/16'] ['0', '1/16384'] ms=1.146333467 plus False m6 True None none 0.6
77 ['23/40'] ['0', '1/64'] ms=1.078968984 plus False m6 True None none 2.2
78 ['7/10'] ['391/1000', '431/1000'] ms=1.199256248 plus False m6 False False none 2.2
79 ['61/20'] ['0', '1/16384'] ms=1.000000000 plus False m6 True None [] 0.4
81 ['387/320'] ['27/256', '7/64'] ms=1.697540005 plus False m6 False False [(0, 'tan', Fraction(1, 1)), (1, 'tan',  0.9
82 ['21/10'] ['11/128', '3/32'] ms=1.143049630 plus False m6 True None [(0, 'std', None)] 0.9
85 ['2'] ['5/16', '21/64'] ms=1.167179929 plus False m6 True None none 0.9
86 ['173/160'] ['1/8', '3/16'] ms=1.291147155 plus False m6 True None none 2.9
87 ['27/10'] ['0', '1/2048'] ms=1.087672855 plus False m6 True None none 1.2
88 ['11/20'] ['0', '1/16384'] ms=0.985453693 plus False m6 True None none 0.6
89 ['53/40'] ['9/32', '37/128'] ms=1.137598776 plus False m6 False False [(0, 'tan', Fraction(1, 1)), (1, 'std',  1.3
90 ['9/5'] ['203/500', '411/1000'] ms=1.360151441 plus False m6 False False [(0, 'std', None), (1, 'tan', Fraction(1 1.3
91 ['59/20'] ['9/32', '5/16'] ms=1.102567805 plus False m6 False True [(1, 'tan', Fraction(1, 1))] 1.9
92 ['37/20'] ['0', '1/16'] ms=1.068589448 plus False m6 True None [(0, 'std', None)] 72.7
93 ['17/8'] ['13/64', '53/256'] ms=1.127278723 plus False m6 True None none 1.0
94 ['9/8'] ['51/125', '56/125'] ms=1.213729852 plus False m6 False False [(0, 'tan', Fraction(1, 1)), (1, 'tan',  1.2
95 ['121/80'] ['19/64', '39/128'] ms=1.010752560 plus False m6 False False [(0, 'tan', Fraction(4991018471, 5107365 1.3
96 ['93/40'] ['25/256', '13/128'] ms=1.475492991 plus False m6 False False [(0, 'std', None), (1, 'tan', Fraction(1 1.3
97 ['21/10'] ['0', '1/16384'] ms=1.100442654 plus False m6 True None [(0, 'std', None)] 2.6
98 ['31/20'] ['0', '1/16'] ms=1.007302763 plus False m6 True None [(0, 'std', None)] 58.9
99 ['12/5'] ['7/64', '29/256'] ms=1.008826819 plus False m6 True None [(1, 'std', None)] 1.3
100 ['377/320'] ['1/16', '3/32'] ms=1.275162576 plus False m6 True None none 1.6
102 ['9/5'] ['0', '1/16384'] ms=1.088507940 plus False m6 True None [(0, 'std', None), (1, 'std', None), (2, 3.5
104 ['37/20'] ['5/16', '3/8'] ms=1.043641798 plus False m6 False False [(0, 'std', None), (1, 'tan', Fraction(1 1.3
105 ['167/80'] ['101/250', '53/125'] ms=1.137437852 plus False m6 True None none 0.8
106 ['137/40'] ['41/100', '9/20'] ms=1.153696745 plus False m6 False False [(1, 'tan', Fraction(1, 1))] 1.2
107 ['7/10'] ['1/64', '3/128'] ms=1.036447577 plus False m6 True None none 1.1
108 ['239/160'] ['0', '1/2048'] ms=1.408764131 plus False m6 True None [(0, 'std', None), (1, 'std', None), (2, 3.8
109 ['7/10'] ['19/64', '5/16'] ms=1.216259761 plus False m6 True None none 0.8
110 ['6/5'] ['1/8', '33/256'] ms=1.316863690 plus False m6 False False [(0, 'tan', Fraction(1, 1)), (1, 'std',  1.3
111 ['4/5'] ['1/32', '3/64'] ms=1.374490198 plus False m6 True None none 2.2
114 ['99/40'] ['0', '1/16384'] ms=1.429158855 plus False m6 True None none 0.7
115 ['47/20'] ['1/4', '9/32'] ms=1.061744321 plus False m6 True None [(1, 'std', None), (0, 'xcut', 'hi')] 1.6
116 ['31/10'] ['0', '1/64'] ms=1.043895251 plus False m6 True None [(1, 'std', None)] 7.8
117 ['39/16'] ['0', '1/16'] ms=0.994628886 plus False m6 False False none 0.1
118 ['37/16'] ['5/16', '21/64'] ms=1.105140923 plus False m6 True None [(0, 'std', None)] 1.0
120 ['559/320'] ['0', '1/2048'] ms=1.259581066 plus False m6 True None [(0, 'std', None), (1, 'std', None), (2, 1.9
121 ['21/8'] ['0', '1/2048'] ms=1.400772688 plus False m6 True None none 0.5
122 ['411/160'] ['387/1000', '397/1000'] ms=1.446947249 plus False m6 True None none 0.8
123 ['11/10'] ['0', '1/16384'] ms=1.216032904 plus False m6 True None none 0.9
124 ['37/20'] ['403/1000', '423/1000'] ms=1.234521644 plus False m6 False False [(0, 'std', None), (1, 'std', None)] 1.3
125 ['97/40'] ['399/1000', '419/1000'] ms=1.040726367 plus False m6 True None [(0, 'std', None)] 0.5
126 ['7/10'] ['0', '1/64'] ms=1.094584671 plus False m6 True None none 7.5
127 ['137/40'] ['5/16', '3/8'] ms=1.154344562 plus False m6 True None none 2.6
128 ['12/5'] ['0', '1/16384'] ms=1.369462075 plus False m6 True None none 2.0
129 ['3/5'] ['0', '1/16'] ms=1.042939904 plus False m6 True None none 6.0
130 ['3/4'] ['0', '1/64'] ms=1.055339335 plus False m6 True None none 0.4
131 ['11/5'] ['0', '1/64'] ms=1.041060746 plus False m6 True None [(0, 'std', None)] 6.0
132 ['21/10'] ['0', '1/16'] ms=1.065518931 plus False m6 True None [(0, 'std', None), (1, 'std', None), (2, 88.5
134 ['159/80'] ['0', '1/256'] ms=1.109591828 plus False m6 True None [(0, 'std', None), (1, 'std', None), (2, 3.1
135 ['117/160'] ['15/64', '61/256'] ms=1.148865000 plus False m6 True None none 0.6
136 ['79/40'] ['25/256', '13/128'] ms=1.179867879 plus False m6 False True [(0, 'std', None), (1, 'std', None), (2, 3.1
137 ['43/80'] ['0', '1/256'] ms=0.970292552 plus False m6 True None none 2.3
138 ['41/20'] ['0', '1/64'] ms=1.153582422 plus False m6 True None [(0, 'std', None)] 3.5
139 ['41/20'] ['0', '1/16384'] ms=1.171508089 plus False m6 True None none 1.9
140 ['79/32'] ['0', '1/2048'] ms=1.312875736 plus False m6 True None none 0.7
141 ['27/10'] ['1/4', '9/32'] ms=1.054691464 plus False m6 True None [(1, 'std', None)] 4.7
142 ['91/32'] ['5/16', '11/32'] ms=1.438515706 plus False m6 True None none 1.1
143 ['69/20'] ['0', '1/2048'] ms=1.000000000 plus False m6 True None [] 0.4
144 ['49/20'] ['3/8', '97/256'] ms=1.111722426 plus False m6 True None [(1, 'std', None), (0, 'xcut', 'hi')] 1.2
145 ['17/20'] ['11/32', '3/8'] ms=1.368090642 plus False m6 True None none 0.8
146 ['11/5'] ['387/1000', '49/125'] ms=1.111812827 plus False m6 False False [(0, 'std', None), (1, 'tan', Fraction(6 1.3
147 ['43/40'] ['5/16', '11/32'] ms=1.405516766 plus False m6 False False [(0, 'tan', Fraction(1, 1))] 1.2
148 ['37/20'] ['0', '1/2048'] ms=1.105260906 plus False m6 True None [(0, 'std', None), (1, 'std', None), (2, 3.7
150 ['31/10'] ['2/5', '21/50'] ms=1.306600823 plus False m6 False False [(1, 'std', None)] 2.6
151 ['141/80'] ['3/32', '1/8'] ms=1.021951139 plus False m6 True None [(0, 'std', None)] 4.3
152 ['11/20'] ['0', '1/16'] ms=1.023400851 plus False m6 False False none 0.1
153 ['21/10'] ['5/16', '3/8'] ms=1.175155509 plus False m6 False False [(1, 'std', None), (0, 'xcut', 'hi')] 58.2
154 ['49/32'] ['0', '1/16384'] ms=1.365597128 plus False m6 True None none 0.5
155 ['8/5'] ['1/128', '3/256'] ms=1.009838202 plus False m6 True None [(0, 'std', None), (1, 'std', None), (2, 9.0
156 ['107/80'] ['197/500', '207/500'] ms=1.103223522 plus False m6 False False [(0, 'tan', Fraction(1, 1)), (1, 'tan',  1.2
157 ['113/40'] ['1/64', '1/32'] ms=1.046637518 plus False m6 True None none 1.5
158 ['7/5'] ['1/32', '5/128'] ms=1.224453470 plus False m6 False True [(0, 'std', None), (1, 'std', None), (2, 5.1
159 ['17/5'] ['9/32', '5/16'] ms=1.000000000 plus False m6 True None [] 0.5
160 ['6/5'] ['0', '1/16384'] ms=1.582623988 plus False m6 True None none 0.5
161 ['71/40'] ['49/128', '25/64'] ms=1.087447826 plus False m6 False True [(0, 'std', None), (1, 'std', None), (2, 2.0
162 ['11/10'] ['0', '1/256'] ms=1.247625828 plus False m6 True None none 2.2
163 ['13/8'] ['29/256', '15/128'] ms=1.036379417 plus False m6 True None [(0, 'std', None), (1, 'std', None), (2, 1.9
165 ['391/160'] ['5/16', '3/8'] ms=1.143120467 plus False m6 False False [(0, 'std', None), (1, 'tan', Fraction(1 1.3
166 ['11/10'] ['3/32', '1/8'] ms=1.317163768 plus False m6 True None none 9.7
167 ['429/320'] ['3/16', '1/4'] ms=1.300127642 plus False m6 True None none 1.6
168 ['7/10'] ['7/64', '1/8'] ms=1.140364939 plus False m6 True None none 1.9
169 ['513/320'] ['0', '1/2048'] ms=1.064527616 plus False m6 True None [(0, 'std', None), (1, 'std', None), (2, 1.4
170 ['51/40'] ['397/1000', '437/1000'] ms=1.028823908 plus False m6 False False [(0, 'tan', Fraction(1, 1)), (1, 'tan',  1.1
171 ['627/320'] ['1/4', '5/16'] ms=1.076466308 plus False m6 False False [(0, 'std', None), (1, 'std', None)] 1.1
172 ['123/80'] ['97/250', '51/125'] ms=1.169207916 plus False m6 False False [(0, 'tan', Fraction(100967178037, 10484 1.2
173 ['33/10'] ['19/64', '77/256'] ms=1.092890476 plus False m6 True None none 1.4
174 ['3/2'] ['403/1000', '413/1000'] ms=1.001036962 plus False m6 False False [(0, 'tan', Fraction(3144101471383, 3201 1.3
175 ['343/160'] ['1/32', '1/16'] ms=1.092917306 plus False m6 True None [(0, 'std', None)] 6.8
176 ['5/4'] ['1/8', '33/256'] ms=1.667268626 plus False m6 False False [(0, 'tan', Fraction(1, 1)), (1, 'tan',  0.9
179 ['47/20'] ['0', '1/256'] ms=1.000000000 plus False m6 True None [] 0.4
181 ['17/10'] ['0', '1/2048'] ms=1.059662779 plus False m6 False True [(0, 'std', None), (1, 'std', None), (2, 6.9
182 ['13/5'] ['0', '1/256'] ms=1.144413565 plus False m6 True None [(1, 'std', None)] 2.6
183 ['83/40'] ['1/16', '1/8'] ms=1.270747250 plus False m6 False False [(0, 'std', None), (1, 'std', None)] 1.2
184 ['23/10'] ['0', '1/16'] ms=1.132672175 plus False m6 True None [(1, 'std', None), (0, 'xcut', 'hi')] 58.8
185 ['43/20'] ['43/128', '87/256'] ms=1.230843168 plus False m6 False True [(1, 'std', None), (0, 'xcut', 'hi')] 4.2
186 ['149/80'] ['5/32', '21/128'] ms=1.142301722 plus False m6 False True [(0, 'std', None), (1, 'std', None), (2, 2.0
187 ['271/160'] ['5/16', '41/128'] ms=1.041299300 plus False m6 False False [(0, 'std', None), (1, 'tan', Fraction(6 1.3
188 ['23/10'] ['99/250', '109/250'] ms=1.049815256 plus False m6 True None none 4.6
189 ['109/160'] ['0', '1/16'] ms=1.031136383 plus False m6 True None none 23.1
190 ['11/16'] ['1/16', '1/8'] ms=1.177271428 plus False m6 True None none 7.2
192 ['6/5'] ['403/1000', '51/125'] ms=1.254622491 plus False m6 False False [(0, 'tan', Fraction(1, 1)), (1, 'tan',  1.2
193 ['517/160'] ['101/256', '51/128'] ms=1.000000000 plus False m6 True None [] 0.4
194 ['8/5'] ['1/8', '9/64'] ms=1.020264196 plus False m6 False True [(0, 'std', None), (1, 'std', None), (2, 16.0
195 ['21/10'] ['0', '1/2048'] ms=1.256532721 plus False m6 True None [(0, 'std', None), (1, 'std', None), (2, 1.9
196 ['1'] ['99/250', '109/250'] ms=1.476392996 plus False m6 False False [(0, 'tan', Fraction(1, 1)), (1, 'std',  1.2
197 ['27/8'] ['0', '1/64'] ms=1.261644669 plus False m6 True None none 7.7
198 ['629/320'] ['1/16', '17/256'] ms=1.124682733 plus False m6 True None [(0, 'std', None), (1, 'std', None), (2, 1.7
199 ['11/10'] ['0', '1/64'] ms=1.297129329 plus False m6 True None none 2.3
200 ['13/5'] ['51/128', '13/32'] ms=1.023560485 plus False m6 True None [(1, 'std', None)] 1.0
201 ['539/160'] ['1/4', '9/32'] ms=1.000000000 plus False m6 True None [] 0.4
