['17/5', '7/2', '1/10', '1/5', '1/8', '3/16'] leaves 1 slabs 1 degen 1 ['EMPTY'] stats_same True kinds_ok True slab_ok True tile(vol) True disjoint True 0s
['3', '31/10', '5/2', '13/5', '3/8', '7/16'] leaves 1 slabs 0 degen 0 [] stats_same True kinds_ok True slab_ok True tile(vol) True disjoint True 0s
['33/10', '17/5', '27/10', '14/5', '7/16', '1/2'] leaves 1 slabs 0 degen 0 [] stats_same True kinds_ok True slab_ok True tile(vol) True disjoint True 0s
['3', '31/10', '3/5', '7/10', '3/8', '7/16'] leaves 1 slabs 0 degen 0 [] stats_same True kinds_ok True slab_ok True tile(vol) True disjoint True 0s
['1/10', '1/5', '23/10', '12/5', '1/16', '1/8'] leaves 1 slabs 1 degen 1 ['EMPTY'] stats_same True kinds_ok True slab_ok True tile(vol) True disjoint True 0s
['1/5', '3/10', '12/5', '5/2', '1/16', '1/8'] leaves 1 slabs 1 degen 1 ['EMPTY'] stats_same True kinds_ok True slab_ok True tile(vol) True disjoint True 0s
['1/5', '3/10', '17/10', '9/5', '3/16', '1/4'] leaves 1 slabs 1 degen 1 ['EMPTY'] stats_same True kinds_ok True slab_ok True tile(vol) True disjoint True 0s
['1', '11/10', '12/5', '5/2', '1/16', '1/8'] leaves 1 slabs 0 degen 0 [] stats_same True kinds_ok True slab_ok True tile(vol) True disjoint True 0s
['29/10', '3', '27/10', '14/5', '3/8', '7/16'] leaves 1 slabs 0 degen 0 [] stats_same True kinds_ok True slab_ok True tile(vol) True disjoint True 0s
['2/5', '1/2', '33/10', '17/5', '5/16', '3/8'] leaves 1 slabs 1 degen 1 ['EMPTY'] stats_same True kinds_ok True slab_ok True tile(vol) True disjoint True 0s
['13/5', '27/10', '0', '1/10', '3/16', '1/4'] leaves 1 slabs 1 degen 1 ['EMPTY'] stats_same True kinds_ok True slab_ok True tile(vol) True disjoint True 0s
['14/5', '29/10', '29/10', '3', '3/16', '1/4'] leaves 1 slabs 0 degen 0 [] stats_same True kinds_ok True slab_ok True tile(vol) True disjoint True 0s
['23/10', '12/5', '0', '1/10', '0', '1/16'] leaves 1 slabs 1 degen 1 ['EMPTY'] stats_same True kinds_ok True slab_ok True tile(vol) True disjoint True 0s
['3', '31/10', '11/10', '6/5', '3/8', '7/16'] leaves 1 slabs 0 degen 0 [] stats_same True kinds_ok True slab_ok True tile(vol) True disjoint True 0s
['4/5', '9/10', '17/5', '7/2', '1/16', '1/8'] leaves 1 slabs 0 degen 0 [] stats_same True kinds_ok True slab_ok True tile(vol) True disjoint True 1s
['7/10', '4/5', '17/10', '9/5', '7/16', '1/2'] leaves 1 slabs 0 degen 0 [] stats_same True kinds_ok True slab_ok True tile(vol) True disjoint True 1s
['2', '21/10', '1/2', '3/5', '7/16', '1/2'] leaves 1 slabs 0 degen 0 [] stats_same True kinds_ok True slab_ok True tile(vol) True disjoint True 1s
['3/5', '7/10', '1', '11/10', '3/16', '1/4'] leaves 1 slabs 0 degen 0 [] stats_same True kinds_ok True slab_ok True tile(vol) True disjoint True 1s
['2', '21/10', '3/5', '7/10', '7/16', '1/2'] leaves 1 slabs 0 degen 0 [] stats_same True kinds_ok True slab_ok True tile(vol) True disjoint True 1s
['1/10', '1/5', '1/5', '3/10', '1/8', '3/16'] leaves 1 slabs 1 degen 1 ['EMPTY'] stats_same True kinds_ok True slab_ok True tile(vol) True disjoint True 1s
['19/10', '2', '3/5', '7/10', '3/8', '7/16'] leaves 1 slabs 0 degen 0 [] stats_same True kinds_ok True slab_ok True tile(vol) True disjoint True 1s
['23/10', '12/5', '6/5', '13/10', '1/16', '1/8'] leaves 1 slabs 0 degen 0 [] stats_same True kinds_ok True slab_ok True tile(vol) True disjoint True 1s
['2/5', '1/2', '9/5', '19/10', '5/16', '3/8'] leaves 1 slabs 1 degen 1 ['EMPTY'] stats_same True kinds_ok True slab_ok True tile(vol) True disjoint True 1s
['6/5', '13/10', '27/10', '14/5', '1/8', '3/16'] leaves 1 slabs 0 degen 0 [] stats_same True kinds_ok True slab_ok True tile(vol) True disjoint True 1s
['21/10', '11/5', '13/10', '7/5', '3/16', '1/4'] leaves 1 slabs 0 degen 0 [] stats_same True kinds_ok True slab_ok True tile(vol) True disjoint True 1s
['11/10', '6/5', '11/5', '23/10', '5/16', '3/8'] leaves 1 slabs 0 degen 0 [] stats_same True kinds_ok True slab_ok True tile(vol) True disjoint True 2s
['14/5', '29/10', '21/10', '11/5', '0', '1/16'] leaves 8 slabs 0 degen 0 [] stats_same True kinds_ok True slab_ok True tile(vol) True disjoint True 3s
['5/2', '13/5', '7/5', '3/2', '1/4', '5/16'] leaves 5 slabs 0 degen 0 [] stats_same True kinds_ok True slab_ok True tile(vol) True disjoint True 5s
['3', '31/10', '19/10', '2', '3/8', '7/16'] leaves 5 slabs 0 degen 0 [] stats_same True kinds_ok True slab_ok True tile(vol) True disjoint True 6s
['8/5', '17/10', '1/10', '1/5', '3/8', '7/16'] leaves 1 slabs 0 degen 0 [] stats_same True kinds_ok True slab_ok True tile(vol) True disjoint True 6s
['33/10', '17/5', '29/10', '3', '1/4', '5/16'] leaves 1 slabs 0 degen 0 [] stats_same True kinds_ok True slab_ok True tile(vol) True disjoint True 6s
['11/10', '6/5', '1/5', '3/10', '0', '1/16'] leaves 1 slabs 1 degen 1 ['EMPTY'] stats_same True kinds_ok True slab_ok True tile(vol) True disjoint True 6s
['17/10', '9/5', '21/10', '11/5', '1/8', '3/16'] leaves 7 slabs 0 degen 0 [] stats_same True kinds_ok True slab_ok True tile(vol) True disjoint True 7s
['33/10', '17/5', '3/5', '7/10', '7/16', '1/2'] leaves 1 slabs 0 degen 0 [] stats_same True kinds_ok True slab_ok True tile(vol) True disjoint True 7s
['13/10', '7/5', '3/5', '7/10', '1/4', '5/16'] leaves 1 slabs 0 degen 0 [] stats_same True kinds_ok True slab_ok True tile(vol) True disjoint True 8s
['3/2', '8/5', '7/5', '3/2', '1/8', '3/16'] leaves 8 slabs 0 degen 0 [] stats_same True kinds_ok True slab_ok True tile(vol) True disjoint True 11s
['4/5', '9/10', '0', '1/10', '3/16', '1/4'] leaves 1 slabs 1 degen 1 ['EMPTY'] stats_same True kinds_ok True slab_ok True tile(vol) True disjoint True 11s
['31/10', '16/5', '17/5', '7/2', '7/16', '1/2'] leaves 1 slabs 0 degen 0 [] stats_same True kinds_ok True slab_ok True tile(vol) True disjoint True 11s
['1/10', '1/5', '1/5', '3/10', '0', '1/16'] leaves 1 slabs 1 degen 1 ['EMPTY'] stats_same True kinds_ok True slab_ok True tile(vol) True disjoint True 11s
['3', '31/10', '33/10', '17/5', '7/16', '1/2'] leaves 1 slabs 0 degen 0 [] stats_same True kinds_ok True slab_ok True tile(vol) True disjoint True 11s
['0', '1/10', '14/5', '29/10', '3/8', '7/16'] leaves 1 slabs 0 degen 0 [] stats_same True kinds_ok True slab_ok True tile(vol) True disjoint True 11s
['1', '11/10', '14/5', '29/10', '7/16', '1/2'] leaves 1 slabs 0 degen 0 [] stats_same True kinds_ok True slab_ok True tile(vol) True disjoint True 11s
['13/10', '7/5', '3', '31/10', '1/16', '1/8'] leaves 3 slabs 0 degen 0 [] stats_same True kinds_ok True slab_ok True tile(vol) True disjoint True 12s
['33/10', '17/5', '1/5', '3/10', '5/16', '3/8'] leaves 1 slabs 1 degen 1 ['EMPTY'] stats_same True kinds_ok True slab_ok True tile(vol) True disjoint True 12s
['9/10', '1', '3/2', '8/5', '1/4', '5/16'] leaves 1 slabs 0 degen 0 [] stats_same True kinds_ok True slab_ok True tile(vol) True disjoint True 12s
['16/5', '33/10', '3/5', '7/10', '1/4', '5/16'] leaves 1 slabs 0 degen 0 [] stats_same True kinds_ok True slab_ok True tile(vol) True disjoint True 12s
['11/10', '6/5', '1', '11/10', '0', '1/16'] leaves 1 slabs 0 degen 0 [] stats_same True kinds_ok True slab_ok True tile(vol) True disjoint True 12s
['6/5', '13/10', '19/10', '2', '7/16', '1/2'] leaves 1 slabs 0 degen 0 [] stats_same True kinds_ok True slab_ok True tile(vol) True disjoint True 12s
['31/10', '16/5', '5/2', '13/5', '1/8', '3/16'] leaves 1 slabs 0 degen 0 [] stats_same True kinds_ok True slab_ok True tile(vol) True disjoint True 12s
['31/10', '16/5', '6/5', '13/10', '7/16', '1/2'] leaves 1 slabs 0 degen 0 [] stats_same True kinds_ok True slab_ok True tile(vol) True disjoint True 12s
['17/10', '9/5', '0', '1/10', '1/16', '1/8'] leaves 1 slabs 1 degen 1 ['EMPTY'] stats_same True kinds_ok True slab_ok True tile(vol) True disjoint True 12s
['2/5', '1/2', '27/10', '14/5', '1/4', '5/16'] leaves 1 slabs 1 degen 1 ['EMPTY'] stats_same True kinds_ok True slab_ok True tile(vol) True disjoint True 12s
['9/5', '19/10', '11/10', '6/5', '1/8', '3/16'] leaves 1 slabs 0 degen 0 [] stats_same True kinds_ok True slab_ok True tile(vol) True disjoint True 12s
['1/2', '3/5', '3/5', '7/10', '1/8', '3/16'] leaves 1 slabs 1 degen 1 ['EMPTY'] stats_same True kinds_ok True slab_ok True tile(vol) True disjoint True 12s
['7/10', '4/5', '1/10', '1/5', '3/8', '7/16'] leaves 1 slabs 0 degen 0 [] stats_same True kinds_ok True slab_ok True tile(vol) True disjoint True 12s
['3/5', '7/10', '31/10', '16/5', '0', '1/16'] leaves 1 slabs 0 degen 0 [] stats_same True kinds_ok True slab_ok True tile(vol) True disjoint True 12s
['0', '1/10', '12/5', '5/2', '1/4', '5/16'] leaves 1 slabs 1 degen 1 ['EMPTY'] stats_same True kinds_ok True slab_ok True tile(vol) True disjoint True 12s
['1/2', '3/5', '3/5', '7/10', '7/16', '1/2'] leaves 1 slabs 0 degen 0 [] stats_same True kinds_ok True slab_ok True tile(vol) True disjoint True 12s
['9/10', '1', '11/5', '23/10', '1/4', '5/16'] leaves 1 slabs 0 degen 0 [] stats_same True kinds_ok True slab_ok True tile(vol) True disjoint True 13s
['1/2', '3/5', '3/10', '2/5', '1/8', '3/16'] leaves 1 slabs 1 degen 1 ['EMPTY'] stats_same True kinds_ok True slab_ok True tile(vol) True disjoint True 13s
['1', '11/10', '29/10', '3', '7/16', '1/2'] leaves 1 slabs 0 degen 0 [] stats_same True kinds_ok True slab_ok True tile(vol) True disjoint True 13s
['33/10', '17/5', '12/5', '5/2', '3/8', '7/16'] leaves 7 slabs 0 degen 0 [] stats_same True kinds_ok True slab_ok True tile(vol) True disjoint True 15s
['3/5', '7/10', '2/5', '1/2', '0', '1/16'] leaves 1 slabs 1 degen 1 ['AXIS'] stats_same True kinds_ok True slab_ok True tile(vol) True disjoint True 15s
['1/2', '3/5', '29/10', '3', '0', '1/16'] leaves 4 slabs 0 degen 0 [] stats_same True kinds_ok True slab_ok True tile(vol) True disjoint True 16s
['5/2', '13/5', '3', '31/10', '5/16', '3/8'] leaves 1 slabs 0 degen 0 [] stats_same True kinds_ok True slab_ok True tile(vol) True disjoint True 16s
['33/10', '17/5', '29/10', '3', '5/16', '3/8'] leaves 1 slabs 0 degen 0 [] stats_same True kinds_ok True slab_ok True tile(vol) True disjoint True 16s
['3/2', '8/5', '17/5', '7/2', '1/4', '5/16'] leaves 8 slabs 0 degen 0 [] stats_same True kinds_ok True slab_ok True tile(vol) True disjoint True 19s
checked 67 roots; bad 0
