D4: measure invariant under x->s-x and x<->y (exact)
# zmx2 cert hash=20610030026555f9 mode=d4 atoms=grid depth=40 node_cap=20000000 kappa=1.5 K=30 region=x0-24,y0-24,bins0-3
cover: s = 5/1, 7536 points, 1872 segments, total 522368729933/25000000000 = 20.89474919732
roots: 2500 in region, 0 already done (log), 2500 to run, 10 threads
progress 25/2500 roots, 0s
progress 50/2500 roots, 0s
progress 75/2500 roots, 0s
progress 100/2500 roots, 0s
progress 125/2500 roots, 0s
progress 150/2500 roots, 0s
progress 175/2500 roots, 0s
progress 200/2500 roots, 0s
progress 225/2500 roots, 0s
progress 250/2500 roots, 0s
progress 275/2500 roots, 0s
progress 300/2500 roots, 0s
progress 325/2500 roots, 0s
progress 350/2500 roots, 0s
progress 375/2500 roots, 0s
progress 400/2500 roots, 0s
progress 425/2500 roots, 0s
progress 450/2500 roots, 0s
progress 475/2500 roots, 0s
progress 500/2500 roots, 0s
progress 525/2500 roots, 0s
progress 550/2500 roots, 0s
progress 575/2500 roots, 0s
progress 600/2500 roots, 0s
progress 625/2500 roots, 0s
progress 650/2500 roots, 0s
progress 675/2500 roots, 0s
progress 700/2500 roots, 0s
progress 725/2500 roots, 0s
progress 750/2500 roots, 0s
progress 775/2500 roots, 0s
progress 800/2500 roots, 0s
progress 825/2500 roots, 0s
progress 850/2500 roots, 0s
progress 875/2500 roots, 0s
progress 900/2500 roots, 0s
progress 925/2500 roots, 0s
progress 950/2500 roots, 0s
progress 975/2500 roots, 0s
progress 1000/2500 roots, 0s
progress 1025/2500 roots, 0s
progress 1050/2500 roots, 0s
progress 1075/2500 roots, 0s
progress 1100/2500 roots, 0s
progress 1125/2500 roots, 0s
progress 1150/2500 roots, 0s
progress 1175/2500 roots, 0s
progress 1200/2500 roots, 0s
progress 1225/2500 roots, 0s
progress 1250/2500 roots, 0s
progress 1275/2500 roots, 0s
progress 1300/2500 roots, 0s
progress 1325/2500 roots, 0s
progress 1350/2500 roots, 0s
progress 1375/2500 roots, 0s
progress 1400/2500 roots, 0s
progress 1425/2500 roots, 0s
progress 1450/2500 roots, 1s
progress 1475/2500 roots, 1s
progress 1500/2500 roots, 1s
progress 1525/2500 roots, 1s
progress 1550/2500 roots, 1s
progress 1575/2500 roots, 1s
progress 1600/2500 roots, 1s
progress 1625/2500 roots, 1s
progress 1650/2500 roots, 1s
progress 1675/2500 roots, 1s
progress 1700/2500 roots, 1s
progress 1725/2500 roots, 1s
progress 1750/2500 roots, 2s
progress 1775/2500 roots, 2s
progress 1800/2500 roots, 2s
progress 1825/2500 roots, 2s
progress 1850/2500 roots, 2s
progress 1875/2500 roots, 2s
progress 1900/2500 roots, 2s
progress 1925/2500 roots, 2s
progress 1950/2500 roots, 2s
progress 1975/2500 roots, 2s
progress 2000/2500 roots, 2s
progress 2025/2500 roots, 2s
progress 2050/2500 roots, 2s
progress 2075/2500 roots, 2s
progress 2100/2500 roots, 2s
progress 2125/2500 roots, 2s
progress 2150/2500 roots, 2s
progress 2175/2500 roots, 2s
progress 2200/2500 roots, 2s
progress 2225/2500 roots, 2s
progress 2250/2500 roots, 2s
progress 2275/2500 roots, 2s
progress 2300/2500 roots, 2s
progress 2325/2500 roots, 2s
progress 2350/2500 roots, 2s
progress 2375/2500 roots, 2s
progress 2400/2500 roots, 2s
progress 2425/2500 roots, 2s
progress 2450/2500 roots, 2s
progress 2475/2500 roots, 3s
progress 2500/2500 roots, 4s
done in 4s wall: roots 2500 (missing 0), boxes 1826222, certified 888945, empty 25416, uncertified 0, max depth 26, cpu 27s
VERIFIED-D4: every closed unit square in [0,s]^2 has mu >= 1 (D4-reduced sweep, all roots)
