D4: measure invariant under x->s-x and x<->y (exact)
# zmx2 cert hash=478e927dc2f4c16c mode=d4 atoms=grid depth=40 node_cap=20000000 kappa=1.5 K=30 region=x0-39,y0-39,bins0-3
cover: s = 8/1, 23744 points, 5216 segments, total 748233441/12500000 = 59.85867528000
roots: 6400 in region, 0 already done (log), 6400 to run, 7 threads
progress 25/6400 roots, 0s
progress 50/6400 roots, 0s
progress 75/6400 roots, 0s
progress 100/6400 roots, 0s
progress 125/6400 roots, 0s
progress 150/6400 roots, 0s
progress 175/6400 roots, 0s
progress 200/6400 roots, 0s
progress 225/6400 roots, 0s
progress 250/6400 roots, 0s
progress 275/6400 roots, 0s
progress 300/6400 roots, 0s
progress 325/6400 roots, 0s
progress 350/6400 roots, 0s
progress 375/6400 roots, 0s
progress 400/6400 roots, 0s
progress 425/6400 roots, 0s
progress 450/6400 roots, 0s
progress 475/6400 roots, 0s
progress 500/6400 roots, 0s
progress 525/6400 roots, 0s
progress 550/6400 roots, 0s
progress 575/6400 roots, 0s
progress 600/6400 roots, 0s
progress 625/6400 roots, 0s
progress 650/6400 roots, 0s
progress 675/6400 roots, 0s
progress 700/6400 roots, 0s
progress 725/6400 roots, 0s
progress 750/6400 roots, 0s
progress 775/6400 roots, 0s
progress 800/6400 roots, 0s
progress 825/6400 roots, 0s
progress 850/6400 roots, 0s
progress 875/6400 roots, 0s
progress 900/6400 roots, 0s
progress 925/6400 roots, 0s
progress 950/6400 roots, 0s
progress 975/6400 roots, 0s
progress 1000/6400 roots, 0s
progress 1025/6400 roots, 0s
progress 1050/6400 roots, 0s
progress 1075/6400 roots, 0s
progress 1100/6400 roots, 0s
progress 1125/6400 roots, 0s
progress 1150/6400 roots, 0s
progress 1175/6400 roots, 0s
progress 1200/6400 roots, 0s
progress 1225/6400 roots, 0s
progress 1250/6400 roots, 0s
progress 1275/6400 roots, 0s
progress 1300/6400 roots, 0s
progress 1325/6400 roots, 0s
progress 1350/6400 roots, 0s
progress 1375/6400 roots, 0s
progress 1400/6400 roots, 0s
progress 1425/6400 roots, 0s
progress 1450/6400 roots, 0s
progress 1475/6400 roots, 0s
progress 1500/6400 roots, 0s
progress 1525/6400 roots, 0s
progress 1550/6400 roots, 0s
progress 1575/6400 roots, 0s
progress 1600/6400 roots, 0s
progress 1625/6400 roots, 0s
progress 1650/6400 roots, 0s
progress 1675/6400 roots, 0s
progress 1700/6400 roots, 0s
progress 1725/6400 roots, 0s
progress 1750/6400 roots, 0s
progress 1775/6400 roots, 0s
progress 1800/6400 roots, 0s
progress 1825/6400 roots, 0s
progress 1850/6400 roots, 0s
progress 1875/6400 roots, 0s
progress 1900/6400 roots, 0s
progress 1925/6400 roots, 0s
progress 1950/6400 roots, 0s
progress 1975/6400 roots, 0s
progress 2000/6400 roots, 0s
progress 2025/6400 roots, 0s
progress 2050/6400 roots, 0s
progress 2075/6400 roots, 0s
progress 2100/6400 roots, 0s
progress 2125/6400 roots, 0s
progress 2150/6400 roots, 0s
progress 2175/6400 roots, 0s
progress 2200/6400 roots, 0s
progress 2225/6400 roots, 0s
progress 2250/6400 roots, 0s
progress 2275/6400 roots, 0s
progress 2300/6400 roots, 1s
progress 2325/6400 roots, 1s
progress 2350/6400 roots, 1s
progress 2375/6400 roots, 1s
progress 2400/6400 roots, 1s
progress 2425/6400 roots, 1s
progress 2450/6400 roots, 1s
progress 2475/6400 roots, 1s
progress 2500/6400 roots, 1s
progress 2525/6400 roots, 1s
progress 2550/6400 roots, 1s
progress 2575/6400 roots, 1s
progress 2600/6400 roots, 1s
progress 2625/6400 roots, 1s
progress 2650/6400 roots, 1s
progress 2675/6400 roots, 1s
progress 2700/6400 roots, 1s
progress 2725/6400 roots, 1s
progress 2750/6400 roots, 1s
progress 2775/6400 roots, 1s
progress 2800/6400 roots, 1s
progress 2825/6400 roots, 1s
progress 2850/6400 roots, 1s
progress 2875/6400 roots, 1s
progress 2900/6400 roots, 1s
progress 2925/6400 roots, 1s
progress 2950/6400 roots, 1s
progress 2975/6400 roots, 1s
progress 3000/6400 roots, 1s
progress 3025/6400 roots, 1s
progress 3050/6400 roots, 1s
progress 3075/6400 roots, 1s
progress 3100/6400 roots, 1s
progress 3125/6400 roots, 1s
progress 3150/6400 roots, 1s
progress 3175/6400 roots, 1s
progress 3200/6400 roots, 1s
progress 3225/6400 roots, 1s
progress 3250/6400 roots, 1s
progress 3275/6400 roots, 1s
progress 3300/6400 roots, 1s
progress 3325/6400 roots, 1s
progress 3350/6400 roots, 1s
progress 3375/6400 roots, 1s
progress 3400/6400 roots, 1s
progress 3425/6400 roots, 1s
progress 3450/6400 roots, 1s
progress 3475/6400 roots, 1s
progress 3500/6400 roots, 1s
progress 3525/6400 roots, 1s
progress 3550/6400 roots, 1s
progress 3575/6400 roots, 1s
progress 3600/6400 roots, 1s
progress 3625/6400 roots, 1s
progress 3650/6400 roots, 1s
progress 3675/6400 roots, 1s
progress 3700/6400 roots, 1s
progress 3725/6400 roots, 1s
progress 3750/6400 roots, 1s
progress 3775/6400 roots, 1s
progress 3800/6400 roots, 1s
progress 3825/6400 roots, 1s
progress 3850/6400 roots, 1s
progress 3875/6400 roots, 1s
progress 3900/6400 roots, 1s
progress 3925/6400 roots, 2s
progress 3950/6400 roots, 2s
progress 3975/6400 roots, 2s
progress 4000/6400 roots, 2s
progress 4025/6400 roots, 2s
progress 4050/6400 roots, 2s
progress 4075/6400 roots, 2s
progress 4100/6400 roots, 2s
progress 4125/6400 roots, 2s
progress 4150/6400 roots, 2s
progress 4175/6400 roots, 2s
progress 4200/6400 roots, 2s
progress 4225/6400 roots, 2s
progress 4250/6400 roots, 2s
progress 4275/6400 roots, 2s
progress 4300/6400 roots, 2s
progress 4325/6400 roots, 2s
progress 4350/6400 roots, 2s
progress 4375/6400 roots, 2s
progress 4400/6400 roots, 2s
progress 4425/6400 roots, 2s
progress 4450/6400 roots, 2s
progress 4475/6400 roots, 2s
progress 4500/6400 roots, 2s
progress 4525/6400 roots, 2s
progress 4550/6400 roots, 2s
progress 4575/6400 roots, 2s
progress 4600/6400 roots, 2s
progress 4625/6400 roots, 2s
progress 4650/6400 roots, 2s
progress 4675/6400 roots, 2s
progress 4700/6400 roots, 2s
progress 4725/6400 roots, 2s
progress 4750/6400 roots, 2s
progress 4775/6400 roots, 2s
progress 4800/6400 roots, 2s
progress 4825/6400 roots, 2s
progress 4850/6400 roots, 2s
progress 4875/6400 roots, 2s
progress 4900/6400 roots, 2s
progress 4925/6400 roots, 2s
progress 4950/6400 roots, 2s
progress 4975/6400 roots, 2s
progress 5000/6400 roots, 2s
progress 5025/6400 roots, 2s
progress 5050/6400 roots, 2s
progress 5075/6400 roots, 2s
progress 5100/6400 roots, 2s
progress 5125/6400 roots, 2s
progress 5150/6400 roots, 2s
progress 5175/6400 roots, 2s
progress 5200/6400 roots, 2s
progress 5225/6400 roots, 2s
progress 5250/6400 roots, 2s
progress 5275/6400 roots, 2s
progress 5300/6400 roots, 2s
progress 5325/6400 roots, 2s
progress 5350/6400 roots, 2s
progress 5375/6400 roots, 3s
progress 5400/6400 roots, 3s
progress 5425/6400 roots, 3s
progress 5450/6400 roots, 3s
progress 5475/6400 roots, 3s
progress 5500/6400 roots, 3s
progress 5525/6400 roots, 3s
progress 5550/6400 roots, 3s
progress 5575/6400 roots, 3s
progress 5600/6400 roots, 3s
progress 5625/6400 roots, 3s
progress 5650/6400 roots, 3s
progress 5675/6400 roots, 3s
progress 5700/6400 roots, 3s
progress 5725/6400 roots, 3s
progress 5750/6400 roots, 3s
progress 5775/6400 roots, 3s
progress 5800/6400 roots, 3s
progress 5825/6400 roots, 3s
progress 5850/6400 roots, 3s
progress 5875/6400 roots, 3s
progress 5900/6400 roots, 3s
progress 5925/6400 roots, 3s
progress 5950/6400 roots, 3s
progress 5975/6400 roots, 3s
progress 6000/6400 roots, 3s
progress 6025/6400 roots, 3s
progress 6050/6400 roots, 3s
progress 6075/6400 roots, 3s
progress 6100/6400 roots, 3s
progress 6125/6400 roots, 3s
progress 6150/6400 roots, 3s
progress 6175/6400 roots, 3s
progress 6200/6400 roots, 3s
progress 6225/6400 roots, 3s
progress 6250/6400 roots, 3s
progress 6275/6400 roots, 3s
progress 6300/6400 roots, 3s
progress 6325/6400 roots, 3s
progress 6350/6400 roots, 3s
progress 6375/6400 roots, 3s
progress 6400/6400 roots, 3s
done in 3s wall: roots 6400 (missing 0), boxes 2617534, certified 1295988, empty 15979, uncertified 0, max depth 24, cpu 22s
VERIFIED-D4: every closed unit square in [0,s]^2 has mu >= 1 (D4-reduced sweep, all roots)
