D4: measure invariant under x->s-x and x<->y (exact)
# zmx2 cert hash=117e4b50fad482f5 mode=d4 atoms=grid depth=40 node_cap=20000000 kappa=1.5 K=30 region=x0-34,y0-34,bins0-3
cover: s = 7/1, 19989 points, 3912 segments, total 2238676387/50000000 = 44.77352774000
roots: 4900 in region, 0 already done (log), 4900 to run, 6 threads
progress 25/4900 roots, 0s
progress 50/4900 roots, 0s
progress 75/4900 roots, 0s
progress 100/4900 roots, 0s
progress 125/4900 roots, 0s
progress 150/4900 roots, 0s
progress 175/4900 roots, 0s
progress 200/4900 roots, 0s
progress 225/4900 roots, 0s
progress 250/4900 roots, 0s
progress 275/4900 roots, 0s
progress 300/4900 roots, 0s
progress 325/4900 roots, 0s
progress 350/4900 roots, 0s
progress 375/4900 roots, 0s
progress 400/4900 roots, 0s
progress 425/4900 roots, 0s
progress 450/4900 roots, 0s
progress 475/4900 roots, 0s
progress 500/4900 roots, 0s
progress 525/4900 roots, 0s
progress 550/4900 roots, 0s
progress 575/4900 roots, 0s
progress 600/4900 roots, 0s
progress 625/4900 roots, 0s
progress 650/4900 roots, 0s
progress 675/4900 roots, 0s
progress 700/4900 roots, 0s
progress 725/4900 roots, 0s
progress 750/4900 roots, 0s
progress 775/4900 roots, 0s
progress 800/4900 roots, 0s
progress 825/4900 roots, 0s
progress 850/4900 roots, 0s
progress 875/4900 roots, 0s
progress 900/4900 roots, 0s
progress 925/4900 roots, 0s
progress 950/4900 roots, 0s
progress 975/4900 roots, 0s
progress 1000/4900 roots, 0s
progress 1025/4900 roots, 0s
progress 1050/4900 roots, 0s
progress 1075/4900 roots, 0s
progress 1100/4900 roots, 0s
progress 1125/4900 roots, 0s
progress 1150/4900 roots, 0s
progress 1175/4900 roots, 0s
progress 1200/4900 roots, 0s
progress 1225/4900 roots, 0s
progress 1250/4900 roots, 0s
progress 1275/4900 roots, 0s
progress 1300/4900 roots, 0s
progress 1325/4900 roots, 0s
progress 1350/4900 roots, 0s
progress 1375/4900 roots, 0s
progress 1400/4900 roots, 0s
progress 1425/4900 roots, 0s
progress 1450/4900 roots, 0s
progress 1475/4900 roots, 0s
progress 1500/4900 roots, 0s
progress 1525/4900 roots, 0s
progress 1550/4900 roots, 0s
progress 1575/4900 roots, 0s
progress 1600/4900 roots, 0s
progress 1625/4900 roots, 0s
progress 1650/4900 roots, 0s
progress 1675/4900 roots, 0s
progress 1700/4900 roots, 0s
progress 1725/4900 roots, 0s
progress 1750/4900 roots, 0s
progress 1775/4900 roots, 0s
progress 1800/4900 roots, 0s
progress 1825/4900 roots, 0s
progress 1850/4900 roots, 0s
progress 1875/4900 roots, 0s
progress 1900/4900 roots, 0s
progress 1925/4900 roots, 0s
progress 1950/4900 roots, 1s
progress 1975/4900 roots, 1s
progress 2000/4900 roots, 1s
progress 2025/4900 roots, 1s
progress 2050/4900 roots, 1s
progress 2075/4900 roots, 1s
progress 2100/4900 roots, 1s
progress 2125/4900 roots, 1s
progress 2150/4900 roots, 1s
progress 2175/4900 roots, 1s
progress 2200/4900 roots, 1s
progress 2225/4900 roots, 1s
progress 2250/4900 roots, 1s
progress 2275/4900 roots, 1s
progress 2300/4900 roots, 1s
progress 2325/4900 roots, 1s
progress 2350/4900 roots, 1s
progress 2375/4900 roots, 1s
progress 2400/4900 roots, 1s
progress 2425/4900 roots, 1s
progress 2450/4900 roots, 1s
progress 2475/4900 roots, 1s
progress 2500/4900 roots, 1s
progress 2525/4900 roots, 1s
progress 2550/4900 roots, 1s
progress 2575/4900 roots, 1s
progress 2600/4900 roots, 1s
progress 2625/4900 roots, 1s
progress 2650/4900 roots, 1s
progress 2675/4900 roots, 1s
progress 2700/4900 roots, 1s
progress 2725/4900 roots, 1s
progress 2750/4900 roots, 1s
progress 2775/4900 roots, 1s
progress 2800/4900 roots, 1s
progress 2825/4900 roots, 1s
progress 2850/4900 roots, 1s
progress 2875/4900 roots, 1s
progress 2900/4900 roots, 1s
progress 2925/4900 roots, 1s
progress 2950/4900 roots, 1s
progress 2975/4900 roots, 1s
progress 3000/4900 roots, 1s
progress 3025/4900 roots, 1s
progress 3050/4900 roots, 1s
progress 3075/4900 roots, 1s
progress 3100/4900 roots, 1s
progress 3125/4900 roots, 1s
progress 3150/4900 roots, 1s
progress 3175/4900 roots, 1s
progress 3200/4900 roots, 1s
progress 3225/4900 roots, 1s
progress 3250/4900 roots, 1s
progress 3275/4900 roots, 2s
progress 3300/4900 roots, 2s
progress 3325/4900 roots, 2s
progress 3350/4900 roots, 2s
progress 3375/4900 roots, 2s
progress 3400/4900 roots, 2s
progress 3425/4900 roots, 2s
progress 3450/4900 roots, 2s
progress 3475/4900 roots, 2s
progress 3500/4900 roots, 2s
progress 3525/4900 roots, 2s
progress 3550/4900 roots, 2s
progress 3575/4900 roots, 2s
progress 3600/4900 roots, 2s
progress 3625/4900 roots, 2s
progress 3650/4900 roots, 2s
progress 3675/4900 roots, 2s
progress 3700/4900 roots, 2s
progress 3725/4900 roots, 2s
progress 3750/4900 roots, 2s
progress 3775/4900 roots, 2s
progress 3800/4900 roots, 2s
progress 3825/4900 roots, 2s
progress 3850/4900 roots, 2s
progress 3875/4900 roots, 2s
progress 3900/4900 roots, 2s
progress 3925/4900 roots, 2s
progress 3950/4900 roots, 2s
progress 3975/4900 roots, 2s
progress 4000/4900 roots, 2s
progress 4025/4900 roots, 2s
progress 4050/4900 roots, 2s
progress 4075/4900 roots, 2s
progress 4100/4900 roots, 2s
progress 4125/4900 roots, 2s
progress 4150/4900 roots, 2s
progress 4175/4900 roots, 3s
progress 4200/4900 roots, 3s
progress 4225/4900 roots, 3s
progress 4250/4900 roots, 3s
progress 4275/4900 roots, 3s
progress 4300/4900 roots, 3s
progress 4325/4900 roots, 3s
progress 4350/4900 roots, 3s
progress 4375/4900 roots, 3s
progress 4400/4900 roots, 3s
progress 4425/4900 roots, 3s
progress 4450/4900 roots, 3s
progress 4475/4900 roots, 3s
progress 4500/4900 roots, 3s
progress 4525/4900 roots, 3s
progress 4550/4900 roots, 3s
progress 4575/4900 roots, 3s
progress 4600/4900 roots, 3s
progress 4625/4900 roots, 3s
progress 4650/4900 roots, 3s
progress 4675/4900 roots, 3s
progress 4700/4900 roots, 3s
progress 4725/4900 roots, 3s
progress 4750/4900 roots, 3s
progress 4775/4900 roots, 3s
progress 4800/4900 roots, 3s
progress 4825/4900 roots, 3s
progress 4850/4900 roots, 3s
progress 4875/4900 roots, 3s
progress 4900/4900 roots, 3s
done in 3s wall: roots 4900 (missing 0), boxes 2071984, certified 1023340, empty 15102, uncertified 0, max depth 24, cpu 19s
VERIFIED-D4: every closed unit square in [0,s]^2 has mu >= 1 (D4-reduced sweep, all roots)
