258 records
1	1	1	0	21	ok
2	1	1	0	20	ok
3	1	1	0	21	ok
4	1	1	0	21	ok
5	2	1	0	12	ok
6	1	1	0	23	ok
7	1	1	0	23	ok
8	1	1	0	23	ok
9	1	1	0	23	ok
10	2	1	0	23	ok
11	8	1	0	28	ok
12	1	1	0	24	ok
13	1	1	0	25	ok
14	1	1	0	26	ok
15	1	1	0	26	ok
16	1	1	0	27	ok
17	18	1	8	156	ok
18	2	1	0	33	ok
19	2	1	0	35	ok
20	1	1	0	38	ok
21	1	1	0	33	ok
22	1	1	0	38	ok
23	1	1	0	38	ok
24	1	1	0	41	ok
25	1	1	0	41	ok
26	2	2	0	46	ok
27	2	2	0	55	ok
28	6	2	1	56	ok
30	1	2	0	50	ok
31	1	2	0	54	ok
32	1	2	0	56	ok
33	1	2	0	56	ok
34	1	2	0	56	ok
35	1	2	0	53	ok
36	1	2	0	58	ok
37	8	2	1	59	ok
38	2	2	0	47	ok
39	5	2	0	46	ok
40	2	2	0	49	ok
42	1	2	0	48	ok
43	1	2	0	50	ok
44	1	2	0	48	ok
45	1	2	0	49	ok
46	1	2	0	49	ok
47	1	2	0	49	ok
48	1	2	0	50	ok
49	1	2	0	49	ok
50	1	2	0	46	ok
52	2	3	0	62	ok
53	4	3	6	95	ok
54	4	3	1	88	ok
56	1	3	1	84	ok
57	1	3	1	79	ok
58	1	3	1	83	ok
59	1	3	1	86	ok
60	1	3	1	89	ok
61	1	3	1	86	ok
62	1	3	1	85	ok
63	1	3	1	87	ok
64	1	3	1	94	ok
65	2	3	1	93	ok
66	2	3	0	77	ok
67	2	3	1	94	ok
70	4	3	1	111	ok
72	1	3	1	93	ok
73	1	3	1	101	ok
74	1	3	1	93	ok
75	1	3	1	95	ok
76	1	4	1	100	ok
77	1	4	1	101	ok
78	1	4	1	108	ok
79	1	4	1	103	ok
80	1	4	1	92	ok
81	1	4	1	92	ok
82	2	4	1	127	ok
84	2	4	1	116	ok
85	2	4	1	128	ok
86	2	4	1	134	ok
89	2	4	1	134	ok
90	1	4	1	126	ok
91	1	4	1	125	ok
92	1	4	1	128	ok
93	1	4	1	128	ok
94	1	4	1	126	ok
95	1	4	1	101	ok
96	1	4	1	94	ok
97	1	4	1	93	ok
98	1	4	1	98	ok
99	1	4	1	96	ok
100	1	4	1	98	ok
101	2	5	1	104	ok
102	8	5	2	125	ok
104	2	5	1	103	ok
107	4	5	1	111	ok
109	2	5	1	115	ok
111	1	5	1	108	ok
112	1	5	1	110	ok
113	1	5	1	112	ok
114	1	5	1	112	ok
115	1	5	1	113	ok
116	1	5	1	114	ok
117	1	5	1	116	ok
118	1	5	1	118	ok
119	1	5	1	119	ok
120	1	5	1	120	ok
121	1	5	1	121	ok
122	2	5	1	123	ok
124	2	5	1	132	ok
125	2	5	1	124	ok
127	2	6	1	142	ok
129	20	6	37	295	chunks failed [4] (rc [-15])
133	1	6	1	156	ok
134	1	6	1	158	ok
135	1	6	1	158	ok
136	1	6	1	162	ok
137	1	6	1	172	ok
138	1	6	1	199	ok
139	1	6	1	205	ok
140	1	6	1	207	ok
141	1	6	1	183	ok
142	1	6	1	205	ok
143	1	6	1	207	ok
144	1	6	1	230	ok
145	2	6	2	270	ok
146	16	6	29	503	chunks failed [4, 5] (rc [-15, -15])
147	2	6	2	290	ok
148	2	6	2	294	ok
149	2	6	2	277	ok
150	2	6	2	252	ok
151	2	7	1	181	ok
153	4	7	1	184	ok
157	1	7	1	174	ok
158	1	7	1	177	ok
159	1	7	1	177	ok
160	1	7	1	178	ok
161	1	7	1	179	ok
