unpacking 'https://channels.nixos.org/nixpkgs-unstable/nixexprs.tar.zst' into the Git cache...
124 records
162	1	7	1	74	ok
146	16	6	18	117	chunks failed [4, 5] (rc [-15, -15])
163	1	7	1	117	ok
129	20	6	34	132	chunks failed [4] (rc [-15])
164	1	7	1	118	ok
166	1	7	1	111	ok
165	1	7	1	112	ok
167	1	7	1	113	ok
168	1	7	1	114	ok
169	1	7	1	114	ok
170	2	7	1	119	ok
171	1	7	1	116	ok
173	2	7	1	125	ok
174	2	7	1	119	ok
175	2	7	2	132	ok
176	2	8	1	125	ok
178	4	8	2	128	ok
183	1	8	1	127	ok
184	1	8	1	128	ok
185	1	8	1	128	ok
186	1	8	1	131	ok
187	1	8	1	130	ok
188	1	8	1	132	ok
189	1	8	1	132	ok
190	1	8	1	133	ok
191	1	8	1	133	ok
192	1	8	1	135	ok
193	1	8	1	133	ok
194	1	8	1	134	ok
195	1	8	1	135	ok
196	1	8	1	136	ok
197	2	8	1	133	ok
198	1	8	1	133	ok
200	2	8	2	142	ok
201	2	9	1	139	ok
202	2	9	1	139	ok
203	2	9	2	149	ok
204	2	9	1	144	ok
212	1	9	1	153	ok
213	1	9	1	154	ok
