sampled 1000000 violations 0 time 105.83956742286682
refined 0.9947164969227  at 0.500000000 3.855798021 th=1.570796e+00 (deg 90.000000) from 1.000068
refined 0.9991367117804  at 3.741705059 0.500000000 th=1.570796e+00 (deg 90.000000) from 1.000037
refined 0.9998111028777  at 4.526896584 0.500000000 th=1.570796e+00 (deg 90.000000) from 1.000042
refined 0.9998591196160  at 3.979518072 1.500000000 th=2.309874e-14 (deg 0.000000) from 1.000006
refined 1.0000000000000  at 4.261951496 3.548963284 th=1.394399e+00 (deg 79.893186) from 1.000009
refined 1.0000000000000  at 4.263222129 3.461230519 th=1.371173e+00 (deg 78.562412) from 1.000005
refined 1.0000000000000  at 3.456665519 3.465149668 th=1.479988e+00 (deg 84.797080) from 1.000064
refined 1.0000000000000  at 3.501539746 3.636026291 th=1.534358e+00 (deg 87.912241) from 1.000086
refined 1.0000000000000  at 3.759661978 3.558243648 th=8.394798e-02 (deg 4.809865) from 1.000058
refined 1.0000000000000  at 4.353011912 3.488788402 th=4.636435e-02 (deg 2.656481) from 1.000003
refined 1.0000000000000  at 0.500000000 4.259071152 th=1.570796e+00 (deg 90.000000) from 1.000040
refined 1.0000000000000  at 0.500000000 4.408983684 th=1.570796e+00 (deg 90.000000) from 1.000080
exact checks of refined poses with float mass < 1+1e-9:
  float 0.994716496922712 exact 0.988020966884963 inside False  pose np.float64(0.5000000000000002) np.float64(3.855798020552968) t=0.9999999999999994 
  float 0.999136711780421 exact 0.999181295098220 inside False  pose np.float64(3.7417050593519483) np.float64(0.500000000000004) t=0.9999999999999919 
  float 0.999811102877694 exact 1.000000000000002 inside True  pose np.float64(4.526896584130629) np.float64(0.5000000000000038) t=1.0000000000000075 
  float 0.999859119616002 exact 1.000002875338109 inside True  pose np.float64(3.9795180722891375) np.float64(1.5000000000000115) t=1.154936972669904e-14 
  float 0.999999999999998 exact 1.000000000000000 inside True  pose np.float64(4.261951496251772) np.float64(3.5489632840557617) t=0.837512438949506 
  float 0.999999999999998 exact 1.000000000000000 inside True  pose np.float64(4.26322212899483) np.float64(3.461230519415512) t=0.8179428919772014 
  float 0.999999999999998 exact 1.000000000000000 inside True  pose np.float64(3.456665518782323) np.float64(3.465149668440743) t=0.9130787593427271 
  float 0.999999999999998 exact 1.000000000000000 inside True  pose np.float64(3.501539745543226) np.float64(3.636026290796754) t=0.964209833276661 
  float 0.999999999999999 exact 1.000000000000000 inside True  pose np.float64(3.7596619778795066) np.float64(3.5582436481770894) t=0.04199865988047789 
  float 0.999999999999999 exact 1.000000000000000 inside True  pose np.float64(4.353011911916566) np.float64(3.4887884024477938) t=0.023186327989557165 
  float 1.000000000000000 exact 1.000000000000000 inside True  pose np.float64(0.5000000000000002) np.float64(4.2590711522292874) t=1.0000000000000002 
  float 1.000000000000000 exact 1.000000000000000 inside True  pose np.float64(0.5000000000000002) np.float64(4.408983683514016) t=0.9999999999999999 
  float 1.000000000000000 exact 1.000000000000001 inside True  pose np.float64(4.310988651600475) np.float64(0.5000000000000018) t=1.0000000000000018 
  float 1.000000000000001 exact 1.000000000000001 inside True  pose np.float64(3.73241484591421) np.float64(0.5000000000000036) t=0.9999999999999937 
  float 1.000000000000426 exact 1.000000000000427 inside True  pose np.float64(0.5000000000010838) np.float64(4.461151942694537) t=1.0000000000021654 
  float 1.000000000003713 exact 1.000000000003714 inside True  pose np.float64(2.5000000000205818) np.float64(4.461344421067286) t=2.058093397936354e-11 
  float 1.000000000015362 exact 1.000000000015362 inside True  pose np.float64(4.68251755201689) np.float64(2.500000000040618) t=4.061686452969921e-11 
  float 1.000000000062920 exact 1.000000000062921 inside True  pose np.float64(2.5000000002163576) np.float64(4.381048881240863) t=2.1635610717907654e-10 
