sampled 1000000 violations 0 time 105.04552030563354
refined 0.9965006550888  at 4.129275647 0.500000000 th=1.570796e+00 (deg 90.000000) from 1.000095
refined 0.9989586378384  at 0.500000000 4.617082617 th=1.570796e+00 (deg 90.000000) from 1.000042
refined 0.9996350632505  at 4.109504687 0.500000000 th=1.570796e+00 (deg 90.000000) from 1.000002
refined 0.9999996472299  at 3.726845832 0.500000000 th=1.570796e+00 (deg 90.000000) from 1.000023
refined 1.0000000000000  at 3.588368422 4.371286258 th=2.824907e-01 (deg 16.185525) from 1.000078
refined 1.0000000000000  at 3.437404334 3.930247909 th=1.468082e+00 (deg 84.114927) from 1.000080
refined 1.0000000000000  at 3.461901000 4.268798384 th=1.513272e+00 (deg 86.704096) from 1.000013
refined 1.0000000000000  at 3.538046353 3.683895329 th=1.834645e-01 (deg 10.511739) from 1.000012
refined 1.0000000000000  at 3.491130839 3.676369589 th=1.526663e+00 (deg 87.471361) from 1.000027
refined 1.0000000000000  at 3.496001086 3.534790725 th=1.618421e+00 (deg 92.728671) from 1.000109
refined 1.0000000000000  at 4.500385763 0.500000000 th=1.570796e+00 (deg 90.000000) from 1.000025
refined 1.0000000000000  at 3.975120807 0.500000000 th=1.570796e+00 (deg 90.000000) from 1.000102
exact checks of refined poses with float mass < 1+1e-9:
  float 0.996500655088796 exact 0.995398386396392 inside False  pose np.float64(4.129275647156906) np.float64(0.5000000000000007) t=0.9999999999999986 
  float 0.998958637838385 exact 0.998849133920001 inside False  pose np.float64(0.5000000000000027) np.float64(4.617082617438339) t=0.9999999999999946 
  float 0.999635063250460 exact 0.999619328294078 inside False  pose np.float64(4.1095046870600385) np.float64(0.5000000000000087) t=0.9999999999999826 
  float 0.999999647229902 exact 1.000000000001357 inside True  pose np.float64(3.726845832346374) np.float64(0.5000000000034341) t=1.0000000000068683 
  float 0.999999999999998 exact 1.000000000000000 inside True  pose np.float64(3.5883684222237218) np.float64(4.371286258182053) t=0.14219219950770343 
  float 0.999999999999999 exact 1.000000000000000 inside True  pose np.float64(3.437404333809469) np.float64(3.9302479092113525) t=0.902221712604233 
  float 0.999999999999999 exact 1.000000000000000 inside True  pose np.float64(3.461900999575403) np.float64(4.268798383885103) t=0.9440689017412754 
  float 0.999999999999999 exact 1.000000000000000 inside True  pose np.float64(3.5380463525177785) np.float64(3.6838953294460692) t=0.09199040329408648 
  float 0.999999999999999 exact 1.000000000000000 inside True  pose np.float64(3.4911308386826665) np.float64(3.6763695894103314) t=0.9568128986463885 
  float 0.999999999999999 exact 1.000000000000000 inside True  pose np.float64(3.496001086403068) np.float64(3.534790724760101) t=1.0487954428416242 
  float 1.000000000000000 exact 0.941540039975766 inside False  pose np.float64(4.500385763171179) np.float64(0.5) t=0.9999999999999999 
  float 1.000000000000000 exact 1.000000000000000 inside True  pose np.float64(3.9751208073319337) np.float64(0.5000000000000009) t=0.9999999999999986 
  float 1.000000000000000 exact 1.000000000000000 inside True  pose np.float64(3.781063640979563) np.float64(0.5000000000000016) t=1.0000000000000027 
  float 1.000000000000000 exact 1.000000000000001 inside True  pose np.float64(3.904779155496538) np.float64(0.5000000000000022) t=1.0000000000000004 
  float 1.000000000000001 exact 1.000000000000001 inside True  pose np.float64(0.5000000000000022) np.float64(4.249003240557368) t=1.0000000000000013 
  float 1.000000000000001 exact 1.000000000000001 inside True  pose np.float64(4.504006102430171) np.float64(2.5000000000000084) t=7.897897474479762e-15 
  float 1.000000000499840 exact 1.000000000499841 inside True  pose np.float64(2.5000000011530275) np.float64(4.0879391272200785) t=0.9999999976939501 
