u 1/1000 n (not inside U) 161559
excess 0.00032014906418703745 excess/theta 0.1600745320935187 gamma 3/2 29/10 ij/20 10 6
excess 0.00032014906418703745 excess/theta 0.1600745320935187 gamma 31/10 3/2 ij/20 -6 10
excess 0.0003201726991234124 excess/theta 0.1600863495617062 gamma 3/2 7/2 ij/20 10 -6
excess 0.0003201726991234124 excess/theta 0.1600863495617062 gamma 5/2 3/2 ij/20 6 10
excess 0.0003201726991234124 excess/theta 0.1600863495617062 gamma 7/2 3/2 ij/20 6 10
excess 0.000320261918720542 excess/theta 0.160130959360271 gamma 3/2 29/10 ij/20 10 5
excess 0.000320261918720542 excess/theta 0.160130959360271 gamma 31/10 3/2 ij/20 -5 10
excess 0.00032028555365691693 excess/theta 0.16014277682845846 gamma 3/2 7/2 ij/20 10 -7
excess 0.00032028555365691693 excess/theta 0.16014277682845846 gamma 5/2 3/2 ij/20 7 10
excess 0.00032028555365691693 excess/theta 0.16014277682845846 gamma 7/2 3/2 ij/20 7 10
excess 0.0003202925828304061 excess/theta 0.16014629141520303 gamma 3/2 29/10 ij/20 10 2
excess 0.0003202925828304061 excess/theta 0.16014629141520303 gamma 31/10 3/2 ij/20 -2 10
excess 0.0003203747732540465 excess/theta 0.16018738662702325 gamma 3/2 29/10 ij/20 10 4
excess 0.0003203747732540465 excess/theta 0.16018738662702325 gamma 31/10 3/2 ij/20 -4 10
excess 0.00032039840819042146 excess/theta 0.1601992040952107 gamma 3/2 7/2 ij/20 10 -8
excess 0.00032039840819042146 excess/theta 0.1601992040952107 gamma 5/2 3/2 ij/20 8 10
excess 0.00032039840819042146 excess/theta 0.1601992040952107 gamma 7/2 3/2 ij/20 8 10
excess 0.0003204054373639106 excess/theta 0.16020271868195532 gamma 3/2 29/10 ij/20 10 1
excess 0.0003204054373639106 excess/theta 0.16020271868195532 gamma 31/10 3/2 ij/20 -1 10
excess 0.00032048762778755105 excess/theta 0.1602438138937755 gamma 3/2 29/10 ij/20 10 3
excess 0.00032048762778755105 excess/theta 0.1602438138937755 gamma 31/10 3/2 ij/20 -3 10
excess 0.000320511262723926 excess/theta 0.160255631361963 gamma 3/2 7/2 ij/20 10 -9
excess 0.000320511262723926 excess/theta 0.160255631361963 gamma 5/2 3/2 ij/20 9 10
excess 0.000320511262723926 excess/theta 0.160255631361963 gamma 7/2 3/2 ij/20 9 10
excess 0.00032051829189741514 excess/theta 0.16025914594870758 gamma 3/2 29/10 ij/20 10 0
below 1: 0
