root ['2', '21/10', '17/10', '9/5', '5/16', '3/8'] {'PIECE': 1, 'boxes': 1, 'LIN': 1, 'cpu': 0.217720219} unc 0 0s
PIECE leaves with polygon part > 0: 1; poses 56; bad 0; min mass 1.1669848757936103; min area-polybound gap 0.033424647995302176
root ['9/5', '19/10', '6/5', '13/10', '3/16', '1/4'] {'PIECE': 1, 'boxes': 1, 'LIN': 1, 'cpu': 0.10814519900000001} unc 0 0s
PIECE leaves with polygon part > 0: 0; poses 0; bad 0; min mass None; min area-polybound gap None
root ['2', '21/10', '9/5', '19/10', '1/4', '5/16'] {'PIECE': 1, 'boxes': 1, 'LIN': 1, 'cpu': 0.20624045900000004} unc 0 0s
PIECE leaves with polygon part > 0: 1; poses 56; bad 0; min mass 1.29677890267205; min area-polybound gap 0.03286829808416919
root ['9/5', '19/10', '33/10', '17/5', '3/16', '1/4'] {'PIECE': 2, 'boxes': 21, 'maxdepth': 6, 'THR': 2, 'LIN': 9, 'cpu': 24.967327893, 'EXACT': 9} unc 0 25s
PIECE leaves with polygon part > 0: 2; poses 112; bad 0; min mass 1.052054549168629; min area-polybound gap 0.028174824562648703
root ['8/5', '17/10', '5/2', '13/5', '1/16', '1/8'] {'boxes': 15, 'maxdepth': 3, 'THR': 6, 'LIN': 2, 'cpu': 85.50524633799999, 'EXACT': 8} unc 0 86s
PIECE leaves with polygon part > 0: 0; poses 0; bad 0; min mass None; min area-polybound gap None
root ['3/2', '8/5', '17/10', '9/5', '1/8', '3/16'] {'PIECE': 3, 'boxes': 15, 'maxdepth': 3, 'LIN': 8, 'cpu': 67.112835553, 'EXACT': 5} unc 0 67s
PIECE leaves with polygon part > 0: 3; poses 168; bad 0; min mass 1.0912493010773663; min area-polybound gap 0.00015900423088985088
root ['6/5', '13/10', '5/2', '13/5', '5/16', '3/8'] {'PIECE': 6, 'boxes': 11, 'maxdepth': 3, 'LIN': 6, 'cpu': 2.308093103} unc 0 2s
PIECE leaves with polygon part > 0: 6; poses 336; bad 0; min mass 1.1136985801131354; min area-polybound gap 0.006098920828655509
root ['7/5', '3/2', '13/5', '27/10', '5/16', '3/8'] {'PIECE': 7, 'boxes': 25, 'maxdepth': 8, 'LIN': 13, 'cpu': 18.092685221, 'EXACT': 6} unc 0 18s
PIECE leaves with polygon part > 0: 7; poses 392; bad 0; min mass 1.032686173657027; min area-polybound gap 0.010834319859257176
root ['7/5', '3/2', '31/10', '16/5', '3/8', '7/16'] {'PIECE': 9, 'boxes': 25, 'maxdepth': 8, 'LIN': 12, 'cpu': 12.19184531, 'EXACT': 3, 'SYM': 1} unc 0 12s
PIECE leaves with polygon part > 0: 9; poses 504; bad 0; min mass 1.029810638739292; min area-polybound gap 0.01093160906425025
root ['17/10', '9/5', '17/10', '9/5', '1/16', '1/8'] {'PIECE': 1, 'boxes': 1, 'LIN': 1, 'cpu': 0.104725981} unc 0 0s
PIECE leaves with polygon part > 0: 1; poses 56; bad 0; min mass 1.0904007522725199; min area-polybound gap 0.01479043245096856
root ['17/10', '9/5', '5/2', '13/5', '1/4', '5/16'] {'boxes': 15, 'maxdepth': 3, 'LIN': 8, 'cpu': 9.772852358, 'EXACT': 8} unc 0 10s
PIECE leaves with polygon part > 0: 0; poses 0; bad 0; min mass None; min area-polybound gap None
root ['7/5', '3/2', '7/5', '3/2', '5/16', '3/8'] {'PIECE': 1, 'boxes': 1, 'LIN': 1, 'cpu': 0.253448167} unc 0 0s
PIECE leaves with polygon part > 0: 0; poses 0; bad 0; min mass None; min area-polybound gap None
root ['21/10', '11/5', '19/10', '2', '3/8', '7/16'] {'PIECE': 3, 'boxes': 5, 'maxdepth': 2, 'LIN': 3, 'cpu': 0.590555332} unc 0 1s
PIECE leaves with polygon part > 0: 3; poses 168; bad 0; min mass 1.1516589350197712; min area-polybound gap 0.0364726384875486
root ['23/10', '12/5', '23/10', '12/5', '3/16', '1/4'] {'boxes': 15, 'maxdepth': 3, 'LIN': 8, 'cpu': 17.01865372, 'EXACT': 8} unc 0 17s
PIECE leaves with polygon part > 0: 0; poses 0; bad 0; min mass None; min area-polybound gap None
root ['17/10', '9/5', '13/10', '7/5', '3/8', '7/16'] {'PIECE': 6, 'boxes': 11, 'maxdepth': 3, 'LIN': 6, 'cpu': 1.791498765} unc 0 2s
PIECE leaves with polygon part > 0: 6; poses 336; bad 0; min mass 1.0631905849006509; min area-polybound gap 0.0
root ['11/5', '23/10', '16/5', '33/10', '3/8', '7/16'] {'boxes': 15, 'maxdepth': 3, 'LIN': 8, 'cpu': 10.139744065, 'EXACT': 4, 'EXACT45': 4} unc 0 10s
PIECE leaves with polygon part > 0: 0; poses 0; bad 0; min mass None; min area-polybound gap None
root ['11/10', '6/5', '5/2', '13/5', '3/16', '1/4'] {'PIECE': 2, 'boxes': 3, 'maxdepth': 1, 'LIN': 2, 'cpu': 0.720922594} unc 0 1s
PIECE leaves with polygon part > 0: 0; poses 0; bad 0; min mass None; min area-polybound gap None
root ['19/10', '2', '7/5', '3/2', '5/16', '3/8'] {'PIECE': 6, 'boxes': 11, 'maxdepth': 3, 'LIN': 6, 'cpu': 1.8042699629999999} unc 0 2s
PIECE leaves with polygon part > 0: 6; poses 336; bad 0; min mass 1.0841993867211404; min area-polybound gap 0.011180455274140617
root ['23/10', '12/5', '11/10', '6/5', '5/16', '3/8'] {'PIECE': 1, 'boxes': 1, 'LIN': 1, 'cpu': 0.27688252399999996} unc 0 0s
PIECE leaves with polygon part > 0: 0; poses 0; bad 0; min mass None; min area-polybound gap None
root ['11/5', '23/10', '11/5', '23/10', '0', '1/16'] {'PIECE': 7, 'boxes': 13, 'maxdepth': 3, 'LIN': 4, 'cpu': 1.1468608759999999} unc 0 1s
PIECE leaves with polygon part > 0: 7; poses 392; bad 0; min mass 1.1404153992924764; min area-polybound gap 0.015673771115741045
root ['3/2', '8/5', '29/10', '3', '1/8', '3/16'] {'boxes': 15, 'maxdepth': 3, 'LIN': 7, 'cpu': 28.930966766, 'EXACT': 8} unc 0 29s
PIECE leaves with polygon part > 0: 0; poses 0; bad 0; min mass None; min area-polybound gap None
root ['11/10', '6/5', '12/5', '5/2', '1/8', '3/16'] {'PIECE': 1, 'boxes': 1, 'THR': 1, 'cpu': 0.141804299} unc 0 0s
PIECE leaves with polygon part > 0: 0; poses 0; bad 0; min mass None; min area-polybound gap None
root ['3/2', '8/5', '13/10', '7/5', '1/8', '3/16'] {'PIECE': 7, 'boxes': 13, 'maxdepth': 3, 'THR': 2, 'LIN': 5, 'cpu': 1.8970675110000002} unc 0 2s
PIECE leaves with polygon part > 0: 7; poses 392; bad 0; min mass 1.1188398170740979; min area-polybound gap 1.801003087614758e-06
root ['17/10', '9/5', '16/5', '33/10', '5/16', '3/8'] {'PIECE': 1, 'boxes': 19, 'maxdepth': 5, 'LIN': 10, 'cpu': 14.037127785000001, 'EXACT': 9} unc 0 14s
PIECE leaves with polygon part > 0: 1; poses 56; bad 0; min mass 1.067269832010762; min area-polybound gap 0.03329216231683697
root ['21/10', '11/5', '29/10', '3', '7/16', '1/2'] {'boxes': 1, 'cpu': 5.141699999999805e-05, 'SYM': 1} unc 0 0s
PIECE leaves with polygon part > 0: 0; poses 0; bad 0; min mass None; min area-polybound gap None
root ['13/10', '7/5', '13/5', '27/10', '1/4', '5/16'] {'PIECE': 4, 'boxes': 15, 'maxdepth': 3, 'THR': 1, 'LIN': 7, 'cpu': 11.018184525, 'EXACT': 4} unc 0 11s
PIECE leaves with polygon part > 0: 4; poses 224; bad 0; min mass 1.1024278474211535; min area-polybound gap 0.01208147509406625
timeout/err 24/10 16/10 0
root ['6/5', '13/10', '13/10', '7/5', '0', '1/16'] {'PIECE': 1, 'boxes': 1, 'LIN': 1, 'cpu': 0.03195405} unc 0 0s
PIECE leaves with polygon part > 0: 0; poses 0; bad 0; min mass None; min area-polybound gap None
root ['2', '21/10', '11/5', '23/10', '7/16', '1/2'] {'boxes': 1, 'cpu': 4.782999999999871e-05, 'SYM': 1} unc 0 0s
PIECE leaves with polygon part > 0: 0; poses 0; bad 0; min mass None; min area-polybound gap None
root ['12/5', '5/2', '7/5', '3/2', '7/16', '1/2'] {'boxes': 1, 'cpu': 4.928299999999719e-05, 'SYM': 1} unc 0 0s
PIECE leaves with polygon part > 0: 0; poses 0; bad 0; min mass None; min area-polybound gap None
root ['23/10', '12/5', '31/10', '16/5', '1/8', '3/16'] {'boxes': 15, 'maxdepth': 3, 'LIN': 6, 'cpu': 26.140414453, 'EXACT': 8} unc 0 26s
PIECE leaves with polygon part > 0: 0; poses 0; bad 0; min mass None; min area-polybound gap None
root ['21/10', '11/5', '8/5', '17/10', '3/16', '1/4'] {'PIECE': 5, 'boxes': 15, 'maxdepth': 3, 'THR': 3, 'LIN': 5, 'cpu': 11.985924059, 'EXACT': 3} unc 0 12s
PIECE leaves with polygon part > 0: 5; poses 280; bad 0; min mass 1.0852757179219052; min area-polybound gap 0.018519098214558664
root ['11/5', '23/10', '14/5', '29/10', '7/16', '1/2'] {'boxes': 1, 'cpu': 4.6517999999995396e-05, 'SYM': 1} unc 0 0s
PIECE leaves with polygon part > 0: 0; poses 0; bad 0; min mass None; min area-polybound gap None
root ['13/10', '7/5', '13/10', '7/5', '1/8', '3/16'] {'PIECE': 22, 'boxes': 43, 'maxdepth': 9, 'THR': 6, 'LIN': 16, 'cpu': 13.181777189} unc 0 13s
PIECE leaves with polygon part > 0: 0; poses 0; bad 0; min mass None; min area-polybound gap None
root ['3/2', '8/5', '21/10', '11/5', '3/8', '7/16'] {'PIECE': 35, 'boxes': 75, 'maxdepth': 8, 'THR': 4, 'LIN': 31, 'cpu': 21.518168672999998, 'SYM': 3} unc 0 22s
PIECE leaves with polygon part > 0: 35; poses 1960; bad 0; min mass 1.0443116865792965; min area-polybound gap 0.009743595399158644
root ['6/5', '13/10', '6/5', '13/10', '5/16', '3/8'] {'PIECE': 1, 'boxes': 1, 'LIN': 1, 'cpu': 0.20835750600000003} unc 0 0s
PIECE leaves with polygon part > 0: 0; poses 0; bad 0; min mass None; min area-polybound gap None
root ['9/5', '19/10', '6/5', '13/10', '3/16', '1/4'] {'PIECE': 1, 'boxes': 1, 'LIN': 1, 'cpu': 0.108856411} unc 0 0s
PIECE leaves with polygon part > 0: 0; poses 0; bad 0; min mass None; min area-polybound gap None
root ['3/2', '8/5', '16/5', '33/10', '5/16', '3/8'] {'boxes': 17, 'maxdepth': 4, 'LIN': 9, 'cpu': 48.343099, 'EXACT': 9} unc 0 48s
PIECE leaves with polygon part > 0: 0; poses 0; bad 0; min mass None; min area-polybound gap None
root ['6/5', '13/10', '19/10', '2', '1/8', '3/16'] {'PIECE': 1, 'boxes': 1, 'LIN': 1, 'cpu': 0.137988893} unc 0 0s
PIECE leaves with polygon part > 0: 0; poses 0; bad 0; min mass None; min area-polybound gap None
root ['3/2', '8/5', '5/2', '13/5', '3/16', '1/4'] {'PIECE': 6, 'boxes': 15, 'maxdepth': 3, 'LIN': 8, 'cpu': 7.758502469, 'EXACT': 2} unc 0 8s
PIECE leaves with polygon part > 0: 6; poses 336; bad 0; min mass 1.0946208805776778; min area-polybound gap 0.02348939990153451
root ['17/10', '9/5', '7/5', '3/2', '5/16', '3/8'] {'PIECE': 27, 'boxes': 53, 'maxdepth': 9, 'LIN': 27, 'cpu': 13.212421373} unc 0 13s
PIECE leaves with polygon part > 0: 27; poses 1512; bad 0; min mass 1.0333902808413902; min area-polybound gap 0.0
root ['7/5', '3/2', '7/5', '3/2', '1/4', '5/16'] {'PIECE': 1, 'boxes': 1, 'LIN': 1, 'cpu': 0.14291543} unc 0 0s
PIECE leaves with polygon part > 0: 0; poses 0; bad 0; min mass None; min area-polybound gap None
root ['21/10', '11/5', '8/5', '17/10', '0', '1/16'] {'PIECE': 3, 'boxes': 5, 'maxdepth': 2, 'LIN': 3, 'cpu': 0.33531525700000003} unc 0 0s
PIECE leaves with polygon part > 0: 3; poses 168; bad 0; min mass 1.083761428672; min area-polybound gap 0.008310992468858141
root ['11/10', '6/5', '31/10', '16/5', '3/8', '7/16'] {'PIECE': 1, 'boxes': 1, 'LIN': 1, 'cpu': 0.15366417500000001} unc 0 0s
PIECE leaves with polygon part > 0: 0; poses 0; bad 0; min mass None; min area-polybound gap None
root ['12/5', '5/2', '3', '31/10', '7/16', '1/2'] {'boxes': 1, 'cpu': 4.822100000000107e-05, 'SYM': 1} unc 0 0s
PIECE leaves with polygon part > 0: 0; poses 0; bad 0; min mass None; min area-polybound gap None
root ['21/10', '11/5', '29/10', '3', '0', '1/16'] {'PIECE': 8, 'boxes': 15, 'maxdepth': 3, 'LIN': 8, 'cpu': 1.1938029989999999} unc 0 1s
PIECE leaves with polygon part > 0: 8; poses 448; bad 0; min mass 1.1165226141413784; min area-polybound gap 0.05818810937138381
root ['23/10', '12/5', '21/10', '11/5', '3/16', '1/4'] {'PIECE': 5, 'boxes': 15, 'maxdepth': 3, 'LIN': 8, 'cpu': 11.265138152, 'EXACT': 3} unc 0 11s
PIECE leaves with polygon part > 0: 5; poses 280; bad 0; min mass 1.1131164398114466; min area-polybound gap 0.05656872575851654
root ['23/10', '12/5', '19/10', '2', '7/16', '1/2'] {'boxes': 1, 'cpu': 7.206599999999563e-05, 'SYM': 1} unc 0 0s
PIECE leaves with polygon part > 0: 0; poses 0; bad 0; min mass None; min area-polybound gap None
root ['21/10', '11/5', '17/10', '9/5', '5/16', '3/8'] {'PIECE': 2, 'boxes': 3, 'maxdepth': 1, 'LIN': 2, 'cpu': 0.683650388} unc 0 1s
PIECE leaves with polygon part > 0: 2; poses 112; bad 0; min mass 1.1598873430898688; min area-polybound gap 0.03632278767129764
root ['8/5', '17/10', '11/10', '6/5', '1/8', '3/16'] {'PIECE': 1, 'boxes': 1, 'LIN': 1, 'cpu': 0.14216704600000002} unc 0 0s
PIECE leaves with polygon part > 0: 0; poses 0; bad 0; min mass None; min area-polybound gap None
root ['3/2', '8/5', '11/5', '23/10', '5/16', '3/8'] {'PIECE': 35, 'boxes': 69, 'maxdepth': 6, 'LIN': 35, 'cpu': 20.316129233} unc 0 20s
PIECE leaves with polygon part > 0: 35; poses 1960; bad 0; min mass 1.034935119851039; min area-polybound gap 0.012995256581746016
root ['17/10', '9/5', '23/10', '12/5', '0', '1/16'] {'PIECE': 6, 'boxes': 15, 'maxdepth': 3, 'THR': 4, 'LIN': 4, 'cpu': 57.114064787000004, 'EXACT': 2} unc 0 57s
PIECE leaves with polygon part > 0: 6; poses 336; bad 0; min mass 1.0787308264663569; min area-polybound gap 0.03426407164774377
root ['11/5', '23/10', '9/5', '19/10', '1/16', '1/8'] {'PIECE': 4, 'boxes': 7, 'maxdepth': 2, 'LIN': 4, 'cpu': 1.075708878} unc 0 1s
PIECE leaves with polygon part > 0: 4; poses 224; bad 0; min mass 1.1716443837025052; min area-polybound gap 0.013653128153074937
root ['7/5', '3/2', '3/2', '8/5', '1/16', '1/8'] {'PIECE': 4, 'boxes': 7, 'maxdepth': 3, 'THR': 4, 'cpu': 1.509125734} unc 0 2s
PIECE leaves with polygon part > 0: 4; poses 224; bad 0; min mass 1.0925463355581586; min area-polybound gap 0.0
root ['13/10', '7/5', '21/10', '11/5', '1/16', '1/8'] {'PIECE': 2, 'boxes': 3, 'maxdepth': 1, 'LIN': 2, 'cpu': 0.6621073919999999} unc 0 1s
PIECE leaves with polygon part > 0: 2; poses 112; bad 0; min mass 1.2374583918003397; min area-polybound gap 0.0
root ['8/5', '17/10', '11/10', '6/5', '7/16', '1/2'] {'boxes': 1, 'cpu': 4.96539999999962e-05, 'SYM': 1} unc 0 0s
PIECE leaves with polygon part > 0: 0; poses 0; bad 0; min mass None; min area-polybound gap None
root ['12/5', '5/2', '16/5', '33/10', '3/16', '1/4'] {'boxes': 1, 'cpu': 0.0003903049999999936, 'CAP': 1} unc 0 0s
PIECE leaves with polygon part > 0: 0; poses 0; bad 0; min mass None; min area-polybound gap None
root ['21/10', '11/5', '16/5', '33/10', '5/16', '3/8'] {'boxes': 15, 'maxdepth': 3, 'LIN': 8, 'cpu': 8.29943353, 'EXACT': 8} unc 0 8s
PIECE leaves with polygon part > 0: 0; poses 0; bad 0; min mass None; min area-polybound gap None
root ['19/10', '2', '16/5', '33/10', '3/16', '1/4'] {'PIECE': 3, 'boxes': 15, 'maxdepth': 3, 'LIN': 8, 'cpu': 11.32685232, 'EXACT': 5} unc 0 11s
PIECE leaves with polygon part > 0: 3; poses 168; bad 0; min mass 1.1107730915860086; min area-polybound gap 0.06106165374315855
root ['13/10', '7/5', '5/2', '13/5', '5/16', '3/8'] {'PIECE': 1, 'boxes': 1, 'LIN': 1, 'cpu': 0.277924398} unc 0 0s
PIECE leaves with polygon part > 0: 1; poses 56; bad 0; min mass 1.1163087623629409; min area-polybound gap 0.023571890459307677
root ['3/2', '8/5', '16/5', '33/10', '1/4', '5/16'] {'boxes': 15, 'maxdepth': 3, 'LIN': 8, 'cpu': 21.656458042, 'EXACT': 8} unc 0 22s
PIECE leaves with polygon part > 0: 0; poses 0; bad 0; min mass None; min area-polybound gap None
root ['11/5', '23/10', '19/10', '2', '3/16', '1/4'] {'PIECE': 5, 'boxes': 9, 'maxdepth': 3, 'LIN': 5, 'cpu': 1.539443412} unc 0 2s
PIECE leaves with polygon part > 0: 5; poses 280; bad 0; min mass 1.1538471328264788; min area-polybound gap 0.022230839105246925
root ['17/10', '9/5', '17/10', '9/5', '7/16', '1/2'] {'boxes': 1, 'cpu': 5.090600000000334e-05, 'SYM': 1} unc 0 0s
PIECE leaves with polygon part > 0: 0; poses 0; bad 0; min mass None; min area-polybound gap None
root ['3/2', '8/5', '6/5', '13/10', '3/16', '1/4'] {'PIECE': 2, 'boxes': 3, 'maxdepth': 1, 'LIN': 2, 'cpu': 0.345530664} unc 0 0s
PIECE leaves with polygon part > 0: 0; poses 0; bad 0; min mass None; min area-polybound gap None
root ['11/10', '6/5', '29/10', '3', '5/16', '3/8'] {'PIECE': 1, 'boxes': 1, 'LIN': 1, 'cpu': 0.262556793} unc 0 0s
PIECE leaves with polygon part > 0: 0; poses 0; bad 0; min mass None; min area-polybound gap None
root ['11/5', '23/10', '5/2', '13/5', '7/16', '1/2'] {'boxes': 1, 'cpu': 4.842099999999294e-05, 'SYM': 1} unc 0 0s
PIECE leaves with polygon part > 0: 0; poses 0; bad 0; min mass None; min area-polybound gap None
root ['21/10', '11/5', '6/5', '13/10', '1/4', '5/16'] {'PIECE': 1, 'boxes': 1, 'LIN': 1, 'cpu': 0.23473579600000002} unc 0 0s
PIECE leaves with polygon part > 0: 1; poses 56; bad 0; min mass 1.3836045457793422; min area-polybound gap 0.0068647608099662895
root ['19/10', '2', '33/10', '17/5', '3/16', '1/4'] {'boxes': 15, 'maxdepth': 3, 'LIN': 8, 'cpu': 16.322212071, 'EXACT': 8} unc 0 16s
PIECE leaves with polygon part > 0: 0; poses 0; bad 0; min mass None; min area-polybound gap None
root ['11/10', '6/5', '5/2', '13/5', '0', '1/16'] {'PIECE': 1, 'boxes': 1, 'THR': 1, 'cpu': 0.038357346} unc 0 0s
PIECE leaves with polygon part > 0: 0; poses 0; bad 0; min mass None; min area-polybound gap None
root ['11/10', '6/5', '12/5', '5/2', '7/16', '1/2'] {'boxes': 1, 'cpu': 5.0616000000003325e-05, 'SYM': 1} unc 0 0s
PIECE leaves with polygon part > 0: 0; poses 0; bad 0; min mass None; min area-polybound gap None
root ['21/10', '11/5', '19/10', '2', '1/8', '3/16'] {'PIECE': 4, 'boxes': 7, 'maxdepth': 2, 'LIN': 4, 'cpu': 0.785141867} unc 0 1s
PIECE leaves with polygon part > 0: 4; poses 224; bad 0; min mass 1.19339106721018; min area-polybound gap 0.016765423836983238
root ['9/5', '19/10', '17/5', '7/2', '0', '1/16'] {'PIECE': 8, 'boxes': 15, 'maxdepth': 3, 'LIN': 8, 'cpu': 0.8699804050000001} unc 0 1s
PIECE leaves with polygon part > 0: 8; poses 448; bad 0; min mass 1.082331822832743; min area-polybound gap 0.039727698814199054
root ['11/10', '6/5', '33/10', '17/5', '1/4', '5/16'] {'PIECE': 1, 'boxes': 1, 'LIN': 1, 'cpu': 0.24416160199999998} unc 0 0s
PIECE leaves with polygon part > 0: 0; poses 0; bad 0; min mass None; min area-polybound gap None
root ['2', '21/10', '31/10', '16/5', '1/16', '1/8'] {'PIECE': 5, 'boxes': 15, 'maxdepth': 3, 'THR': 1, 'LIN': 7, 'cpu': 23.654128085, 'EXACT': 3} unc 0 24s
PIECE leaves with polygon part > 0: 5; poses 280; bad 0; min mass 1.1174391031906679; min area-polybound gap 0.05928184664249586
root ['11/5', '23/10', '13/10', '7/5', '7/16', '1/2'] {'boxes': 1, 'cpu': 4.689800000000355e-05, 'SYM': 1} unc 0 0s
PIECE leaves with polygon part > 0: 0; poses 0; bad 0; min mass None; min area-polybound gap None
root ['8/5', '17/10', '27/10', '14/5', '1/16', '1/8'] {'PIECE': 4, 'boxes': 15, 'maxdepth': 3, 'THR': 5, 'LIN': 3, 'cpu': 39.119727007, 'EXACT': 4} unc 0 39s
PIECE leaves with polygon part > 0: 4; poses 224; bad 0; min mass 1.0596179401781314; min area-polybound gap 0.034626375016843756
root ['13/10', '7/5', '13/5', '27/10', '3/8', '7/16'] {'PIECE': 8, 'boxes': 19, 'maxdepth': 5, 'LIN': 9, 'cpu': 5.3406454839999995, 'EXACT': 1, 'SYM': 1} unc 0 5s
PIECE leaves with polygon part > 0: 8; poses 448; bad 0; min mass 1.0744114028093887; min area-polybound gap 0.013936533026124912
root ['6/5', '13/10', '19/10', '2', '0', '1/16'] {'PIECE': 1, 'boxes': 1, 'LIN': 1, 'cpu': 0.03618368300000001} unc 0 0s
PIECE leaves with polygon part > 0: 0; poses 0; bad 0; min mass None; min area-polybound gap None
root ['7/5', '3/2', '11/5', '23/10', '3/16', '1/4'] {'PIECE': 80, 'boxes': 163, 'maxdepth': 8, 'LIN': 82, 'cpu': 55.491107798, 'EXACT': 2} unc 0 56s
timeout/err 14/10 22/10 3
root ['21/10', '11/5', '14/5', '29/10', '1/16', '1/8'] {'PIECE': 7, 'boxes': 13, 'maxdepth': 3, 'LIN': 7, 'cpu': 1.556415703} unc 0 2s
PIECE leaves with polygon part > 0: 7; poses 392; bad 0; min mass 1.145668068750402; min area-polybound gap 0.0639695001005996
root ['7/5', '3/2', '17/5', '7/2', '3/16', '1/4'] {'PIECE': 6, 'boxes': 11, 'maxdepth': 3, 'LIN': 6, 'cpu': 1.964438854} unc 0 2s
PIECE leaves with polygon part > 0: 6; poses 336; bad 0; min mass 1.0859239003129948; min area-polybound gap 0.01773119368888751
root ['21/10', '11/5', '8/5', '17/10', '1/8', '3/16'] {'PIECE': 9, 'boxes': 21, 'maxdepth': 5, 'THR': 2, 'LIN': 9, 'cpu': 22.436230732000002, 'EXACT': 2} unc 0 22s
PIECE leaves with polygon part > 0: 9; poses 504; bad 0; min mass 1.0416372971858225; min area-polybound gap 0.00834432750871405
root ['11/5', '23/10', '29/10', '3', '3/16', '1/4'] {'boxes': 15, 'maxdepth': 3, 'LIN': 8, 'cpu': 13.414010972, 'EXACT': 8} unc 0 13s
PIECE leaves with polygon part > 0: 0; poses 0; bad 0; min mass None; min area-polybound gap None
timeout/err 18/10 15/10 0
DONE
