zeromargin.py sha256 640fe453c1a32f4aa580ca2b1261c6406923a4d7c131f65604a432c7fc2086ab (= pinned)
sha256 1fd203469bb43a55ca7ce376b9717437e0970eead31941ec7fa100ab24d5ba95  zm_mixed.py
sha256 bb89de15ecf5821dd7e1a36ebab8a50d792a406b7fb0f5cb38059f99ef74aae5  mixed_cover.py
sha256 640fe453c1a32f4aa580ca2b1261c6406923a4d7c131f65604a432c7fc2086ab  zeromargin.py
sha256 8b415ceeb5f20b02c4e338ce2feb21bc206051ef6bc5c7e433bebae2ef39fc23  input (certificates/s21/s21_mixed_cover_5.txt)
argv: search/zm_mixed.py cert certificates/s21/s21_mixed_cover_5.txt --d4 --cert-mode --disj --chain-from 0 --depth 24 --pitch 1/20 --ubins 16 --nproc 8 --progress 5000 --resume runs/rerun_0929/s21/roots.jsonl --manifest runs/rerun_0929/s21/manifest.json
settings: {"cert_mode": true, "chain": true, "chain_from": 0, "clip": true, "depth": 24, "lemma_L": true, "lemma_T": true, "mode": "D4", "pitch": "1/20", "reach": "442/625", "region": {"cx_hi": null, "cx_lo": null, "cy_hi": null, "cy_lo": null, "u_hi": null, "u_lo": null}, "split": true, "split_maxchain": 400, "theta_bias": 4, "tprime": false, "ubins": 16}
CERT MODE: Corollary T' and polygon code disabled (0 points on segment lines are treated as ordinary points)
container [0,5]^2, 7536 points, 1872 segments on 8 lines, 0 polygons; total 522368729933/25000000000 = 20.894749197
D4: measure invariant under x -> m-x and x <-> y; roots [0,m/2]^2 x u in [0,1/2]
40000 root boxes x 1 cover(s), depth limit 24, pitch 1/20, u-bins 16, CHAIN on, Lemma T on, Lemma L on
  5000/40000 roots, 5000 boxes, uncert 0, 0s
  10000/40000 roots, 11190 boxes, uncert 0, 26s
  15000/40000 roots, 23660 boxes, uncert 0, 148s
  20000/40000 roots, 57470 boxes, uncert 0, 715s
  25000/40000 roots, 359384 boxes, uncert 0, 4287s
  30000/40000 roots, 396986 boxes, uncert 0, 4906s
  35000/40000 roots, 408130 boxes, uncert 0, 5130s
  40000/40000 roots, 461204 boxes, uncert 0, 6209s
done in 6209s: boxes 461204, max depth 21, CPU 49372 s
  leaves: PIECE 9058  ADM 146017  P1 0  MIX 0  CHAIN 23518  SPLIT 53951  EMPTY 18058  UNCERTIFIED 0   (leaves where Lemma T / Lemma L raised the piece bound: 59152 / 173034; closed by Lemma T with line points: 0)
VERIFIED-D4
manifest written to runs/rerun_0929/s21/manifest.json
