# zmx2 cert hash=117e4b50fad482f5 mode=full atoms=grid depth=40 node_cap=20000000 kappa=1.5 K=30 region=x0-69,y0-69,bins0-3
cover: s = 7/1, 19989 points, 3912 segments, total 2238676387/50000000 = 44.77352774000
roots: 39200 in region, 0 already done (log), 39200 to run, 6 threads
progress 25/39200 roots, 0s
progress 50/39200 roots, 0s
progress 75/39200 roots, 0s
progress 100/39200 roots, 0s
progress 125/39200 roots, 0s
progress 150/39200 roots, 0s
progress 175/39200 roots, 0s
progress 200/39200 roots, 0s
progress 225/39200 roots, 0s
progress 250/39200 roots, 0s
progress 275/39200 roots, 0s
progress 300/39200 roots, 0s
progress 325/39200 roots, 0s
progress 350/39200 roots, 0s
progress 375/39200 roots, 0s
progress 400/39200 roots, 0s
progress 425/39200 roots, 0s
progress 450/39200 roots, 0s
progress 475/39200 roots, 0s
progress 500/39200 roots, 0s
progress 525/39200 roots, 0s
progress 550/39200 roots, 0s
progress 575/39200 roots, 0s
progress 600/39200 roots, 0s
progress 625/39200 roots, 0s
progress 650/39200 roots, 0s
progress 675/39200 roots, 0s
progress 700/39200 roots, 0s
progress 725/39200 roots, 0s
progress 750/39200 roots, 0s
progress 775/39200 roots, 0s
progress 800/39200 roots, 0s
progress 825/39200 roots, 0s
progress 850/39200 roots, 0s
progress 875/39200 roots, 0s
progress 900/39200 roots, 0s
progress 925/39200 roots, 0s
progress 950/39200 roots, 0s
progress 975/39200 roots, 0s
progress 1000/39200 roots, 0s
progress 1025/39200 roots, 0s
progress 1050/39200 roots, 0s
progress 1075/39200 roots, 0s
progress 1100/39200 roots, 0s
progress 1125/39200 roots, 0s
progress 1150/39200 roots, 0s
progress 1175/39200 roots, 0s
progress 1200/39200 roots, 0s
progress 1225/39200 roots, 0s
progress 1250/39200 roots, 0s
progress 1275/39200 roots, 0s
progress 1300/39200 roots, 0s
progress 1325/39200 roots, 0s
progress 1350/39200 roots, 0s
progress 1375/39200 roots, 0s
progress 1400/39200 roots, 0s
progress 1425/39200 roots, 0s
progress 1450/39200 roots, 0s
progress 1475/39200 roots, 0s
progress 1500/39200 roots, 0s
progress 1525/39200 roots, 0s
progress 1550/39200 roots, 0s
progress 1575/39200 roots, 0s
progress 1600/39200 roots, 0s
progress 1625/39200 roots, 0s
progress 1650/39200 roots, 0s
progress 1675/39200 roots, 0s
progress 1700/39200 roots, 0s
progress 1725/39200 roots, 0s
progress 1750/39200 roots, 0s
progress 1775/39200 roots, 0s
progress 1800/39200 roots, 0s
progress 1825/39200 roots, 0s
progress 1850/39200 roots, 0s
progress 1875/39200 roots, 0s
progress 1900/39200 roots, 0s
progress 1925/39200 roots, 0s
progress 1950/39200 roots, 0s
progress 1975/39200 roots, 0s
progress 2000/39200 roots, 0s
progress 2025/39200 roots, 0s
progress 2050/39200 roots, 0s
progress 2075/39200 roots, 0s
progress 2100/39200 roots, 0s
progress 2125/39200 roots, 0s
progress 2150/39200 roots, 0s
progress 2175/39200 roots, 0s
progress 2200/39200 roots, 0s
progress 2225/39200 roots, 0s
progress 2250/39200 roots, 0s
progress 2275/39200 roots, 0s
progress 2300/39200 roots, 0s
progress 2325/39200 roots, 0s
progress 2350/39200 roots, 0s
progress 2375/39200 roots, 0s
progress 2400/39200 roots, 0s
progress 2425/39200 roots, 0s
progress 2450/39200 roots, 0s
progress 2475/39200 roots, 0s
progress 2500/39200 roots, 0s
progress 2525/39200 roots, 0s
progress 2550/39200 roots, 0s
progress 2575/39200 roots, 0s
progress 2600/39200 roots, 0s
progress 2625/39200 roots, 0s
progress 2650/39200 roots, 0s
progress 2675/39200 roots, 0s
progress 2700/39200 roots, 0s
progress 2725/39200 roots, 0s
progress 2750/39200 roots, 0s
progress 2775/39200 roots, 0s
progress 2800/39200 roots, 0s
progress 2825/39200 roots, 0s
progress 2850/39200 roots, 0s
progress 2875/39200 roots, 0s
progress 2900/39200 roots, 0s
progress 2925/39200 roots, 0s
progress 2950/39200 roots, 0s
progress 2975/39200 roots, 0s
progress 3000/39200 roots, 0s
progress 3025/39200 roots, 0s
progress 3050/39200 roots, 0s
progress 3075/39200 roots, 0s
progress 3100/39200 roots, 0s
progress 3125/39200 roots, 0s
progress 3150/39200 roots, 0s
progress 3175/39200 roots, 0s
progress 3200/39200 roots, 0s
progress 3225/39200 roots, 0s
progress 3250/39200 roots, 0s
progress 3275/39200 roots, 0s
progress 3300/39200 roots, 0s
progress 3325/39200 roots, 0s
progress 3350/39200 roots, 0s
progress 3375/39200 roots, 0s
progress 3400/39200 roots, 0s
progress 3425/39200 roots, 0s
progress 3450/39200 roots, 0s
progress 3475/39200 roots, 0s
progress 3500/39200 roots, 0s
progress 3525/39200 roots, 0s
progress 3550/39200 roots, 0s
progress 3575/39200 roots, 0s
progress 3600/39200 roots, 1s
progress 3625/39200 roots, 1s
progress 3650/39200 roots, 1s
progress 3675/39200 roots, 1s
progress 3700/39200 roots, 1s
progress 3725/39200 roots, 1s
progress 3750/39200 roots, 1s
progress 3775/39200 roots, 1s
progress 3800/39200 roots, 1s
progress 3825/39200 roots, 1s
progress 3850/39200 roots, 1s
progress 3875/39200 roots, 1s
progress 3900/39200 roots, 1s
progress 3925/39200 roots, 1s
progress 3950/39200 roots, 1s
progress 3975/39200 roots, 1s
progress 4000/39200 roots, 1s
progress 4025/39200 roots, 1s
progress 4050/39200 roots, 1s
progress 4075/39200 roots, 1s
progress 4100/39200 roots, 1s
progress 4125/39200 roots, 1s
progress 4150/39200 roots, 1s
progress 4175/39200 roots, 1s
progress 4200/39200 roots, 1s
progress 4225/39200 roots, 2s
progress 4250/39200 roots, 2s
progress 4275/39200 roots, 2s
progress 4300/39200 roots, 2s
progress 4325/39200 roots, 2s
progress 4350/39200 roots, 2s
progress 4375/39200 roots, 2s
progress 4400/39200 roots, 2s
progress 4425/39200 roots, 2s
progress 4450/39200 roots, 2s
progress 4475/39200 roots, 2s
progress 4500/39200 roots, 2s
progress 4525/39200 roots, 2s
progress 4550/39200 roots, 2s
progress 4575/39200 roots, 2s
progress 4600/39200 roots, 2s
progress 4625/39200 roots, 2s
progress 4650/39200 roots, 2s
progress 4675/39200 roots, 2s
progress 4700/39200 roots, 2s
progress 4725/39200 roots, 2s
progress 4750/39200 roots, 2s
progress 4775/39200 roots, 2s
progress 4800/39200 roots, 2s
progress 4825/39200 roots, 2s
progress 4850/39200 roots, 2s
progress 4875/39200 roots, 2s
progress 4900/39200 roots, 2s
progress 4925/39200 roots, 2s
progress 4950/39200 roots, 2s
progress 4975/39200 roots, 2s
progress 5000/39200 roots, 2s
progress 5025/39200 roots, 2s
progress 5050/39200 roots, 2s
progress 5075/39200 roots, 2s
progress 5100/39200 roots, 2s
progress 5125/39200 roots, 2s
progress 5150/39200 roots, 2s
progress 5175/39200 roots, 2s
progress 5200/39200 roots, 2s
progress 5225/39200 roots, 2s
progress 5250/39200 roots, 2s
progress 5275/39200 roots, 2s
progress 5300/39200 roots, 2s
progress 5325/39200 roots, 2s
progress 5350/39200 roots, 2s
progress 5375/39200 roots, 2s
progress 5400/39200 roots, 2s
progress 5425/39200 roots, 2s
progress 5450/39200 roots, 2s
progress 5475/39200 roots, 2s
progress 5500/39200 roots, 2s
progress 5525/39200 roots, 2s
progress 5550/39200 roots, 2s
progress 5575/39200 roots, 2s
progress 5600/39200 roots, 2s
progress 5625/39200 roots, 2s
progress 5650/39200 roots, 2s
progress 5675/39200 roots, 2s
progress 5700/39200 roots, 2s
progress 5725/39200 roots, 2s
progress 5750/39200 roots, 3s
progress 5775/39200 roots, 3s
progress 5800/39200 roots, 3s
progress 5825/39200 roots, 3s
progress 5850/39200 roots, 3s
progress 5875/39200 roots, 3s
progress 5900/39200 roots, 3s
progress 5925/39200 roots, 3s
progress 5950/39200 roots, 3s
progress 5975/39200 roots, 3s
progress 6000/39200 roots, 3s
progress 6025/39200 roots, 3s
progress 6050/39200 roots, 3s
progress 6075/39200 roots, 3s
progress 6100/39200 roots, 3s
progress 6125/39200 roots, 3s
progress 6150/39200 roots, 3s
progress 6175/39200 roots, 3s
progress 6200/39200 roots, 3s
progress 6225/39200 roots, 3s
progress 6250/39200 roots, 3s
progress 6275/39200 roots, 3s
progress 6300/39200 roots, 3s
progress 6325/39200 roots, 3s
progress 6350/39200 roots, 3s
progress 6375/39200 roots, 3s
progress 6400/39200 roots, 3s
progress 6425/39200 roots, 3s
progress 6450/39200 roots, 3s
progress 6475/39200 roots, 3s
progress 6500/39200 roots, 3s
progress 6525/39200 roots, 3s
progress 6550/39200 roots, 3s
progress 6575/39200 roots, 3s
progress 6600/39200 roots, 3s
progress 6625/39200 roots, 3s
progress 6650/39200 roots, 3s
progress 6675/39200 roots, 3s
progress 6700/39200 roots, 3s
progress 6725/39200 roots, 3s
progress 6750/39200 roots, 3s
progress 6775/39200 roots, 3s
progress 6800/39200 roots, 4s
progress 6825/39200 roots, 4s
progress 6850/39200 roots, 4s
progress 6875/39200 roots, 4s
progress 6900/39200 roots, 4s
progress 6925/39200 roots, 4s
progress 6950/39200 roots, 4s
progress 6975/39200 roots, 4s
progress 7000/39200 roots, 4s
progress 7025/39200 roots, 4s
progress 7050/39200 roots, 4s
progress 7075/39200 roots, 4s
progress 7100/39200 roots, 4s
progress 7125/39200 roots, 4s
progress 7150/39200 roots, 4s
progress 7175/39200 roots, 4s
progress 7200/39200 roots, 4s
progress 7225/39200 roots, 4s
progress 7250/39200 roots, 4s
progress 7275/39200 roots, 4s
progress 7300/39200 roots, 4s
progress 7325/39200 roots, 4s
progress 7350/39200 roots, 4s
progress 7375/39200 roots, 4s
progress 7400/39200 roots, 4s
progress 7425/39200 roots, 4s
progress 7450/39200 roots, 5s
progress 7475/39200 roots, 5s
progress 7500/39200 roots, 5s
progress 7525/39200 roots, 5s
progress 7550/39200 roots, 5s
progress 7575/39200 roots, 5s
progress 7600/39200 roots, 5s
progress 7625/39200 roots, 5s
progress 7650/39200 roots, 5s
progress 7675/39200 roots, 5s
progress 7700/39200 roots, 5s
progress 7725/39200 roots, 5s
progress 7750/39200 roots, 5s
progress 7775/39200 roots, 5s
progress 7800/39200 roots, 5s
progress 7825/39200 roots, 5s
progress 7850/39200 roots, 5s
progress 7875/39200 roots, 5s
progress 7900/39200 roots, 5s
progress 7925/39200 roots, 5s
progress 7950/39200 roots, 5s
progress 7975/39200 roots, 5s
progress 8000/39200 roots, 5s
progress 8025/39200 roots, 5s
progress 8050/39200 roots, 5s
progress 8075/39200 roots, 5s
progress 8100/39200 roots, 5s
progress 8125/39200 roots, 5s
progress 8150/39200 roots, 5s
progress 8175/39200 roots, 5s
progress 8200/39200 roots, 5s
progress 8225/39200 roots, 5s
progress 8250/39200 roots, 5s
progress 8275/39200 roots, 5s
progress 8300/39200 roots, 5s
progress 8325/39200 roots, 5s
progress 8350/39200 roots, 5s
progress 8375/39200 roots, 5s
progress 8400/39200 roots, 5s
progress 8425/39200 roots, 5s
progress 8450/39200 roots, 5s
progress 8475/39200 roots, 5s
progress 8500/39200 roots, 5s
progress 8525/39200 roots, 5s
progress 8550/39200 roots, 5s
progress 8575/39200 roots, 5s
progress 8600/39200 roots, 5s
progress 8625/39200 roots, 5s
progress 8650/39200 roots, 5s
progress 8675/39200 roots, 5s
progress 8700/39200 roots, 5s
progress 8725/39200 roots, 5s
progress 8750/39200 roots, 5s
progress 8775/39200 roots, 5s
progress 8800/39200 roots, 5s
progress 8825/39200 roots, 5s
progress 8850/39200 roots, 5s
progress 8875/39200 roots, 6s
progress 8900/39200 roots, 6s
progress 8925/39200 roots, 6s
progress 8950/39200 roots, 6s
progress 8975/39200 roots, 6s
progress 9000/39200 roots, 6s
progress 9025/39200 roots, 6s
progress 9050/39200 roots, 6s
progress 9075/39200 roots, 6s
progress 9100/39200 roots, 6s
progress 9125/39200 roots, 6s
progress 9150/39200 roots, 6s
progress 9175/39200 roots, 6s
progress 9200/39200 roots, 6s
progress 9225/39200 roots, 6s
progress 9250/39200 roots, 6s
progress 9275/39200 roots, 6s
progress 9300/39200 roots, 6s
progress 9325/39200 roots, 6s
progress 9350/39200 roots, 6s
progress 9375/39200 roots, 6s
progress 9400/39200 roots, 6s
progress 9425/39200 roots, 6s
progress 9450/39200 roots, 6s
progress 9475/39200 roots, 6s
progress 9500/39200 roots, 6s
progress 9525/39200 roots, 6s
progress 9550/39200 roots, 6s
progress 9575/39200 roots, 6s
progress 9600/39200 roots, 6s
progress 9625/39200 roots, 6s
progress 9650/39200 roots, 6s
progress 9675/39200 roots, 6s
progress 9700/39200 roots, 7s
progress 9725/39200 roots, 7s
progress 9750/39200 roots, 7s
progress 9775/39200 roots, 7s
progress 9800/39200 roots, 7s
progress 9825/39200 roots, 7s
progress 9850/39200 roots, 7s
progress 9875/39200 roots, 7s
progress 9900/39200 roots, 7s
progress 9925/39200 roots, 7s
progress 9950/39200 roots, 7s
progress 9975/39200 roots, 7s
progress 10000/39200 roots, 7s
progress 10025/39200 roots, 7s
progress 10050/39200 roots, 7s
progress 10075/39200 roots, 7s
progress 10100/39200 roots, 7s
progress 10125/39200 roots, 7s
progress 10150/39200 roots, 7s
progress 10175/39200 roots, 7s
progress 10200/39200 roots, 7s
progress 10225/39200 roots, 7s
progress 10250/39200 roots, 7s
progress 10275/39200 roots, 7s
progress 10300/39200 roots, 7s
progress 10325/39200 roots, 7s
progress 10350/39200 roots, 7s
progress 10375/39200 roots, 7s
progress 10400/39200 roots, 7s
progress 10425/39200 roots, 7s
progress 10450/39200 roots, 7s
progress 10475/39200 roots, 7s
progress 10500/39200 roots, 8s
progress 10525/39200 roots, 8s
progress 10550/39200 roots, 8s
progress 10575/39200 roots, 8s
progress 10600/39200 roots, 8s
progress 10625/39200 roots, 8s
progress 10650/39200 roots, 8s
progress 10675/39200 roots, 8s
progress 10700/39200 roots, 8s
progress 10725/39200 roots, 8s
progress 10750/39200 roots, 8s
progress 10775/39200 roots, 8s
progress 10800/39200 roots, 8s
progress 10825/39200 roots, 8s
progress 10850/39200 roots, 8s
progress 10875/39200 roots, 8s
progress 10900/39200 roots, 8s
progress 10925/39200 roots, 8s
progress 10950/39200 roots, 8s
progress 10975/39200 roots, 8s
progress 11000/39200 roots, 8s
progress 11025/39200 roots, 8s
progress 11050/39200 roots, 8s
progress 11075/39200 roots, 8s
progress 11100/39200 roots, 8s
progress 11125/39200 roots, 8s
progress 11150/39200 roots, 8s
progress 11175/39200 roots, 8s
progress 11200/39200 roots, 8s
progress 11225/39200 roots, 8s
progress 11250/39200 roots, 8s
progress 11275/39200 roots, 8s
progress 11300/39200 roots, 8s
progress 11325/39200 roots, 8s
progress 11350/39200 roots, 8s
progress 11375/39200 roots, 8s
progress 11400/39200 roots, 8s
progress 11425/39200 roots, 8s
progress 11450/39200 roots, 8s
progress 11475/39200 roots, 8s
progress 11500/39200 roots, 8s
progress 11525/39200 roots, 8s
progress 11550/39200 roots, 8s
progress 11575/39200 roots, 8s
progress 11600/39200 roots, 8s
progress 11625/39200 roots, 8s
progress 11650/39200 roots, 8s
progress 11675/39200 roots, 8s
progress 11700/39200 roots, 9s
progress 11725/39200 roots, 9s
progress 11750/39200 roots, 9s
progress 11775/39200 roots, 9s
progress 11800/39200 roots, 9s
progress 11825/39200 roots, 9s
progress 11850/39200 roots, 9s
progress 11875/39200 roots, 9s
progress 11900/39200 roots, 9s
progress 11925/39200 roots, 9s
progress 11950/39200 roots, 9s
progress 11975/39200 roots, 9s
progress 12000/39200 roots, 9s
progress 12025/39200 roots, 9s
progress 12050/39200 roots, 9s
progress 12075/39200 roots, 9s
progress 12100/39200 roots, 9s
progress 12125/39200 roots, 9s
progress 12150/39200 roots, 9s
progress 12175/39200 roots, 9s
progress 12200/39200 roots, 9s
progress 12225/39200 roots, 9s
progress 12250/39200 roots, 9s
progress 12275/39200 roots, 9s
progress 12300/39200 roots, 9s
progress 12325/39200 roots, 9s
progress 12350/39200 roots, 9s
progress 12375/39200 roots, 9s
progress 12400/39200 roots, 9s
progress 12425/39200 roots, 9s
progress 12450/39200 roots, 9s
progress 12475/39200 roots, 9s
progress 12500/39200 roots, 9s
progress 12525/39200 roots, 9s
progress 12550/39200 roots, 9s
progress 12575/39200 roots, 9s
progress 12600/39200 roots, 9s
progress 12625/39200 roots, 9s
progress 12650/39200 roots, 9s
progress 12675/39200 roots, 9s
progress 12700/39200 roots, 9s
progress 12725/39200 roots, 10s
progress 12750/39200 roots, 10s
progress 12775/39200 roots, 10s
progress 12800/39200 roots, 10s
progress 12825/39200 roots, 10s
progress 12850/39200 roots, 10s
progress 12875/39200 roots, 10s
progress 12900/39200 roots, 10s
progress 12925/39200 roots, 10s
progress 12950/39200 roots, 10s
progress 12975/39200 roots, 10s
progress 13000/39200 roots, 10s
progress 13025/39200 roots, 10s
progress 13050/39200 roots, 10s
progress 13075/39200 roots, 10s
progress 13100/39200 roots, 10s
progress 13125/39200 roots, 10s
progress 13150/39200 roots, 10s
progress 13175/39200 roots, 10s
progress 13200/39200 roots, 10s
progress 13225/39200 roots, 10s
progress 13250/39200 roots, 10s
progress 13275/39200 roots, 10s
progress 13300/39200 roots, 10s
progress 13325/39200 roots, 10s
progress 13350/39200 roots, 10s
progress 13375/39200 roots, 10s
progress 13400/39200 roots, 10s
progress 13425/39200 roots, 10s
progress 13450/39200 roots, 10s
progress 13475/39200 roots, 10s
progress 13500/39200 roots, 11s
progress 13525/39200 roots, 11s
progress 13550/39200 roots, 11s
progress 13575/39200 roots, 11s
progress 13600/39200 roots, 11s
progress 13625/39200 roots, 11s
progress 13650/39200 roots, 11s
progress 13675/39200 roots, 11s
progress 13700/39200 roots, 11s
progress 13725/39200 roots, 11s
progress 13750/39200 roots, 11s
progress 13775/39200 roots, 11s
progress 13800/39200 roots, 11s
progress 13825/39200 roots, 11s
progress 13850/39200 roots, 11s
progress 13875/39200 roots, 11s
progress 13900/39200 roots, 11s
progress 13925/39200 roots, 11s
progress 13950/39200 roots, 11s
progress 13975/39200 roots, 11s
progress 14000/39200 roots, 11s
progress 14025/39200 roots, 11s
progress 14050/39200 roots, 11s
progress 14075/39200 roots, 11s
progress 14100/39200 roots, 11s
progress 14125/39200 roots, 11s
progress 14150/39200 roots, 11s
progress 14175/39200 roots, 11s
progress 14200/39200 roots, 11s
progress 14225/39200 roots, 11s
progress 14250/39200 roots, 11s
progress 14275/39200 roots, 11s
progress 14300/39200 roots, 11s
progress 14325/39200 roots, 11s
progress 14350/39200 roots, 11s
progress 14375/39200 roots, 11s
progress 14400/39200 roots, 11s
progress 14425/39200 roots, 11s
progress 14450/39200 roots, 11s
progress 14475/39200 roots, 11s
progress 14500/39200 roots, 11s
progress 14525/39200 roots, 11s
progress 14550/39200 roots, 11s
progress 14575/39200 roots, 11s
progress 14600/39200 roots, 11s
progress 14625/39200 roots, 11s
progress 14650/39200 roots, 11s
progress 14675/39200 roots, 11s
progress 14700/39200 roots, 11s
progress 14725/39200 roots, 11s
progress 14750/39200 roots, 11s
progress 14775/39200 roots, 11s
progress 14800/39200 roots, 11s
progress 14825/39200 roots, 11s
progress 14850/39200 roots, 11s
progress 14875/39200 roots, 11s
progress 14900/39200 roots, 11s
progress 14925/39200 roots, 11s
progress 14950/39200 roots, 11s
progress 14975/39200 roots, 11s
progress 15000/39200 roots, 11s
progress 15025/39200 roots, 11s
progress 15050/39200 roots, 11s
progress 15075/39200 roots, 11s
progress 15100/39200 roots, 11s
progress 15125/39200 roots, 11s
progress 15150/39200 roots, 11s
progress 15175/39200 roots, 11s
progress 15200/39200 roots, 11s
progress 15225/39200 roots, 11s
progress 15250/39200 roots, 11s
progress 15275/39200 roots, 11s
progress 15300/39200 roots, 11s
progress 15325/39200 roots, 11s
progress 15350/39200 roots, 11s
progress 15375/39200 roots, 11s
progress 15400/39200 roots, 12s
progress 15425/39200 roots, 12s
progress 15450/39200 roots, 12s
progress 15475/39200 roots, 12s
progress 15500/39200 roots, 12s
progress 15525/39200 roots, 12s
progress 15550/39200 roots, 12s
progress 15575/39200 roots, 12s
progress 15600/39200 roots, 12s
progress 15625/39200 roots, 12s
progress 15650/39200 roots, 12s
progress 15675/39200 roots, 12s
progress 15700/39200 roots, 12s
progress 15725/39200 roots, 12s
progress 15750/39200 roots, 12s
progress 15775/39200 roots, 12s
progress 15800/39200 roots, 12s
progress 15825/39200 roots, 12s
progress 15850/39200 roots, 12s
progress 15875/39200 roots, 12s
progress 15900/39200 roots, 12s
progress 15925/39200 roots, 12s
progress 15950/39200 roots, 12s
progress 15975/39200 roots, 12s
progress 16000/39200 roots, 12s
progress 16025/39200 roots, 12s
progress 16050/39200 roots, 12s
progress 16075/39200 roots, 13s
progress 16100/39200 roots, 13s
progress 16125/39200 roots, 13s
progress 16150/39200 roots, 13s
progress 16175/39200 roots, 13s
progress 16200/39200 roots, 13s
progress 16225/39200 roots, 13s
progress 16250/39200 roots, 13s
progress 16275/39200 roots, 13s
progress 16300/39200 roots, 13s
progress 16325/39200 roots, 13s
progress 16350/39200 roots, 13s
progress 16375/39200 roots, 13s
progress 16400/39200 roots, 13s
progress 16425/39200 roots, 13s
progress 16450/39200 roots, 13s
progress 16475/39200 roots, 13s
progress 16500/39200 roots, 13s
progress 16525/39200 roots, 13s
progress 16550/39200 roots, 13s
progress 16575/39200 roots, 13s
progress 16600/39200 roots, 13s
progress 16625/39200 roots, 13s
progress 16650/39200 roots, 13s
progress 16675/39200 roots, 13s
progress 16700/39200 roots, 13s
progress 16725/39200 roots, 13s
progress 16750/39200 roots, 13s
progress 16775/39200 roots, 13s
progress 16800/39200 roots, 13s
progress 16825/39200 roots, 13s
progress 16850/39200 roots, 13s
progress 16875/39200 roots, 13s
progress 16900/39200 roots, 13s
progress 16925/39200 roots, 13s
progress 16950/39200 roots, 13s
progress 16975/39200 roots, 13s
progress 17000/39200 roots, 13s
progress 17025/39200 roots, 13s
progress 17050/39200 roots, 13s
progress 17075/39200 roots, 13s
progress 17100/39200 roots, 13s
progress 17125/39200 roots, 13s
progress 17150/39200 roots, 13s
progress 17175/39200 roots, 13s
progress 17200/39200 roots, 13s
progress 17225/39200 roots, 13s
progress 17250/39200 roots, 13s
progress 17275/39200 roots, 13s
progress 17300/39200 roots, 13s
progress 17325/39200 roots, 13s
progress 17350/39200 roots, 13s
progress 17375/39200 roots, 13s
progress 17400/39200 roots, 13s
progress 17425/39200 roots, 13s
progress 17450/39200 roots, 13s
progress 17475/39200 roots, 13s
progress 17500/39200 roots, 13s
progress 17525/39200 roots, 13s
progress 17550/39200 roots, 13s
progress 17575/39200 roots, 13s
progress 17600/39200 roots, 13s
progress 17625/39200 roots, 13s
progress 17650/39200 roots, 13s
progress 17675/39200 roots, 13s
progress 17700/39200 roots, 13s
progress 17725/39200 roots, 13s
progress 17750/39200 roots, 13s
progress 17775/39200 roots, 13s
progress 17800/39200 roots, 13s
progress 17825/39200 roots, 13s
progress 17850/39200 roots, 13s
progress 17875/39200 roots, 13s
progress 17900/39200 roots, 13s
progress 17925/39200 roots, 13s
progress 17950/39200 roots, 13s
progress 17975/39200 roots, 13s
progress 18000/39200 roots, 13s
progress 18025/39200 roots, 13s
progress 18050/39200 roots, 13s
progress 18075/39200 roots, 13s
progress 18100/39200 roots, 13s
progress 18125/39200 roots, 13s
progress 18150/39200 roots, 13s
progress 18175/39200 roots, 13s
progress 18200/39200 roots, 13s
progress 18225/39200 roots, 13s
progress 18250/39200 roots, 13s
progress 18275/39200 roots, 13s
progress 18300/39200 roots, 13s
progress 18325/39200 roots, 13s
progress 18350/39200 roots, 13s
progress 18375/39200 roots, 13s
progress 18400/39200 roots, 13s
progress 18425/39200 roots, 13s
progress 18450/39200 roots, 13s
progress 18475/39200 roots, 13s
progress 18500/39200 roots, 13s
progress 18525/39200 roots, 13s
progress 18550/39200 roots, 13s
progress 18575/39200 roots, 13s
progress 18600/39200 roots, 13s
progress 18625/39200 roots, 13s
progress 18650/39200 roots, 13s
progress 18675/39200 roots, 13s
progress 18700/39200 roots, 13s
progress 18725/39200 roots, 13s
progress 18750/39200 roots, 13s
progress 18775/39200 roots, 13s
progress 18800/39200 roots, 13s
progress 18825/39200 roots, 13s
progress 18850/39200 roots, 13s
progress 18875/39200 roots, 13s
progress 18900/39200 roots, 13s
progress 18925/39200 roots, 13s
progress 18950/39200 roots, 13s
progress 18975/39200 roots, 13s
progress 19000/39200 roots, 13s
progress 19025/39200 roots, 13s
progress 19050/39200 roots, 13s
progress 19075/39200 roots, 13s
progress 19100/39200 roots, 13s
progress 19125/39200 roots, 13s
progress 19150/39200 roots, 13s
progress 19175/39200 roots, 13s
progress 19200/39200 roots, 13s
progress 19225/39200 roots, 13s
progress 19250/39200 roots, 13s
progress 19275/39200 roots, 13s
progress 19300/39200 roots, 13s
progress 19325/39200 roots, 13s
progress 19350/39200 roots, 13s
progress 19375/39200 roots, 13s
progress 19400/39200 roots, 13s
progress 19425/39200 roots, 13s
progress 19450/39200 roots, 13s
progress 19475/39200 roots, 13s
progress 19500/39200 roots, 13s
progress 19525/39200 roots, 13s
progress 19550/39200 roots, 13s
progress 19575/39200 roots, 13s
progress 19600/39200 roots, 13s
progress 19625/39200 roots, 13s
progress 19650/39200 roots, 13s
progress 19675/39200 roots, 13s
progress 19700/39200 roots, 13s
progress 19725/39200 roots, 13s
progress 19750/39200 roots, 13s
progress 19775/39200 roots, 13s
progress 19800/39200 roots, 13s
progress 19825/39200 roots, 13s
progress 19850/39200 roots, 13s
progress 19875/39200 roots, 13s
progress 19900/39200 roots, 13s
progress 19925/39200 roots, 13s
progress 19950/39200 roots, 13s
progress 19975/39200 roots, 13s
progress 20000/39200 roots, 13s
progress 20025/39200 roots, 13s
progress 20050/39200 roots, 13s
progress 20075/39200 roots, 13s
progress 20100/39200 roots, 13s
progress 20125/39200 roots, 13s
progress 20150/39200 roots, 13s
progress 20175/39200 roots, 13s
progress 20200/39200 roots, 13s
progress 20225/39200 roots, 13s
progress 20250/39200 roots, 13s
progress 20275/39200 roots, 13s
progress 20300/39200 roots, 13s
progress 20325/39200 roots, 13s
progress 20350/39200 roots, 13s
progress 20375/39200 roots, 13s
progress 20400/39200 roots, 13s
progress 20425/39200 roots, 13s
progress 20450/39200 roots, 13s
progress 20475/39200 roots, 13s
progress 20500/39200 roots, 13s
progress 20525/39200 roots, 13s
progress 20550/39200 roots, 13s
progress 20575/39200 roots, 13s
progress 20600/39200 roots, 13s
progress 20625/39200 roots, 13s
progress 20650/39200 roots, 13s
progress 20675/39200 roots, 13s
progress 20700/39200 roots, 13s
progress 20725/39200 roots, 13s
progress 20750/39200 roots, 13s
progress 20775/39200 roots, 13s
progress 20800/39200 roots, 13s
progress 20825/39200 roots, 13s
progress 20850/39200 roots, 13s
progress 20875/39200 roots, 13s
progress 20900/39200 roots, 13s
progress 20925/39200 roots, 13s
progress 20950/39200 roots, 13s
progress 20975/39200 roots, 13s
progress 21000/39200 roots, 13s
progress 21025/39200 roots, 13s
progress 21050/39200 roots, 13s
progress 21075/39200 roots, 13s
progress 21100/39200 roots, 13s
progress 21125/39200 roots, 13s
progress 21150/39200 roots, 13s
progress 21175/39200 roots, 13s
progress 21200/39200 roots, 13s
progress 21225/39200 roots, 13s
progress 21250/39200 roots, 13s
progress 21275/39200 roots, 13s
progress 21300/39200 roots, 13s
progress 21325/39200 roots, 13s
progress 21350/39200 roots, 13s
progress 21375/39200 roots, 13s
progress 21400/39200 roots, 13s
progress 21425/39200 roots, 13s
progress 21450/39200 roots, 13s
progress 21475/39200 roots, 13s
progress 21500/39200 roots, 13s
progress 21525/39200 roots, 13s
progress 21550/39200 roots, 13s
progress 21575/39200 roots, 13s
progress 21600/39200 roots, 13s
progress 21625/39200 roots, 13s
progress 21650/39200 roots, 13s
progress 21675/39200 roots, 13s
progress 21700/39200 roots, 13s
progress 21725/39200 roots, 13s
progress 21750/39200 roots, 13s
progress 21775/39200 roots, 13s
progress 21800/39200 roots, 13s
progress 21825/39200 roots, 13s
progress 21850/39200 roots, 13s
progress 21875/39200 roots, 13s
progress 21900/39200 roots, 13s
progress 21925/39200 roots, 13s
progress 21950/39200 roots, 13s
progress 21975/39200 roots, 13s
progress 22000/39200 roots, 13s
progress 22025/39200 roots, 13s
progress 22050/39200 roots, 13s
progress 22075/39200 roots, 13s
progress 22100/39200 roots, 13s
progress 22125/39200 roots, 13s
progress 22150/39200 roots, 13s
progress 22175/39200 roots, 13s
progress 22200/39200 roots, 13s
progress 22225/39200 roots, 13s
progress 22250/39200 roots, 13s
progress 22275/39200 roots, 13s
progress 22300/39200 roots, 13s
progress 22325/39200 roots, 13s
progress 22350/39200 roots, 13s
progress 22375/39200 roots, 13s
progress 22400/39200 roots, 13s
progress 22425/39200 roots, 13s
progress 22450/39200 roots, 13s
progress 22475/39200 roots, 13s
progress 22500/39200 roots, 13s
progress 22525/39200 roots, 13s
progress 22550/39200 roots, 13s
progress 22575/39200 roots, 13s
progress 22600/39200 roots, 13s
progress 22625/39200 roots, 13s
progress 22650/39200 roots, 13s
progress 22675/39200 roots, 13s
progress 22700/39200 roots, 13s
progress 22725/39200 roots, 13s
progress 22750/39200 roots, 13s
progress 22775/39200 roots, 13s
progress 22800/39200 roots, 13s
progress 22825/39200 roots, 13s
progress 22850/39200 roots, 13s
progress 22875/39200 roots, 13s
progress 22900/39200 roots, 13s
progress 22925/39200 roots, 13s
progress 22950/39200 roots, 13s
progress 22975/39200 roots, 13s
progress 23000/39200 roots, 13s
progress 23025/39200 roots, 13s
progress 23050/39200 roots, 13s
progress 23075/39200 roots, 13s
progress 23100/39200 roots, 13s
progress 23125/39200 roots, 13s
progress 23150/39200 roots, 13s
progress 23175/39200 roots, 13s
progress 23200/39200 roots, 14s
progress 23225/39200 roots, 14s
progress 23250/39200 roots, 14s
progress 23275/39200 roots, 14s
progress 23300/39200 roots, 14s
progress 23325/39200 roots, 14s
progress 23350/39200 roots, 14s
progress 23375/39200 roots, 14s
progress 23400/39200 roots, 14s
progress 23425/39200 roots, 14s
progress 23450/39200 roots, 14s
progress 23475/39200 roots, 14s
progress 23500/39200 roots, 14s
progress 23525/39200 roots, 14s
progress 23550/39200 roots, 14s
progress 23575/39200 roots, 14s
progress 23600/39200 roots, 14s
progress 23625/39200 roots, 14s
progress 23650/39200 roots, 14s
progress 23675/39200 roots, 14s
progress 23700/39200 roots, 14s
progress 23725/39200 roots, 14s
progress 23750/39200 roots, 14s
progress 23775/39200 roots, 14s
progress 23800/39200 roots, 14s
progress 23825/39200 roots, 14s
progress 23850/39200 roots, 14s
progress 23875/39200 roots, 15s
progress 23900/39200 roots, 15s
progress 23925/39200 roots, 15s
progress 23950/39200 roots, 15s
progress 23975/39200 roots, 15s
progress 24000/39200 roots, 15s
progress 24025/39200 roots, 15s
progress 24050/39200 roots, 15s
progress 24075/39200 roots, 15s
progress 24100/39200 roots, 15s
progress 24125/39200 roots, 15s
progress 24150/39200 roots, 15s
progress 24175/39200 roots, 15s
progress 24200/39200 roots, 15s
progress 24225/39200 roots, 15s
progress 24250/39200 roots, 15s
progress 24275/39200 roots, 15s
progress 24300/39200 roots, 15s
progress 24325/39200 roots, 15s
progress 24350/39200 roots, 15s
progress 24375/39200 roots, 15s
progress 24400/39200 roots, 15s
progress 24425/39200 roots, 15s
progress 24450/39200 roots, 15s
progress 24475/39200 roots, 15s
progress 24500/39200 roots, 15s
progress 24525/39200 roots, 15s
progress 24550/39200 roots, 15s
progress 24575/39200 roots, 15s
progress 24600/39200 roots, 15s
progress 24625/39200 roots, 15s
progress 24650/39200 roots, 15s
progress 24675/39200 roots, 15s
progress 24700/39200 roots, 15s
progress 24725/39200 roots, 15s
progress 24750/39200 roots, 15s
progress 24775/39200 roots, 15s
progress 24800/39200 roots, 15s
progress 24825/39200 roots, 15s
progress 24850/39200 roots, 15s
progress 24875/39200 roots, 15s
progress 24900/39200 roots, 15s
progress 24925/39200 roots, 15s
progress 24950/39200 roots, 15s
progress 24975/39200 roots, 15s
progress 25000/39200 roots, 15s
progress 25025/39200 roots, 15s
progress 25050/39200 roots, 15s
progress 25075/39200 roots, 15s
progress 25100/39200 roots, 15s
progress 25125/39200 roots, 15s
progress 25150/39200 roots, 15s
progress 25175/39200 roots, 15s
progress 25200/39200 roots, 15s
progress 25225/39200 roots, 15s
progress 25250/39200 roots, 15s
progress 25275/39200 roots, 15s
progress 25300/39200 roots, 15s
progress 25325/39200 roots, 15s
progress 25350/39200 roots, 15s
progress 25375/39200 roots, 15s
progress 25400/39200 roots, 15s
progress 25425/39200 roots, 15s
progress 25450/39200 roots, 15s
progress 25475/39200 roots, 15s
progress 25500/39200 roots, 15s
progress 25525/39200 roots, 15s
progress 25550/39200 roots, 15s
progress 25575/39200 roots, 15s
progress 25600/39200 roots, 15s
progress 25625/39200 roots, 15s
progress 25650/39200 roots, 16s
progress 25675/39200 roots, 16s
progress 25700/39200 roots, 16s
progress 25725/39200 roots, 16s
progress 25750/39200 roots, 16s
progress 25775/39200 roots, 16s
progress 25800/39200 roots, 16s
progress 25825/39200 roots, 16s
progress 25850/39200 roots, 16s
progress 25875/39200 roots, 16s
progress 25900/39200 roots, 16s
progress 25925/39200 roots, 16s
progress 25950/39200 roots, 16s
progress 25975/39200 roots, 16s
progress 26000/39200 roots, 16s
progress 26025/39200 roots, 16s
progress 26050/39200 roots, 16s
progress 26075/39200 roots, 16s
progress 26100/39200 roots, 16s
progress 26125/39200 roots, 16s
progress 26150/39200 roots, 16s
progress 26175/39200 roots, 16s
progress 26200/39200 roots, 16s
progress 26225/39200 roots, 16s
progress 26250/39200 roots, 16s
progress 26275/39200 roots, 16s
progress 26300/39200 roots, 16s
progress 26325/39200 roots, 16s
progress 26350/39200 roots, 16s
progress 26375/39200 roots, 16s
progress 26400/39200 roots, 16s
progress 26425/39200 roots, 16s
progress 26450/39200 roots, 16s
progress 26475/39200 roots, 17s
progress 26500/39200 roots, 17s
progress 26525/39200 roots, 17s
progress 26550/39200 roots, 17s
progress 26575/39200 roots, 17s
progress 26600/39200 roots, 17s
progress 26625/39200 roots, 17s
progress 26650/39200 roots, 17s
progress 26675/39200 roots, 17s
progress 26700/39200 roots, 17s
progress 26725/39200 roots, 17s
progress 26750/39200 roots, 17s
progress 26775/39200 roots, 17s
progress 26800/39200 roots, 17s
progress 26825/39200 roots, 17s
progress 26850/39200 roots, 17s
progress 26875/39200 roots, 17s
progress 26900/39200 roots, 17s
progress 26925/39200 roots, 17s
progress 26950/39200 roots, 17s
progress 26975/39200 roots, 17s
progress 27000/39200 roots, 17s
progress 27025/39200 roots, 17s
progress 27050/39200 roots, 17s
progress 27075/39200 roots, 17s
progress 27100/39200 roots, 17s
progress 27125/39200 roots, 17s
progress 27150/39200 roots, 17s
progress 27175/39200 roots, 17s
progress 27200/39200 roots, 17s
progress 27225/39200 roots, 17s
progress 27250/39200 roots, 17s
progress 27275/39200 roots, 17s
progress 27300/39200 roots, 17s
progress 27325/39200 roots, 17s
progress 27350/39200 roots, 18s
progress 27375/39200 roots, 18s
progress 27400/39200 roots, 18s
progress 27425/39200 roots, 18s
progress 27450/39200 roots, 18s
progress 27475/39200 roots, 18s
progress 27500/39200 roots, 18s
progress 27525/39200 roots, 18s
progress 27550/39200 roots, 18s
progress 27575/39200 roots, 18s
progress 27600/39200 roots, 18s
progress 27625/39200 roots, 18s
progress 27650/39200 roots, 18s
progress 27675/39200 roots, 18s
progress 27700/39200 roots, 18s
progress 27725/39200 roots, 18s
progress 27750/39200 roots, 18s
progress 27775/39200 roots, 18s
progress 27800/39200 roots, 18s
progress 27825/39200 roots, 18s
progress 27850/39200 roots, 18s
progress 27875/39200 roots, 18s
progress 27900/39200 roots, 18s
progress 27925/39200 roots, 18s
progress 27950/39200 roots, 18s
progress 27975/39200 roots, 18s
progress 28000/39200 roots, 18s
progress 28025/39200 roots, 18s
progress 28050/39200 roots, 18s
progress 28075/39200 roots, 18s
progress 28100/39200 roots, 18s
progress 28125/39200 roots, 18s
progress 28150/39200 roots, 18s
progress 28175/39200 roots, 18s
progress 28200/39200 roots, 18s
progress 28225/39200 roots, 18s
progress 28250/39200 roots, 18s
progress 28275/39200 roots, 18s
progress 28300/39200 roots, 18s
progress 28325/39200 roots, 18s
progress 28350/39200 roots, 18s
progress 28375/39200 roots, 18s
progress 28400/39200 roots, 18s
progress 28425/39200 roots, 18s
progress 28450/39200 roots, 18s
progress 28475/39200 roots, 18s
progress 28500/39200 roots, 18s
progress 28525/39200 roots, 18s
progress 28550/39200 roots, 18s
progress 28575/39200 roots, 18s
progress 28600/39200 roots, 18s
progress 28625/39200 roots, 18s
progress 28650/39200 roots, 18s
progress 28675/39200 roots, 19s
progress 28700/39200 roots, 19s
progress 28725/39200 roots, 19s
progress 28750/39200 roots, 19s
progress 28775/39200 roots, 19s
progress 28800/39200 roots, 19s
progress 28825/39200 roots, 19s
progress 28850/39200 roots, 19s
progress 28875/39200 roots, 19s
progress 28900/39200 roots, 19s
progress 28925/39200 roots, 19s
progress 28950/39200 roots, 19s
progress 28975/39200 roots, 19s
progress 29000/39200 roots, 19s
progress 29025/39200 roots, 19s
progress 29050/39200 roots, 19s
progress 29075/39200 roots, 19s
progress 29100/39200 roots, 19s
progress 29125/39200 roots, 19s
progress 29150/39200 roots, 19s
progress 29175/39200 roots, 19s
progress 29200/39200 roots, 19s
progress 29225/39200 roots, 19s
progress 29250/39200 roots, 19s
progress 29275/39200 roots, 19s
progress 29300/39200 roots, 19s
progress 29325/39200 roots, 19s
progress 29350/39200 roots, 19s
progress 29375/39200 roots, 19s
progress 29400/39200 roots, 19s
progress 29425/39200 roots, 19s
progress 29450/39200 roots, 19s
progress 29475/39200 roots, 20s
progress 29500/39200 roots, 20s
progress 29525/39200 roots, 20s
progress 29550/39200 roots, 20s
progress 29575/39200 roots, 20s
progress 29600/39200 roots, 20s
progress 29625/39200 roots, 20s
progress 29650/39200 roots, 20s
progress 29675/39200 roots, 20s
progress 29700/39200 roots, 20s
progress 29725/39200 roots, 20s
progress 29750/39200 roots, 20s
progress 29775/39200 roots, 20s
progress 29800/39200 roots, 20s
progress 29825/39200 roots, 20s
progress 29850/39200 roots, 20s
progress 29875/39200 roots, 20s
progress 29900/39200 roots, 20s
progress 29925/39200 roots, 20s
progress 29950/39200 roots, 20s
progress 29975/39200 roots, 20s
progress 30000/39200 roots, 20s
progress 30025/39200 roots, 20s
progress 30050/39200 roots, 20s
progress 30075/39200 roots, 20s
progress 30100/39200 roots, 20s
progress 30125/39200 roots, 20s
progress 30150/39200 roots, 20s
progress 30175/39200 roots, 20s
progress 30200/39200 roots, 20s
progress 30225/39200 roots, 20s
progress 30250/39200 roots, 20s
progress 30275/39200 roots, 20s
progress 30300/39200 roots, 21s
progress 30325/39200 roots, 21s
progress 30350/39200 roots, 21s
progress 30375/39200 roots, 21s
progress 30400/39200 roots, 21s
progress 30425/39200 roots, 21s
progress 30450/39200 roots, 21s
progress 30475/39200 roots, 21s
progress 30500/39200 roots, 21s
progress 30525/39200 roots, 21s
progress 30550/39200 roots, 21s
progress 30575/39200 roots, 21s
progress 30600/39200 roots, 21s
progress 30625/39200 roots, 21s
progress 30650/39200 roots, 21s
progress 30675/39200 roots, 21s
progress 30700/39200 roots, 21s
progress 30725/39200 roots, 21s
progress 30750/39200 roots, 21s
progress 30775/39200 roots, 21s
progress 30800/39200 roots, 21s
progress 30825/39200 roots, 21s
progress 30850/39200 roots, 21s
progress 30875/39200 roots, 21s
progress 30900/39200 roots, 21s
progress 30925/39200 roots, 21s
progress 30950/39200 roots, 21s
progress 30975/39200 roots, 21s
progress 31000/39200 roots, 21s
progress 31025/39200 roots, 21s
progress 31050/39200 roots, 21s
progress 31075/39200 roots, 21s
progress 31100/39200 roots, 21s
progress 31125/39200 roots, 21s
progress 31150/39200 roots, 21s
progress 31175/39200 roots, 21s
progress 31200/39200 roots, 21s
progress 31225/39200 roots, 21s
progress 31250/39200 roots, 21s
progress 31275/39200 roots, 21s
progress 31300/39200 roots, 21s
progress 31325/39200 roots, 21s
progress 31350/39200 roots, 21s
progress 31375/39200 roots, 21s
progress 31400/39200 roots, 21s
progress 31425/39200 roots, 21s
progress 31450/39200 roots, 21s
progress 31475/39200 roots, 21s
progress 31500/39200 roots, 21s
progress 31525/39200 roots, 21s
progress 31550/39200 roots, 21s
progress 31575/39200 roots, 21s
progress 31600/39200 roots, 21s
progress 31625/39200 roots, 21s
progress 31650/39200 roots, 21s
progress 31675/39200 roots, 21s
progress 31700/39200 roots, 21s
progress 31725/39200 roots, 22s
progress 31750/39200 roots, 22s
progress 31775/39200 roots, 22s
progress 31800/39200 roots, 22s
progress 31825/39200 roots, 22s
progress 31850/39200 roots, 22s
progress 31875/39200 roots, 22s
progress 31900/39200 roots, 22s
progress 31925/39200 roots, 22s
progress 31950/39200 roots, 22s
progress 31975/39200 roots, 22s
progress 32000/39200 roots, 22s
progress 32025/39200 roots, 22s
progress 32050/39200 roots, 22s
progress 32075/39200 roots, 22s
progress 32100/39200 roots, 22s
progress 32125/39200 roots, 22s
progress 32150/39200 roots, 22s
progress 32175/39200 roots, 22s
progress 32200/39200 roots, 22s
progress 32225/39200 roots, 22s
progress 32250/39200 roots, 22s
progress 32275/39200 roots, 22s
progress 32300/39200 roots, 22s
progress 32325/39200 roots, 22s
progress 32350/39200 roots, 22s
progress 32375/39200 roots, 22s
progress 32400/39200 roots, 22s
progress 32425/39200 roots, 22s
progress 32450/39200 roots, 22s
progress 32475/39200 roots, 23s
progress 32500/39200 roots, 23s
progress 32525/39200 roots, 23s
progress 32550/39200 roots, 23s
progress 32575/39200 roots, 23s
progress 32600/39200 roots, 23s
progress 32625/39200 roots, 23s
progress 32650/39200 roots, 23s
progress 32675/39200 roots, 23s
progress 32700/39200 roots, 23s
progress 32725/39200 roots, 23s
progress 32750/39200 roots, 23s
progress 32775/39200 roots, 23s
progress 32800/39200 roots, 23s
progress 32825/39200 roots, 23s
progress 32850/39200 roots, 23s
progress 32875/39200 roots, 23s
progress 32900/39200 roots, 23s
progress 32925/39200 roots, 23s
progress 32950/39200 roots, 23s
progress 32975/39200 roots, 23s
progress 33000/39200 roots, 23s
progress 33025/39200 roots, 23s
progress 33050/39200 roots, 23s
progress 33075/39200 roots, 23s
progress 33100/39200 roots, 23s
progress 33125/39200 roots, 23s
progress 33150/39200 roots, 23s
progress 33175/39200 roots, 23s
progress 33200/39200 roots, 23s
progress 33225/39200 roots, 23s
progress 33250/39200 roots, 23s
progress 33275/39200 roots, 23s
progress 33300/39200 roots, 23s
progress 33325/39200 roots, 23s
progress 33350/39200 roots, 23s
progress 33375/39200 roots, 23s
progress 33400/39200 roots, 23s
progress 33425/39200 roots, 23s
progress 33450/39200 roots, 23s
progress 33475/39200 roots, 23s
progress 33500/39200 roots, 23s
progress 33525/39200 roots, 23s
progress 33550/39200 roots, 23s
progress 33575/39200 roots, 23s
progress 33600/39200 roots, 23s
progress 33625/39200 roots, 23s
progress 33650/39200 roots, 23s
progress 33675/39200 roots, 23s
progress 33700/39200 roots, 23s
progress 33725/39200 roots, 23s
progress 33750/39200 roots, 23s
progress 33775/39200 roots, 23s
progress 33800/39200 roots, 23s
progress 33825/39200 roots, 23s
progress 33850/39200 roots, 23s
progress 33875/39200 roots, 23s
progress 33900/39200 roots, 23s
progress 33925/39200 roots, 23s
progress 33950/39200 roots, 23s
progress 33975/39200 roots, 24s
progress 34000/39200 roots, 24s
progress 34025/39200 roots, 24s
progress 34050/39200 roots, 24s
progress 34075/39200 roots, 24s
progress 34100/39200 roots, 24s
progress 34125/39200 roots, 24s
progress 34150/39200 roots, 24s
progress 34175/39200 roots, 24s
progress 34200/39200 roots, 24s
progress 34225/39200 roots, 24s
progress 34250/39200 roots, 24s
progress 34275/39200 roots, 24s
progress 34300/39200 roots, 24s
progress 34325/39200 roots, 24s
progress 34350/39200 roots, 24s
progress 34375/39200 roots, 24s
progress 34400/39200 roots, 24s
progress 34425/39200 roots, 24s
progress 34450/39200 roots, 24s
progress 34475/39200 roots, 24s
progress 34500/39200 roots, 24s
progress 34525/39200 roots, 24s
progress 34550/39200 roots, 24s
progress 34575/39200 roots, 24s
progress 34600/39200 roots, 24s
progress 34625/39200 roots, 24s
progress 34650/39200 roots, 24s
progress 34675/39200 roots, 24s
progress 34700/39200 roots, 24s
progress 34725/39200 roots, 24s
progress 34750/39200 roots, 24s
progress 34775/39200 roots, 24s
progress 34800/39200 roots, 24s
progress 34825/39200 roots, 24s
progress 34850/39200 roots, 24s
progress 34875/39200 roots, 24s
progress 34900/39200 roots, 24s
progress 34925/39200 roots, 24s
progress 34950/39200 roots, 24s
progress 34975/39200 roots, 24s
progress 35000/39200 roots, 24s
progress 35025/39200 roots, 24s
progress 35050/39200 roots, 24s
progress 35075/39200 roots, 24s
progress 35100/39200 roots, 24s
progress 35125/39200 roots, 24s
progress 35150/39200 roots, 25s
progress 35175/39200 roots, 25s
progress 35200/39200 roots, 25s
progress 35225/39200 roots, 25s
progress 35250/39200 roots, 25s
progress 35275/39200 roots, 25s
progress 35300/39200 roots, 25s
progress 35325/39200 roots, 25s
progress 35350/39200 roots, 25s
progress 35375/39200 roots, 25s
progress 35400/39200 roots, 25s
progress 35425/39200 roots, 25s
progress 35450/39200 roots, 25s
progress 35475/39200 roots, 25s
progress 35500/39200 roots, 25s
progress 35525/39200 roots, 25s
progress 35550/39200 roots, 25s
progress 35575/39200 roots, 25s
progress 35600/39200 roots, 25s
progress 35625/39200 roots, 25s
progress 35650/39200 roots, 25s
progress 35675/39200 roots, 25s
progress 35700/39200 roots, 25s
progress 35725/39200 roots, 25s
progress 35750/39200 roots, 25s
progress 35775/39200 roots, 26s
progress 35800/39200 roots, 26s
progress 35825/39200 roots, 26s
progress 35850/39200 roots, 26s
progress 35875/39200 roots, 26s
progress 35900/39200 roots, 26s
progress 35925/39200 roots, 26s
progress 35950/39200 roots, 26s
progress 35975/39200 roots, 26s
progress 36000/39200 roots, 26s
progress 36025/39200 roots, 26s
progress 36050/39200 roots, 26s
progress 36075/39200 roots, 26s
progress 36100/39200 roots, 26s
progress 36125/39200 roots, 26s
progress 36150/39200 roots, 26s
progress 36175/39200 roots, 26s
progress 36200/39200 roots, 26s
progress 36225/39200 roots, 26s
progress 36250/39200 roots, 26s
progress 36275/39200 roots, 26s
progress 36300/39200 roots, 26s
progress 36325/39200 roots, 26s
progress 36350/39200 roots, 26s
progress 36375/39200 roots, 26s
progress 36400/39200 roots, 26s
progress 36425/39200 roots, 26s
progress 36450/39200 roots, 26s
progress 36475/39200 roots, 26s
progress 36500/39200 roots, 26s
progress 36525/39200 roots, 26s
progress 36550/39200 roots, 26s
progress 36575/39200 roots, 26s
progress 36600/39200 roots, 26s
progress 36625/39200 roots, 26s
progress 36650/39200 roots, 26s
progress 36675/39200 roots, 26s
progress 36700/39200 roots, 26s
progress 36725/39200 roots, 26s
progress 36750/39200 roots, 26s
progress 36775/39200 roots, 26s
progress 36800/39200 roots, 26s
progress 36825/39200 roots, 26s
progress 36850/39200 roots, 26s
progress 36875/39200 roots, 26s
progress 36900/39200 roots, 26s
progress 36925/39200 roots, 26s
progress 36950/39200 roots, 26s
progress 36975/39200 roots, 26s
progress 37000/39200 roots, 26s
progress 37025/39200 roots, 26s
progress 37050/39200 roots, 26s
progress 37075/39200 roots, 26s
progress 37100/39200 roots, 26s
progress 37125/39200 roots, 26s
progress 37150/39200 roots, 26s
progress 37175/39200 roots, 26s
progress 37200/39200 roots, 26s
progress 37225/39200 roots, 26s
progress 37250/39200 roots, 26s
progress 37275/39200 roots, 26s
progress 37300/39200 roots, 26s
progress 37325/39200 roots, 26s
progress 37350/39200 roots, 26s
progress 37375/39200 roots, 26s
progress 37400/39200 roots, 26s
progress 37425/39200 roots, 26s
progress 37450/39200 roots, 26s
progress 37475/39200 roots, 26s
progress 37500/39200 roots, 26s
progress 37525/39200 roots, 26s
progress 37550/39200 roots, 26s
progress 37575/39200 roots, 26s
progress 37600/39200 roots, 26s
progress 37625/39200 roots, 26s
progress 37650/39200 roots, 26s
progress 37675/39200 roots, 26s
progress 37700/39200 roots, 26s
progress 37725/39200 roots, 26s
progress 37750/39200 roots, 26s
progress 37775/39200 roots, 26s
progress 37800/39200 roots, 26s
progress 37825/39200 roots, 26s
progress 37850/39200 roots, 26s
progress 37875/39200 roots, 26s
progress 37900/39200 roots, 26s
progress 37925/39200 roots, 26s
progress 37950/39200 roots, 26s
progress 37975/39200 roots, 26s
progress 38000/39200 roots, 26s
progress 38025/39200 roots, 26s
progress 38050/39200 roots, 26s
progress 38075/39200 roots, 26s
progress 38100/39200 roots, 26s
progress 38125/39200 roots, 26s
progress 38150/39200 roots, 26s
progress 38175/39200 roots, 26s
progress 38200/39200 roots, 26s
progress 38225/39200 roots, 26s
progress 38250/39200 roots, 26s
progress 38275/39200 roots, 26s
progress 38300/39200 roots, 26s
progress 38325/39200 roots, 26s
progress 38350/39200 roots, 26s
progress 38375/39200 roots, 26s
progress 38400/39200 roots, 26s
progress 38425/39200 roots, 26s
progress 38450/39200 roots, 26s
progress 38475/39200 roots, 26s
progress 38500/39200 roots, 26s
progress 38525/39200 roots, 26s
progress 38550/39200 roots, 26s
progress 38575/39200 roots, 26s
progress 38600/39200 roots, 26s
progress 38625/39200 roots, 26s
progress 38650/39200 roots, 26s
progress 38675/39200 roots, 26s
progress 38700/39200 roots, 26s
progress 38725/39200 roots, 26s
progress 38750/39200 roots, 26s
progress 38775/39200 roots, 26s
progress 38800/39200 roots, 26s
progress 38825/39200 roots, 26s
progress 38850/39200 roots, 26s
progress 38875/39200 roots, 26s
progress 38900/39200 roots, 26s
progress 38925/39200 roots, 26s
progress 38950/39200 roots, 26s
progress 38975/39200 roots, 26s
progress 39000/39200 roots, 26s
progress 39025/39200 roots, 26s
progress 39050/39200 roots, 26s
progress 39075/39200 roots, 26s
progress 39100/39200 roots, 26s
progress 39125/39200 roots, 26s
progress 39150/39200 roots, 26s
progress 39175/39200 roots, 26s
progress 39200/39200 roots, 26s
done in 26s wall: roots 39200 (missing 0), boxes 16648752, certified 8222632, empty 121344, uncertified 0, max depth 24, cpu 144s
VERIFIED: every closed unit square in [0,s]^2 has mu >= 1 (unreduced sweep, all roots)
