== inputs/dc1_n266.txt: n = 266, S_in = 16.823028750756514
  contacts: 1513 candidate incidences (|gap| < 1e-09), 266 vertex-vertex touches set aside; jam-LP dual residual 2.4e-09; load-bearing set 1406 contacts on 245 squares; free squares (rattlers / force-free): [2, 12, 13, 16, 26, 101, 146, 219, 220, 221, 222, 223, 224, 225, 228, 229, 245, 260, 261, 262, 263]
  projection onto 677 independent of 1513 contact equations: max |g| 1.5e-11 -> 7.2e-69 (5 steps)
  KKT: |A| = 1513 contacts, independent |B| = 677, variables 736 (58 frozen flat), system 1355x1355, cond ~ 1.1e+03
  Newton: 6 residual evaluations, residual 3.1e-09 -> 9.6e-69
  free squares re-placed: min clearance 8.31e-7; 0 with clearance < 1e-12
  107 weakly active (force-free) contacts kept closed
  redundant contacts (836): max |g| = 2.0e-69; frozen flat variables (58): max |dL/dv| = 4.7e-70
  S = 16.823028750756475970540553423745444870225267268188803767419532175   (input 16.823028750756514, shift -3.8e-14)
  load-bearing set at the exact point: 1357 contacts (was 1406 at the input); 49 of the input support carry no force
  multipliers: equilibrium residual 0.0e+00; best strictly positive choice over the 1357 load-bearing contacts: min lambda = 9.174e-07, max 1.349e-01
  zero modes: 94 of 94 realised by exact motions at fixed S (step 1e-3 both ways, projection residual <= 3.0e-61, correction <= 4.7e-12 t^2, |dS| <= 1.1e-37)
  second order: rank J_A = 629, dim null(J_A) = 95; reduced Hessian: #neg 0, #zero 94, min eig -4.667686984913647e-16, min positive 0.004439166188049011
    => local minimum of S, strict modulo 94 exact flat motions (PD on the rest of null(J_A)); the configuration is not isolated
  first-order rigid squares: 146 of 241 load-bearing; squares in zero modes: [0, 1, 3, 4, 5, 6, 7, 8, 9, 10, 11, 14, 15, 17, 18, 19, 20, 21, 22, 23, 24, 25, 29, 30, 31, 32, 33, 34, 35, 36, 37, 38, 41, 52, 62, 71, 79, 86, 92, 97, 105, 106, 107, 117, 120, 121, 122, 132, 134, 135, 136, 147, 148, 149, 159, 160, 161, 170, 171, 172, 180, 181, 182, 189, 190, 191, 197, 198, 199, 204, 205, 206, 210, 211, 212, 215, 216, 217, 226, 231, 234, 235, 236, 239, 241, 243, 244, 247, 249, 251, 252, 255, 257, 259]
  corner-corner branches (266 touches as disjunctions, MILP): min first-order dS = 0.00e+00 => jammed in every branch
  feasibility (mp SAT): active pairs min gap -9.37e-69; non-active pairs min -1.22e-69 (251, 253); vertex-vertex min -5.75e-70; non-active walls min -7.61e-71
  722 pairs/walls touch (|SAT gap| < 1e-12; load-bearing, weakly active or corner-corner); every other pair/wall is separated by >= 2.17e-12 (7, 20)
  weakly active (|gap| < 1e-12, not load-bearing): [('-2.8e-72', 5, 6), ('-1.1e-70', 6, 7), ('-6.0e-74', 8, 9), ('-3.0e-71', 9, 10), ('-2.5e-72', 20, 21), ('1.0e-74', 22, 23), ('-9.3e-72', 23, 24), ('5.1e-74', 105, 120), ('1.8e-72', 106, 121), ('3.8e-75', 107, 122), ('4.1e-73', 120, 134), ('-1.4e-70', 121, 135)] ...
  certificate (dc1_n266.cert): exact check VALID; S' = 16.823028750756475970708783711254 (S' - S = 1.68e-19); exact min wall 5.00e-21, min pair 1.00e-20
  done in 64.3 s
