== inputs/cand110.txt: n = 110, S_in = 10.996783403149346
  contacts: 599 candidate incidences (|gap| < 1e-07), 69 vertex-vertex touches set aside; jam-LP dual residual 2.0e-10; load-bearing set 552 contacts on 109 squares; free squares (rattlers / force-free): [77]
  projection onto 328 independent of 598 contact equations: max |g| 9.3e-08 -> 2.8e-68 (6 steps)
  KKT: |A| = 598 contacts, independent |B| = 325, variables 328 (3 frozen flat), system 650x650, cond ~ 2.5e+03
  Newton: 5 residual evaluations, residual 9.2e-16 -> 3.7e-73
  free squares re-placed: min clearance 0.000119; 0 with clearance < 1e-12
  46 weakly active (force-free) contacts kept closed
  redundant contacts (273): max |g| = 5.5e-74; frozen flat variables (3): max |dL/dv| = 8.3e-75
  S = 10.996783396631591639502778433990239844539898720426774211895588455   (input 10.996783403149346, shift -6.52e-9)
  1 contacts closed at the exact point but not at the input: corner 1 of #62 on side 3 of #42
  load-bearing set at the exact point: 552 contacts (was 552 at the input); 2 of the input support carry no force
  multipliers: equilibrium residual 0.0e+00; best strictly positive choice over the 552 load-bearing contacts: min lambda = 1.082e-04, max 2.108e-01
  zero modes: 17 of 17 realised by exact motions at fixed S (step 1e-3 both ways, projection residual <= 5.7e-61, correction <= 1.1e-11 t^2, |dS| <= 1.5e-61)
  second order: rank J_A = 308, dim null(J_A) = 17; reduced Hessian: #neg 0, #zero 17, min eig -7.085155109333879e-17, min positive None
    => local minimum of S, strict modulo 17 exact flat motions (PD on the rest of null(J_A)); the configuration is not isolated
  first-order rigid squares: 91 of 108 load-bearing; squares in zero modes: [11, 36, 37, 38, 39, 40, 41, 42, 49, 50, 51, 52, 53, 54, 63, 75, 78]
  corner-corner branches (68 touches as disjunctions, MILP): min first-order dS = 0.00e+00 => jammed in every branch
  feasibility (mp SAT): active pairs min gap -1.44e-73; non-active pairs min -7.52e-75 (75, 78); vertex-vertex min -2.56e-75; non-active walls min -7.94e-75
  310 pairs/walls touch (|SAT gap| < 1e-12; load-bearing, weakly active or corner-corner); every other pair/wall is separated by >= 2.6e-7 (53, 54)
  weakly active (|gap| < 1e-12, not load-bearing): [('-2.6e-75', 36, 37), ('1.0e-75', 37, 38), ('5.5e-76', 38, 39), ('3.1e-76', 41, 42), ('1.8e-75', 42, 76), ('-2.9e-75', 49, 50), ('-3.1e-76', 50, 51), ('1.9e-75', 51, 52), ('-1.8e-77', 54, 63), ('-5.5e-75', 63, 85), ('3.7e-73', 66, 67), ('1.5e-73', 67, 69)] ...
  certificate (cand110.cert): exact check VALID; S' = 10.996783396631591639612746267957 (S' - S = 1.1e-19); exact min wall 5.00e-21, min pair 1.00e-20
  done in 4.2 s
