== inputs/site10.txt: n = 10, S_in = 3.7071067811865475
  contacts: 48 candidate incidences (|gap| < 1e-09), 2 vertex-vertex touches set aside; jam-LP dual residual 0.0e+00; load-bearing set 36 contacts on 8 squares; free squares (rattlers / force-free): [3, 7]
  projection onto 23 independent of 40 contact equations: max |g| 3.5e-17 -> 2.8e-76 (5 steps)
  KKT: |A| = 40 contacts, independent |B| = 23, variables 25 (1 frozen flat), system 47x47, cond ~ 1.7e+01
  Newton: 5 residual evaluations, residual 4.8e-16 -> 3.2e-78
  free squares re-placed: min clearance 5.0e-5; 0 with clearance < 1e-12
  4 weakly active (force-free) contacts kept closed
  redundant contacts (17): max |g| = 3.2e-78; frozen flat variables (1): max |dL/dv| = 1.9e-79
  S = 3.707106781186547524400844362104849039284835937688474036588339869   (input 3.7071067811865475, shift 4.85e-30)
  multipliers: equilibrium residual 0.0e+00; best strictly positive choice over the 36 load-bearing contacts: min lambda = 6.250e-02, max 3.536e-01
  zero modes: 2 of 2 realised by exact motions at fixed S (step 1e-3 both ways, projection residual <= 1.9e-38, correction <= 4e-13 t^2, |dS| <= 9.0e-38)
  second order: rank J_A = 21, dim null(J_A) = 4; reduced Hessian: #neg 0, #zero 2, min eig -4.080774939477317e-17, min positive 0.33901207162467434
    => local minimum of S, strict modulo 2 exact flat motions (PD on the rest of null(J_A)); the configuration is not isolated
  first-order rigid squares: 6 of 8 load-bearing; squares in zero modes: [8, 9]
  corner-corner branches (2 touches as disjunctions, MILP): min first-order dS = 0.00e+00 => jammed in every branch
  feasibility (mp SAT): active pairs min gap -1.04e-78; non-active pairs min -3.25e-78 (8, 9); vertex-vertex min 0.0; non-active walls min 5.0e-5
  19 pairs/walls touch (|SAT gap| < 1e-12; load-bearing, weakly active or corner-corner); every other pair/wall is separated by >= 5.0e-5 (7, 'L')
  weakly active (|gap| < 1e-12, not load-bearing): [('-3.2e-78', 8, 9), ('2.2e-78', 1, 2), ('0.0', 5, 6)]
  certificate (site10.cert): exact check VALID; S' = 3.707106781186547524437915429917 (S' - S = 3.71e-20); exact min wall 5.00e-21, min pair 1.00e-20
  algebraic: minimal polynomial (deg 2): 2*x**2 - 12*x + 17
  done in 0.4 s
