0 ['13/20'] ['1/32', '1/16'] ms=1.048912345 plus False m6 True None none 5.8
1 ['5/2'] ['0', '1/256'] ms=1.395059669 plus False m6 True None none 3.5
2 ['63/40'] ['0', '1/16384'] ms=1.022358928 plus False m6 True None none 0.4
3 ['129/40'] ['0', '1/64'] ms=1.124290928 plus False m6 True None none 5.6
4 ['43/40'] ['99/250', '401/1000'] ms=1.296480267 plus False m6 False False [(0, 'tan', Fraction(1, 1)), (1, 'tan',  1.2
5 ['8/5'] ['5/16', '3/8'] ms=1.075862763 plus False m6 False False [(0, 'std', None), (1, 'std', None), (2, 3.4
6 ['751/320'] ['389/1000', '399/1000'] ms=1.127844620 plus False m6 True None [(1, 'std', None), (0, 'xcut', 'hi')] 1.2
7 ['29/40'] ['0', '1/16384'] ms=1.061844900 plus False m6 True None none 0.9
8 ['21/10'] ['3/16', '1/4'] ms=1.034943867 plus False m6 False True none 6.2
9 ['241/160'] ['0', '1/16384'] ms=1.002723299 plus False m6 True None [(0, 'std', None)] 0.6
10 ['7/10'] ['5/64', '3/32'] ms=1.325387209 plus False m6 True None none 1.1
11 ['43/20'] ['387/1000', '49/125'] ms=1.165765126 plus False m6 True None [(1, 'std', None), (0, 'xcut', 'hi')] 1.6
14 ['317/160'] ['0', '1/16'] ms=1.196764053 plus False m6 True None [(0, 'std', None), (1, 'std', None), (2, 43.8
15 ['99/40'] ['0', '1/256'] ms=1.454296555 plus False m6 True None none 1.5
16 ['2'] ['97/250', '199/500'] ms=1.138696798 plus False m6 True None [(1, 'std', None), (0, 'xcut', 'hi')] 2.8
17 ['529/160'] ['0', '1/256'] ms=1.081114115 plus False m6 True None none 5.2
18 ['27/40'] ['0', '1/64'] ms=1.098747618 plus False m6 True None none 7.3
20 ['3/5'] ['3/16', '1/4'] ms=1.098113015 plus False m6 True None none 1.4
21 ['243/160'] ['203/500', '213/500'] ms=1.058305224 plus False m6 False False [(0, 'tan', Fraction(22988759149, 232967 1.4
23 ['83/80'] ['21/64', '11/32'] ms=1.480872634 plus False m6 True None none 0.9
24 ['111/40'] ['0', '1/16'] ms=1.000000000 plus False m6 True None [] 4.0
25 ['3/2'] ['15/128', '1/8'] ms=1.014640000 plus False m6 False True [(0, 'std', None), (1, 'std', None), (2, 26.6
26 ['19/10'] ['1/16', '17/256'] ms=1.191561903 plus False m6 False True [(0, 'std', None), (1, 'std', None), (2, 5.4
27 ['123/80'] ['3/16', '7/32'] ms=1.385720019 plus False m6 True None none 3.2
28 ['35/16'] ['0', '1/2048'] ms=1.075862352 plus False m6 True None none 0.5
29 ['47/20'] ['47/128', '95/256'] ms=1.117108986 plus False m6 True None [(1, 'std', None), (0, 'xcut', 'hi')] 1.6
30 ['327/160'] ['0', '1/64'] ms=1.061706885 plus False m6 True None none 2.4
31 ['79/32'] ['7/64', '29/256'] ms=1.000000000 plus False m6 True None [] 0.4
33 ['817/320'] ['0', '1/16'] ms=1.015870153 plus False m6 False False none 0.1
34 ['3'] ['389/1000', '399/1000'] ms=1.000000000 plus False m6 True None [(1, 'std', None)] 0.8
35 ['723/320'] ['23/64', '3/8'] ms=1.115084527 plus False m6 True None [(1, 'std', None), (0, 'xcut', 'hi')] 1.9
37 ['327/160'] ['21/64', '43/128'] ms=1.223957444 plus False m6 False False [(0, 'std', None), (1, 'tan', Fraction(5 1.3
38 ['119/40'] ['0', '1/64'] ms=1.021651217 plus False m6 True None [(1, 'std', None)] 8.4
39 ['6/5'] ['201/500', '221/500'] ms=1.403770912 plus False m6 False False [(0, 'tan', Fraction(1, 1)), (1, 'std',  1.4
40 ['107/80'] ['5/32', '3/16'] ms=1.239402260 plus False m6 False False [(0, 'tan', Fraction(1, 1)), (1, 'std',  1.9
41 ['49/20'] ['51/125', '56/125'] ms=1.090280913 plus False m6 False False [(1, 'std', None), (0, 'xcut', 'hi')] 2.6
42 ['447/320'] ['0', '1/2048'] ms=1.282582010 plus False m6 True None [(0, 'std', None), (1, 'std', None), (2, 4.5
44 ['1'] ['1/4', '5/16'] ms=1.188667670 plus False m6 True None none 1.1
45 ['87/40'] ['3/32', '1/8'] ms=1.106992341 plus False m6 True None [(0, 'std', None), (1, 'std', None)] 19.1
46 ['31/32'] ['391/1000', '411/1000'] ms=1.469320942 plus False m6 True None none 1.1
47 ['87/40'] ['2/5', '21/50'] ms=1.206906736 plus False m6 False True [(1, 'std', None), (0, 'xcut', 'hi')] 2.9
50 ['71/40'] ['1/16', '9/128'] ms=1.333686877 plus False m6 False False [(0, 'std', None), (1, 'tan', Fraction(1 1.2
51 ['179/160'] ['1/32', '1/16'] ms=1.255659955 plus False m6 True None none 1.1
52 ['761/320'] ['15/256', '1/16'] ms=1.134239128 plus False m6 True None [(1, 'std', None)] 0.8
53 ['11/10'] ['13/64', '7/32'] ms=1.597112846 plus False m6 False False [(0, 'tan', Fraction(1, 1)), (1, 'tan',  1.0
54 ['111/80'] ['1/4', '33/128'] ms=1.427943867 plus False m6 False False [(0, 'tan', Fraction(1, 1)), (1, 'std',  1.3
55 ['301/160'] ['79/200', '83/200'] ms=1.070292833 plus False m6 False True [(0, 'std', None)] 1.7
56 ['41/80'] ['0', '1/2048'] ms=1.017645192 plus False m6 True None none 0.6
57 ['49/16'] ['1/16', '3/32'] ms=1.000000000 plus False m6 True None [] 0.5
58 ['97/40'] ['0', '1/64'] ms=1.000000000 plus False m6 True None [] 0.7
59 ['14/5'] ['3/32', '1/8'] ms=1.000000000 plus False m6 True None [(1, 'std', None)] 6.2
60 ['5/8'] ['0', '1/2048'] ms=1.025538250 plus False m6 True None none 0.5
61 ['21/10'] ['13/128', '7/64'] ms=1.223437404 plus False m6 False False [(0, 'std', None), (1, 'std', None)] 1.2
64 ['247/80'] ['43/128', '87/256'] ms=1.000000000 plus False m6 True None [] 0.4
65 ['6/5'] ['35/128', '9/32'] ms=1.096715617 plus False m6 False False [(0, 'tan', Fraction(1, 1))] 1.7
66 ['3/5'] ['1/4', '5/16'] ms=1.117049570 plus False m6 True None none 3.1
68 ['399/160'] ['1/4', '5/16'] ms=1.343839112 plus False m6 True None none 4.1
69 ['7/5'] ['79/200', '83/200'] ms=1.116972535 plus False m6 False False [(0, 'tan', Fraction(1, 1)), (1, 'tan',  1.4
70 ['2'] ['5/32', '3/16'] ms=1.279457676 plus False m6 False True [(0, 'std', None), (1, 'std', None), (2, 4.2
71 ['219/320'] ['0', '1/256'] ms=1.036073405 plus False m6 True None none 0.6
72 ['47/20'] ['11/32', '23/64'] ms=1.063254042 plus False m6 False True [(1, 'std', None), (0, 'xcut', 'hi')] 3.1
73 ['11/10'] ['201/500', '221/500'] ms=1.265165322 plus False m6 False False [(0, 'tan', Fraction(1, 1))] 1.4
74 ['19/32'] ['3/256', '1/64'] ms=1.089845954 plus False m6 True None none 1.5
75 ['59/20'] ['5/128', '11/256'] ms=1.092119635 plus False m6 True None [(1, 'std', None)] 1.9
76 ['31/20'] ['1/16', '1/8'] ms=1.334534961 plus False m6 True None none 38.5
77 ['203/80'] ['0', '1/64'] ms=1.429298053 plus False m6 True None none 5.6
78 ['303/160'] ['0', '1/2048'] ms=1.129524161 plus False m6 True None [(0, 'std', None)] 1.2
79 ['2'] ['0', '1/16384'] ms=1.147610721 plus False m6 True None [(0, 'std', None), (1, 'std', None), (2, 4.6
80 ['157/80'] ['0', '1/2048'] ms=1.151097928 plus False m6 True None [(0, 'std', None), (1, 'std', None), (2, 1.0
81 ['11/10'] ['1/8', '3/16'] ms=1.427637101 plus False m6 True None none 7.4
82 ['13/5'] ['391/1000', '431/1000'] ms=1.000000000 plus False m6 True None [] 0.6
83 ['13/5'] ['1/16', '3/32'] ms=1.120947301 plus False m6 True None [(1, 'std', None)] 29.0
84 ['17/8'] ['79/200', '2/5'] ms=1.282018206 plus False m6 False True [(1, 'std', None), (0, 'xcut', 'hi')] 2.8
85 ['11/10'] ['5/32', '11/64'] ms=1.293707461 plus False m6 False False [(0, 'tan', Fraction(1, 1)), (1, 'std',  1.4
86 ['27/16'] ['0', '1/16384'] ms=1.081697265 plus False m6 True None [(0, 'std', None)] 0.9
88 ['111/40'] ['7/64', '1/8'] ms=1.169211132 plus False m6 True None none 2.6
89 ['623/320'] ['7/64', '15/128'] ms=1.212723399 plus False m6 True None [(0, 'std', None), (1, 'std', None), (2, 1.5
90 ['23/10'] ['21/256', '11/128'] ms=1.369695796 plus False m6 False False [(0, 'std', None), (1, 'std', None)] 1.3
91 ['7/4'] ['5/64', '21/256'] ms=1.388877730 plus False m6 True None none 1.4
92 ['41/40'] ['0', '1/2048'] ms=1.460441789 plus False m6 True None none 0.4
94 ['21/10'] ['0', '1/256'] ms=1.116233303 plus False m6 False True [(0, 'std', None)] 1.2
95 ['43/80'] ['0', '1/2048'] ms=1.045630139 plus False m6 True None none 0.6
96 ['519/160'] ['0', '1/2048'] ms=1.144013710 plus False m6 True None [(1, 'std', None)] 0.6
97 ['31/20'] ['0', '1/16384'] ms=1.397859389 plus False m6 True None none 0.6
98 ['23/10'] ['9/64', '5/32'] ms=1.328987615 plus False m6 False False [(0, 'std', None), (1, 'tan', Fraction(1 3.8
101 ['19/10'] ['3/32', '13/128'] ms=1.073202925 plus False m6 True None [(0, 'std', None)] 6.0
102 ['7/10'] ['3/16', '1/4'] ms=1.161007875 plus False m6 True None none 2.5
104 ['263/80'] ['0', '1/16384'] ms=1.225780082 plus False m6 True None none 0.7
105 ['3/5'] ['0', '1/16'] ms=1.042939904 plus False m6 True None none 6.2
106 ['139/80'] ['403/1000', '413/1000'] ms=1.047050264 plus False m6 True None none 0.8
107 ['17/10'] ['81/200', '83/200'] ms=1.146674750 plus False m6 False False [(0, 'std', None), (1, 'std', None), (2, 2.9
108 ['253/160'] ['0', '1/16384'] ms=1.060801661 plus False m6 True None [(0, 'std', None), (1, 'std', None), (2, 1.3
109 ['709/320'] ['1/4', '9/32'] ms=1.129910277 plus False m6 True None none 1.4
110 ['67/40'] ['1/32', '1/16'] ms=1.074364841 plus False m6 False True [(0, 'std', None), (1, 'std', None), (2, 20.4
111 ['5/8'] ['0', '1/256'] ms=1.083874032 plus False m6 True None none 0.7
112 ['311/160'] ['17/64', '69/256'] ms=1.362675847 plus False m6 True None [(0, 'std', None), (1, 'std', None), (2, 1.2
113 ['803/320'] ['0', '1/64'] ms=1.402370176 plus False m6 True None [(1, 'std', None)] 14.8
114 ['23/10'] ['0', '1/16384'] ms=1.000000000 plus False m6 True None [(0, 'std', None)] 0.5
115 ['8/5'] ['0', '1/2048'] ms=1.022282626 plus False m6 True None [(0, 'std', None), (1, 'std', None), (2, 4.8
116 ['8/5'] ['0', '1/16384'] ms=1.022282626 plus False m6 True None [(0, 'std', None), (1, 'std', None), (2, 1.6
117 ['67/20'] ['3/32', '1/8'] ms=1.176995767 plus False m6 True None [(1, 'std', None)] 6.3
118 ['49/40'] ['1/8', '3/16'] ms=1.234135963 plus False m6 False False none 0.1
120 ['43/32'] ['7/32', '1/4'] ms=1.263782415 plus False m6 False False [(0, 'tan', Fraction(1, 1)), (1, 'std',  1.3
121 ['14/5'] ['0', '1/16384'] ms=1.000000000 plus False m6 True None [] 0.6
122 ['57/20'] ['19/256', '5/64'] ms=1.142296654 plus False m6 True None [(1, 'std', None)] 1.0
123 ['2'] ['1/16', '3/32'] ms=1.455158126 plus False m6 False False [(0, 'std', None), (1, 'tan', Fraction(1 1.1
124 ['199/80'] ['0', '1/256'] ms=1.000000000 plus False m6 True None [] 1.0
125 ['1'] ['1/16', '3/32'] ms=1.205377586 plus False m6 True None none 1.4
126 ['31/20'] ['0', '1/16384'] ms=1.045566807 plus False m6 True None [(0, 'std', None), (1, 'std', None), (2, 1.2
127 ['5/2'] ['0', '1/64'] ms=1.041934524 plus False m6 True None [(1, 'std', None)] 7.7
128 ['3/4'] ['1/8', '3/16'] ms=1.155219100 plus False m6 True None none 2.0
129 ['321/160'] ['17/64', '9/32'] ms=1.288276191 plus False m6 True None [(1, 'std', None), (0, 'xcut', 'hi')] 1.6
130 ['31/10'] ['5/16', '3/8'] ms=1.000000000 plus False m6 True None [] 0.4
131 ['221/320'] ['7/128', '1/16'] ms=1.129331591 plus False m6 True None none 1.2
132 ['13/5'] ['5/32', '41/256'] ms=1.000000000 plus False m6 True None [] 0.5
133 ['271/160'] ['0', '1/16'] ms=1.106988105 plus False m6 True None [(0, 'std', None), (1, 'std', None), (2, 69.3
134 ['89/80'] ['0', '1/256'] ms=1.297873584 plus False m6 True None none 2.3
135 ['12/5'] ['0', '1/16'] ms=1.025884705 plus False m6 True None [(1, 'std', None)] 210.0
136 ['487/320'] ['0', '1/16384'] ms=1.038798455 plus False m6 True None [(0, 'std', None), (1, 'std', None), (2, 1.2
139 ['371/320'] ['389/1000', '429/1000'] ms=1.423360719 plus False m6 False False [(0, 'tan', Fraction(1, 1)), (1, 'std',  1.3
141 ['19/10'] ['9/32', '5/16'] ms=1.084009796 plus False m6 True None [(0, 'std', None), (1, 'std', None), (2, 2.6
142 ['343/320'] ['1/4', '17/64'] ms=1.445602381 plus False m6 True None none 0.5
143 ['181/160'] ['9/32', '5/16'] ms=1.611111950 plus False m6 False False [(0, 'tan', Fraction(1, 1)), (1, 'tan',  0.9
144 ['3/4'] ['3/8', '25/64'] ms=1.161924316 plus False m6 True None none 1.0
145 ['99/80'] ['0', '1/16384'] ms=1.453790032 plus False m6 True None none 0.7
146 ['5/2'] ['0', '1/2048'] ms=1.112794483 plus False m6 True None none 2.1
147 ['6/5'] ['51/125', '56/125'] ms=1.166194858 plus False m6 False False [(0, 'tan', Fraction(1, 1))] 1.4
148 ['9/5'] ['0', '1/256'] ms=1.067863338 plus False m6 True None [(0, 'std', None), (1, 'std', None), (2, 11.6
149 ['3/2'] ['399/1000', '409/1000'] ms=1.093540421 plus False m6 False True [(0, 'tan', Fraction(107650686977823, 10 1.6
151 ['14/5'] ['1/8', '5/32'] ms=1.092041039 plus False m6 True None [(1, 'std', None)] 18.1
152 ['17/10'] ['0', '1/16'] ms=1.087145579 plus False m6 True None [(0, 'std', None)] 106.4
153 ['269/80'] ['23/128', '3/16'] ms=1.000000000 plus False m6 True None [] 0.4
154 ['87/80'] ['1/16', '9/128'] ms=1.245007335 plus False m6 True None none 2.2
155 ['239/160'] ['0', '1/2048'] ms=1.169720472 plus False m6 True None [(0, 'std', None), (1, 'std', None), (2, 1.5
156 ['559/160'] ['1/8', '3/16'] ms=1.111414636 plus False m6 False True [(1, 'tan', Fraction(1, 1))] 11.3
157 ['161/80'] ['0', '1/256'] ms=1.041940904 plus False m6 True None none 0.5
158 ['303/160'] ['1/4', '17/64'] ms=1.097593530 plus False m6 True None [(0, 'std', None)] 0.9
159 ['3/4'] ['0', '1/64'] ms=1.245304604 plus False m6 True None none 0.8
160 ['12/5'] ['1/16', '3/32'] ms=1.420216992 plus False m6 True None none 26.5
161 ['79/40'] ['0', '1/16384'] ms=1.069746672 plus False m6 True None none 0.5
163 ['13/5'] ['0', '1/16384'] ms=1.028212958 plus False m6 True None none 0.6
164 ['5/8'] ['0', '1/16384'] ms=1.032286390 plus False m6 True None none 0.5
167 ['41/40'] ['399/1000', '419/1000'] ms=1.539193210 plus False m6 False False none 1.6
168 ['8/5'] ['0', '1/16'] ms=1.054041800 plus False m6 False True [(0, 'std', None), (1, 'std', None), (2, 256.9
169 ['11/5'] ['203/500', '223/500'] ms=1.149513580 plus False m6 False False [(1, 'std', None), (0, 'xcut', 'hi')] 9.5
170 ['13/10'] ['199/500', '51/125'] ms=1.165257592 plus False m6 False False [(0, 'tan', Fraction(1, 1)), (1, 'std',  1.4
171 ['127/80'] ['1/4', '5/16'] ms=1.188650663 plus False m6 False False [(0, 'std', None), (1, 'tan', Fraction(7 1.3
172 ['65/32'] ['1/32', '3/64'] ms=1.250985537 plus False m6 True None [(0, 'std', None), (1, 'std', None), (2, 3.1
173 ['109/40'] ['0', '1/256'] ms=1.018754305 plus False m6 True None [(1, 'std', None)] 4.5
174 ['369/320'] ['5/16', '3/8'] ms=1.602787385 plus False m6 False False [(0, 'tan', Fraction(1, 1)), (1, 'tan',  0.9
175 ['443/160'] ['3/16', '13/64'] ms=1.196825620 plus False m6 True None none 0.7
176 ['3/5'] ['0', '1/256'] ms=1.202316376 plus False m6 True None none 0.3
177 ['61/20'] ['1/4', '9/32'] ms=1.183342013 plus False m6 True None none 1.0
178 ['393/160'] ['7/128', '1/16'] ms=1.150642824 plus False m6 True None [(1, 'std', None)] 1.0
179 ['19/10'] ['7/32', '15/64'] ms=1.270979035 plus False m6 False True [(0, 'std', None), (1, 'std', None), (2, 5.1
180 ['141/80'] ['31/128', '63/256'] ms=1.226708800 plus False m6 True None [(0, 'std', None), (1, 'std', None), (2, 1.1
181 ['93/40'] ['401/1000', '203/500'] ms=1.062422753 plus False m6 False False [(0, 'std', None), (1, 'tan', Fraction(8 1.2
182 ['263/160'] ['5/32', '11/64'] ms=1.058062433 plus False m6 False True [(0, 'std', None), (1, 'std', None), (2, 4.0
183 ['23/8'] ['15/128', '31/256'] ms=1.087056656 plus False m6 True None none 0.5
184 ['51/40'] ['55/256', '7/32'] ms=1.548815577 plus False m6 True None none 0.5
185 ['43/40'] ['0', '1/256'] ms=1.284675983 plus False m6 True None none 0.4
186 ['57/40'] ['0', '1/16384'] ms=1.168650203 plus False m6 True None [(0, 'std', None)] 0.6
187 ['21/10'] ['0', '1/16384'] ms=1.497891273 plus False m6 False False [(0, 'std', None), (1, 'tan', Fraction(1 1.1
188 ['97/80'] ['11/64', '23/128'] ms=1.567195393 plus False m6 True None none 0.4
189 ['49/32'] ['11/64', '23/128'] ms=1.191738710 plus False m6 False False [(0, 'std', None), (1, 'tan', Fraction(4 1.2
190 ['7/10'] ['21/256', '11/128'] ms=1.091353862 plus False m6 False True none 1.9
191 ['33/40'] ['203/500', '213/500'] ms=1.103035285 plus False m6 False False none 1.0
192 ['343/320'] ['0', '1/2048'] ms=1.365775152 plus False m6 True None none 0.7
193 ['13/20'] ['3/16', '7/32'] ms=1.107597999 plus False m6 False False none 0.1
194 ['43/20'] ['1/8', '9/64'] ms=1.103362729 plus False m6 True None [(0, 'std', None), (1, 'std', None)] 5.3
195 ['129/80'] ['103/250', '211/500'] ms=1.153019695 plus False m6 False False [(0, 'tan', Fraction(2597930837, 2924360 1.4
196 ['259/80'] ['1/4', '5/16'] ms=1.151447349 plus False m6 True None [(1, 'std', None)] 1.2
197 ['67/40'] ['11/32', '3/8'] ms=1.070419804 plus False m6 False False [(0, 'tan', Fraction(2199591, 2674720)), 1.3
198 ['14/5'] ['0', '1/256'] ms=1.084427587 plus False m6 True None none 0.7
199 ['27/20'] ['0', '1/64'] ms=1.295994512 plus False m6 True None [(0, 'std', None), (1, 'std', None), (2, 13.1
200 ['3/5'] ['65/256', '33/128'] ms=1.037330352 plus False m6 True None none 0.8
201 ['12/5'] ['0', '1/64'] ms=1.314386620 plus False m6 True None [(1, 'std', None)] 7.9
202 ['157/80'] ['7/32', '57/256'] ms=1.366905400 plus False m6 True None none 0.7
203 ['12/5'] ['79/200', '83/200'] ms=1.173606392 plus False m6 False False [(0, 'std', None), (1, 'tan', Fraction(1 1.4
204 ['191/160'] ['0', '1/16384'] ms=1.584797514 plus False m6 True None none 0.5
206 ['7/2'] ['5/16', '81/256'] ms=1.193210905 plus False m6 True None none 1.7
207 ['191/80'] ['61/256', '31/128'] ms=1.066026130 plus False m6 False True [(1, 'std', None), (0, 'xcut', 'hi')] 1.9
208 ['21/10'] ['409/1000', '419/1000'] ms=1.088026351 plus False m6 False False none 2.5
209 ['91/80'] ['0', '1/16384'] ms=1.425797744 plus False m6 True None none 0.5
210 ['337/160'] ['0', '1/16384'] ms=1.199721779 plus False m6 True None [(0, 'std', None), (1, 'std', None), (2, 1.3
211 ['103/80'] ['0', '1/256'] ms=1.471989365 plus False m6 False False [(0, 'tan', Fraction(1, 1)), (1, 'std',  1.0
212 ['8/5'] ['1/8', '5/32'] ms=1.072534335 plus False m6 False True [(0, 'std', None), (1, 'std', None), (2, 10.8
213 ['61/20'] ['0', '1/64'] ms=1.000000000 plus False m6 True None [(1, 'std', None)] 7.0
214 ['31/20'] ['0', '1/16'] ms=1.024236932 plus False m6 True None none 18.2
215 ['7/5'] ['3/128', '1/32'] ms=1.279382032 plus False m6 False True [(0, 'std', None), (1, 'std', None), (2, 5.3
217 ['7/5'] ['3/32', '1/8'] ms=1.052901865 plus False m6 False True [(0, 'std', None), (1, 'std', None), (2, 96.0
219 ['77/80'] ['0', '1/2048'] ms=1.301801733 plus False m6 True None none 2.5
221 ['363/160'] ['0', '1/16'] ms=1.114632219 plus False m6 False False [(0, 'std', None), (1, 'std', None)] 1.1
222 ['547/320'] ['0', '1/256'] ms=1.075418908 plus False m6 True None [(0, 'std', None), (1, 'std', None), (2, 8.7
223 ['7/10'] ['5/16', '21/64'] ms=1.170446540 plus False m6 True None none 1.1
224 ['27/40'] ['0', '1/16384'] ms=1.100793916 plus False m6 True None none 0.7
225 ['49/40'] ['61/256', '31/128'] ms=1.208184228 plus False m6 False False [(0, 'tan', Fraction(1, 1)), (1, 'tan',  1.1
226 ['49/20'] ['0', '1/2048'] ms=1.000000000 plus False m6 True None [] 0.4
227 ['27/40'] ['21/128', '11/64'] ms=1.153946452 plus False m6 True None none 0.5
228 ['3/5'] ['15/64', '1/4'] ms=1.141372081 plus False m6 True None none 0.6
229 ['9/4'] ['397/1000', '201/500'] ms=1.384978092 plus False m6 False False [(0, 'std', None), (1, 'tan', Fraction(1 1.3
231 ['63/20'] ['0', '1/16'] ms=1.116210449 plus False m6 True None [(1, 'std', None)] 41.3
232 ['93/80'] ['7/32', '15/64'] ms=1.413198464 plus False m6 False False [(0, 'tan', Fraction(1, 1))] 1.3
233 ['11/10'] ['387/1000', '427/1000'] ms=1.371790070 plus False m6 False False [(0, 'tan', Fraction(1, 1)), (1, 'std',  1.3
234 ['69/20'] ['0', '1/16384'] ms=1.070529931 plus False m6 True None none 0.6
235 ['69/20'] ['0', '1/16384'] ms=1.000000000 plus False m6 True None [] 0.4
236 ['43/20'] ['0', '1/16384'] ms=1.121347448 plus False m6 True None none 0.5
237 ['21/10'] ['51/125', '413/1000'] ms=1.161047897 plus False m6 False False [(1, 'std', None), (0, 'xcut', 'hi')] 4.7
238 ['789/320'] ['7/32', '1/4'] ms=1.016040364 plus False m6 True None [(1, 'std', None), (0, 'xcut', 'hi')] 2.2
239 ['279/160'] ['51/125', '413/1000'] ms=1.078311869 plus False m6 False True [(0, 'tan', Fraction(1040145860071, 1365 1.2
240 ['23/20'] ['0', '1/2048'] ms=1.351144761 plus False m6 True None none 0.7
242 ['43/20'] ['5/16', '3/8'] ms=1.238757391 plus False m6 False True [(1, 'std', None), (0, 'xcut', 'hi')] 14.1
244 ['67/20'] ['3/16', '49/256'] ms=1.025577294 plus False m6 True None [(1, 'std', None)] 1.7
245 ['21/20'] ['0', '1/16384'] ms=1.359565936 plus False m6 True None none 0.5
246 ['51/40'] ['41/100', '9/20'] ms=1.405962014 plus False m6 False False [(0, 'tan', Fraction(1, 1)), (1, 'std',  1.3
247 ['29/10'] ['0', '1/16384'] ms=1.140668468 plus False m6 True None [(1, 'std', None)] 2.4
248 ['13/10'] ['7/32', '1/4'] ms=1.358216849 plus False m6 True None none 0.7
249 ['371/160'] ['0', '1/256'] ms=1.117020214 plus False m6 True None [(1, 'std', None)] 4.6
250 ['1'] ['0', '1/2048'] ms=1.233328718 plus False m6 True None none 0.4
251 ['55/16'] ['0', '1/2048'] ms=1.279374094 plus False m6 True None none 0.7
252 ['903/320'] ['0', '1/256'] ms=1.190228462 plus False m6 True None [(1, 'std', None)] 0.7
253 ['2'] ['0', '1/16384'] ms=1.056900835 plus False m6 False True [(0, 'std', None), (1, 'std', None), (2, 4.8
254 ['451/160'] ['0', '1/64'] ms=1.056241489 plus False m6 True None none 6.5
