container 9 points 0 segments 2076 polygons 1
total 3835229774429/50000000000 76.70459548858  == 81 - 4D: True  < 77: True
polygon [(Fraction(14, 5), Fraction(14, 5)), (Fraction(31, 5), Fraction(14, 5)), (Fraction(31, 5), Fraction(31, 5)), (Fraction(14, 5), Fraction(31, 5))] mass 289/25 area 289/25
polygon signed 2*area 578/25
segments listed more than once (as point sets): 16
  by line: {('H', Fraction(3, 1)): 4, ('H', Fraction(6, 1)): 4, ('V', Fraction(3, 1)): 4, ('V', Fraction(6, 1)): 4}
segment lengths: {Fraction(1, 5): 2076}
lines 80 [Fraction(3, 5), Fraction(4, 5), Fraction(1, 1), Fraction(6, 5), Fraction(7, 5), Fraction(8, 5), Fraction(9, 5), Fraction(2, 1), Fraction(11, 5), Fraction(12, 5), Fraction(13, 5), Fraction(14, 5), Fraction(3, 1), Fraction(16, 5), Fraction(17, 5), Fraction(18, 5), Fraction(19, 5), Fraction(4, 1), Fraction(21, 5), Fraction(22, 5), Fraction(23, 5), Fraction(24, 5), Fraction(5, 1), Fraction(26, 5), Fraction(27, 5), Fraction(28, 5), Fraction(29, 5), Fraction(6, 1), Fraction(31, 5), Fraction(32, 5), Fraction(33, 5), Fraction(34, 5), Fraction(7, 1), Fraction(36, 5), Fraction(37, 5), Fraction(38, 5), Fraction(39, 5), Fraction(8, 1), Fraction(41, 5), Fraction(42, 5)]
D4 invariance of the line measure (8 maps): True ; U = [14/5,31/5]^2 symmetric: True
  line ('H', Fraction(3, 1)) profile [('1/5', '2/5', 0.006601268135), ('2/5', '3/5', 0.28083086486), ('3/5', '4/5', 0.263623795995), ('4/5', '1', 1.91406159255), ('1', '6/5', 0.077097357315), ('6/5', '7/5', 0.49639668699), ('7/5', '8/5', 0.470427210675), ('8/5', '9/5', 0.41688509501), ('9/5', '2', 0.33639538619), ('2', '11/5', 0.185319352555), ('11/5', '12/5', 0.41418883167), ('12/5', '13/5', 0.463395215885)]
  line ('H', Fraction(6, 1)) profile [('1/5', '2/5', 0.006601268135), ('2/5', '3/5', 0.28083086486), ('3/5', '4/5', 0.263623795995), ('4/5', '1', 1.91406159255), ('1', '6/5', 0.077097357315), ('6/5', '7/5', 0.49639668699), ('7/5', '8/5', 0.470427210675), ('8/5', '9/5', 0.41688509501), ('9/5', '2', 0.33639538619), ('2', '11/5', 0.185319352555), ('11/5', '12/5', 0.41418883167), ('12/5', '13/5', 0.463395215885)]
  line ('V', Fraction(3, 1)) profile [('1/5', '2/5', 0.006601268135), ('2/5', '3/5', 0.28083086486), ('3/5', '4/5', 0.263623795995), ('4/5', '1', 1.91406159255), ('1', '6/5', 0.077097357315), ('6/5', '7/5', 0.49639668699), ('7/5', '8/5', 0.470427210675), ('8/5', '9/5', 0.41688509501), ('9/5', '2', 0.33639538619), ('2', '11/5', 0.185319352555), ('11/5', '12/5', 0.41418883167), ('12/5', '13/5', 0.463395215885)]
  line ('V', Fraction(6, 1)) profile [('1/5', '2/5', 0.006601268135), ('2/5', '3/5', 0.28083086486), ('3/5', '4/5', 0.263623795995), ('4/5', '1', 1.91406159255), ('1', '6/5', 0.077097357315), ('6/5', '7/5', 0.49639668699), ('7/5', '8/5', 0.470427210675), ('8/5', '9/5', 0.41688509501), ('9/5', '2', 0.33639538619), ('2', '11/5', 0.185319352555), ('11/5', '12/5', 0.41418883167), ('12/5', '13/5', 0.463395215885)]
header shas {'qx2_zm.py': '6294052a37ce66c5d84b55afd606e3a52f463e22b876bf44b5aa903aefb7e737', 'zm_mixed.py': '1fd203469bb43a55ca7ce376b9717437e0970eead31941ec7fa100ab24d5ba95', 'zeromargin.py': '640fe453c1a32f4aa580ca2b1261c6406923a4d7c131f65604a432c7fc2086ab', 'mixed_cover.py': 'bb89de15ecf5821dd7e1a36ebab8a50d792a406b7fb0f5cb38059f99ef74aae5', 'input': '4151d7c4059d5dcf56130c9373e6b5b60635e1a4250f46562d7ecc4d64a27801'}
argv qx2_zm.py ../runs/qx2_k4x_k008/sol_exact_box9.txt --depth 18 --nproc 15 --exact-umax 1/2 --exact-from 3 --dump-leaves --progress 200 --resume ../runs/qx2_k4x_k008/qxzm_full.jsonl
roots 16200 distinct 16200
root set == 45x45x8 grid on [0,9/2]^2 x [0,1/2]: True 16200
totals {'LEB': 683, 'CAP': 393, 'EXACT': 20577, 'EXACT0': 1424, 'EXACT45': 1392, 'AXIS': 81, 'SYM': 2676, 'PIECE': 84152, 'ADM': 0, 'P1': 0, 'MIX': 0, 'SPLIT': 0, 'EMPTY': 3890, 'UNCERT': 0, 'boxes': 214336} maxdepth 17 cpu 815343
leaf kinds from dumps {'EMPTY': 3890, 'AXIS': 81, 'PIECE': 84152, 'EXACT': 20577, 'EXACT0': 1424, 'SYM': 2676, 'EXACT45': 1392, 'CAP': 393, 'LEB': 683}
gap slabs verified inadmissible: 3030
sanity {'degenerate u EMPTY': 2805, 'degenerate u AXIS': 81}
BAD 10
   ('cover', (Fraction(3, 5), Fraction(7, 10), Fraction(13, 10), Fraction(7, 5), Fraction(5, 16), Fraction(3, 8)), ('no guillotine plane', (Fraction(3, 5), Fraction(13, 20), Fraction(13, 10), Fraction(7, 5), Fraction(5, 16), Fraction(1386916523, 4294967296)), 2))
   ('cover', (Fraction(3, 5), Fraction(7, 10), Fraction(3, 2), Fraction(8, 5), Fraction(5, 16), Fraction(3, 8)), ('no guillotine plane', (Fraction(3, 5), Fraction(13, 20), Fraction(3, 2), Fraction(8, 5), Fraction(5, 16), Fraction(1386916523, 4294967296)), 2))
   ('cover', (Fraction(3, 5), Fraction(7, 10), Fraction(17, 10), Fraction(9, 5), Fraction(5, 16), Fraction(3, 8)), ('no guillotine plane', (Fraction(3, 5), Fraction(13, 20), Fraction(17, 10), Fraction(9, 5), Fraction(5, 16), Fraction(1386916523, 4294967296)), 2))
   ('cover', (Fraction(3, 5), Fraction(7, 10), Fraction(19, 10), Fraction(2, 1), Fraction(3, 16), Fraction(1, 4)), ('no guillotine plane', (Fraction(3, 5), Fraction(7, 10), Fraction(19, 10), Fraction(2, 1), Fraction(29, 128), Fraction(31, 128)), 4))
   ('cover', (Fraction(3, 5), Fraction(7, 10), Fraction(23, 10), Fraction(12, 5), Fraction(5, 16), Fraction(3, 8)), ('no guillotine plane', (Fraction(3, 5), Fraction(13, 20), Fraction(23, 10), Fraction(12, 5), Fraction(5, 16), Fraction(1386916523, 4294967296)), 2))
   ('cover', (Fraction(3, 5), Fraction(7, 10), Fraction(5, 2), Fraction(13, 5), Fraction(5, 16), Fraction(3, 8)), ('no guillotine plane', (Fraction(3, 5), Fraction(7, 10), Fraction(5, 2), Fraction(13, 5), Fraction(5, 16), Fraction(384307168247021567, 1152921504606846976)), 4))
   ('cover', (Fraction(7, 5), Fraction(3, 2), Fraction(3, 5), Fraction(7, 10), Fraction(5, 16), Fraction(3, 8)), ('no guillotine plane', (Fraction(7, 5), Fraction(29, 20), Fraction(3, 5), Fraction(13, 20), Fraction(5, 16), Fraction(1386916523, 4294967296)), 2))
   ('cover', (Fraction(8, 5), Fraction(17, 10), Fraction(3, 5), Fraction(7, 10), Fraction(5, 16), Fraction(3, 8)), ('no guillotine plane', (Fraction(33, 20), Fraction(17, 10), Fraction(3, 5), Fraction(13, 20), Fraction(5, 16), Fraction(1386916523, 4294967296)), 2))
   ('cover', (Fraction(11, 5), Fraction(23, 10), Fraction(3, 5), Fraction(7, 10), Fraction(5, 16), Fraction(3, 8)), ('no guillotine plane', (Fraction(9, 4), Fraction(23, 10), Fraction(3, 5), Fraction(13, 20), Fraction(5, 16), Fraction(1386916523, 4294967296)), 2))
   ('cover', (Fraction(12, 5), Fraction(5, 2), Fraction(3, 5), Fraction(7, 10), Fraction(5, 16), Fraction(3, 8)), ('no guillotine plane', (Fraction(49, 20), Fraction(5, 2), Fraction(3, 5), Fraction(13, 20), Fraction(5, 16), Fraction(1386916523, 4294967296)), 2))
