27 corners
('3/2', '5/2', -1, '307692307790593348354594544669006801/307692307692307692000000000000000000', 3.194283831524323e-10, '1', '3/5', 0, 3721)
('3/2', '7/2', 1, '307692307790593348354594544669006801/307692307692307692000000000000000000', 3.194283831524323e-10, '1', '-3/5', 0, 3721)
('3/2', '7/2', -1, '307692307790593348354594544669006801/307692307692307692000000000000000000', 3.194283831524323e-10, '1', '3/5', 0, 3721)
('3/2', '29/10', 1, '1333333333759269355873550076579029471/1333333333333333332000000000000000000', 3.1945201790516254e-10, '1', '3/5', 0, 3721)
('3/2', '31/10', -1, '1333333333759269355873550076579029471/1333333333333333332000000000000000000', 3.1945201790516254e-10, '1', '-3/5', 0, 3721)
('3/2', '29/10', -1, '363636363753772172687625222972462583/363636363636363636000000000000000000', 3.228734758909694e-10, '1', '-3/5', 0, 3721)
('3/2', '31/10', 1, '363636363753772172687625222972462583/363636363636363636000000000000000000', 3.228734758909694e-10, '1', '3/5', 0, 3721)
('3/2', '27/10', -1, '210526315858167354395406152078794127/210526315789473684000000000000000000', 3.262949343781792e-10, '1', '-3/5', 0, 3721)
('3/2', '33/10', 1, '210526315858167354395406152078794127/210526315789473684000000000000000000', 3.262949343781792e-10, '1', '3/5', 0, 3721)
('3/2', '27/10', 1, '444444444589474919369319716966343157/444444444444444444000000000000000000', 3.263185695809694e-10, '1', '3/5', 0, 3721)
('3/2', '33/10', -1, '444444444589474919369319716966343157/444444444444444444000000000000000000', 3.263185695809694e-10, '1', '-3/5', 0, 3721)
('1/2', '29/10', -1, '26666666677928156106280127767134334023685076557/26666666666666666640000000000000000000000000000', 4.223058549855048e-10, '1', '-7/10', 0, 1281)
('1/2', '31/10', 1, '26666666677928156106280127767134334023685076557/26666666666666666640000000000000000000000000000', 4.223058549855048e-10, '1', '7/10', 0, 1281)
('1/2', '5/2', 1, '26666666677937528922695616605944337113675073467/26666666666666666640000000000000000000000000000', 4.226573356010856e-10, '1', '7/10', 0, 1281)
('1/2', '7/2', 1, '26666666677937528922695616605944337113675073467/26666666666666666640000000000000000000000000000', 4.226573356010856e-10, '1', '7/10', 0, 1281)
('1/2', '7/2', -1, '26666666677937528922695616605944337113675073467/26666666666666666640000000000000000000000000000', 4.226573356010856e-10, '1', '-7/10', 0, 1281)
('1/2', '29/10', 1, '66666666694933693927589474428221041465494151653/66666666666666666600000000000000000000000000000', 4.240054099138421e-10, '1', '7/10', 0, 1281)
('1/2', '31/10', -1, '66666666694933693927589474428221041465494151653/66666666666666666600000000000000000000000000000', 4.240054099138421e-10, '1', '-7/10', 0, 1281)
('1/2', '27/10', 1, '26666666678110633889671184695134334023685076557/26666666666666666640000000000000000000000000000', 4.291487718626694e-10, '1', '-1/10', 0, 1281)
('1/2', '33/10', -1, '26666666678110633889671184695134334023685076557/26666666666666666640000000000000000000000000000', 4.291487718626694e-10, '1', '1/10', 0, 1281)
('1/2', '27/10', -1, '80000000034363801686260020601833011341025220401/79999999999999999920000000000000000000000000000', 4.2954752207825024e-10, '1', '1/10', 0, 1281)
('1/2', '33/10', 1, '80000000034363801686260020601833011341025220401/79999999999999999920000000000000000000000000000', 4.2954752207825024e-10, '1', '-1/10', 0, 1281)
('3/2', '5/2', 1, '100000000043572789479961596030797258891/99999999999999999900000000000000000000', 4.3572789579961594e-10, '1', '9/10', 0, 3721)
('3/2', '3/2', 1, '250000000126742211891024560063776844085085765379/249999999999999999750000000000000000000000000000', 5.069688485640982e-10, '1', '1/5', 0, 3721)
('3/2', '3/2', -1, '250000000126742211891024560063776844085085765379/249999999999999999750000000000000000000000000000', 5.069688485640982e-10, '1/5', '1', 0, 3721)
('3/2', '23/10', 1, '1000000000561714099236892832423216835143/999999999999999999000000000000000000000', 5.617141002368928e-10, '1', '3/5', 0, 3721)
('1/2', '5/2', -1, '36363636384528059107741303104880780379126382173/36363636363636363600000000000000000000000000000', 5.745216264628859e-10, '1', '-3/10', 0, 1281)
